Archive member included to satisfy reference by file (symbol)

.\CortexM3\ARM_GCC_541\Debug\ASSIGNMENT_finale_4.a(UART.o)
                              .\CortexM3\ARM_GCC_541\Debug\main.o (UART_Start)
.\CortexM3\ARM_GCC_541\Debug\ASSIGNMENT_finale_4.a(isr_RX.o)
                              .\CortexM3\ARM_GCC_541\Debug\main.o (isr_RX_StartEx)
.\CortexM3\ARM_GCC_541\Debug\ASSIGNMENT_finale_4.a(PWM.o)
                              .\CortexM3\ARM_GCC_541\Debug\main.o (PWM_Start)
.\CortexM3\ARM_GCC_541\Debug\ASSIGNMENT_finale_4.a(UART_IntClock.o)
                              .\CortexM3\ARM_GCC_541\Debug\ASSIGNMENT_finale_4.a(UART.o) (UART_IntClock_Start)
.\CortexM3\ARM_GCC_541\Debug\ASSIGNMENT_finale_4.a(CyLib.o)
                              .\CortexM3\ARM_GCC_541\Debug\Cm3Start.o (CyHalt)
.\CortexM3\ARM_GCC_541\Debug\ASSIGNMENT_finale_4.a(cyPm.o)
                              .\CortexM3\ARM_GCC_541\Debug\ASSIGNMENT_finale_4.a(CyLib.o) (CyPmReadStatus)
.\CortexM3\ARM_GCC_541\Debug\ASSIGNMENT_finale_4.a(Timer_PB.o)
                              .\CortexM3\ARM_GCC_541\Debug\InterruptRoutines.o (Timer_PB_Stop)
.\CortexM3\ARM_GCC_541\Debug\ASSIGNMENT_finale_4.a(ISR_PB_LOW.o)
                              .\CortexM3\ARM_GCC_541\Debug\main.o (ISR_PB_LOW_StartEx)
.\CortexM3\ARM_GCC_541\Debug\ASSIGNMENT_finale_4.a(ISR_PB_HIGH.o)
                              .\CortexM3\ARM_GCC_541\Debug\main.o (ISR_PB_HIGH_StartEx)
.\CortexM3\ARM_GCC_541\Debug\ASSIGNMENT_finale_4.a(CyBootAsmGnu.o)
                              .\CortexM3\ARM_GCC_541\Debug\cyfitter_cfg.o (CyDelayCycles)
.\CortexM3\ARM_GCC_541\Debug\ASSIGNMENT_finale_4.a(CyFlash.o)
                              .\CortexM3\ARM_GCC_541\Debug\ASSIGNMENT_finale_4.a(cyPm.o) (CyFlash_SetWaitCycles)
.\CortexM3\ARM_GCC_541\Debug\ASSIGNMENT_finale_4.a(CySpc.o)
                              .\CortexM3\ARM_GCC_541\Debug\ASSIGNMENT_finale_4.a(CyFlash.o) (CySpcStart)
c:/program files/cypress/psoc creator/4.3/psoc creator/import/gnu/arm/5.4.1/bin/../lib/gcc/arm-none-eabi/5.4.1/../../../../arm-none-eabi/lib/armv7-m\libg_nano.a(lib_a-errno.o)
                              .\CortexM3\ARM_GCC_541\Debug\Cm3Start.o (__errno)
c:/program files/cypress/psoc creator/4.3/psoc creator/import/gnu/arm/5.4.1/bin/../lib/gcc/arm-none-eabi/5.4.1/../../../../arm-none-eabi/lib/armv7-m\libg_nano.a(lib_a-exit.o)
                              c:/program files/cypress/psoc creator/4.3/psoc creator/import/gnu/arm/5.4.1/bin/../lib/gcc/arm-none-eabi/5.4.1/../../../../arm-none-eabi/lib/armv7-m/crt0.o (exit)
c:/program files/cypress/psoc creator/4.3/psoc creator/import/gnu/arm/5.4.1/bin/../lib/gcc/arm-none-eabi/5.4.1/../../../../arm-none-eabi/lib/armv7-m\libg_nano.a(lib_a-impure.o)
                              c:/program files/cypress/psoc creator/4.3/psoc creator/import/gnu/arm/5.4.1/bin/../lib/gcc/arm-none-eabi/5.4.1/../../../../arm-none-eabi/lib/armv7-m\libg_nano.a(lib_a-exit.o) (_global_impure_ptr)
c:/program files/cypress/psoc creator/4.3/psoc creator/import/gnu/arm/5.4.1/bin/../lib/gcc/arm-none-eabi/5.4.1/../../../../arm-none-eabi/lib/armv7-m\libg_nano.a(lib_a-init.o)
                              c:/program files/cypress/psoc creator/4.3/psoc creator/import/gnu/arm/5.4.1/bin/../lib/gcc/arm-none-eabi/5.4.1/../../../../arm-none-eabi/lib/armv7-m/crt0.o (__libc_init_array)
c:/program files/cypress/psoc creator/4.3/psoc creator/import/gnu/arm/5.4.1/bin/../lib/gcc/arm-none-eabi/5.4.1/../../../../arm-none-eabi/lib/armv7-m\libg_nano.a(lib_a-memcpy-stub.o)
                              .\CortexM3\ARM_GCC_541\Debug\cyfitter_cfg.o (memcpy)
c:/program files/cypress/psoc creator/4.3/psoc creator/import/gnu/arm/5.4.1/bin/../lib/gcc/arm-none-eabi/5.4.1/../../../../arm-none-eabi/lib/armv7-m\libg_nano.a(lib_a-memset.o)
                              c:/program files/cypress/psoc creator/4.3/psoc creator/import/gnu/arm/5.4.1/bin/../lib/gcc/arm-none-eabi/5.4.1/../../../../arm-none-eabi/lib/armv7-m/crt0.o (memset)
c:/program files/cypress/psoc creator/4.3/psoc creator/import/gnu/arm/5.4.1/bin/../lib/gcc/arm-none-eabi/5.4.1/../../../../arm-none-eabi/lib/armv7-m\libg_nano.a(lib_a-sprintf.o)
                              .\CortexM3\ARM_GCC_541\Debug\InterruptRoutines.o (sprintf)
c:/program files/cypress/psoc creator/4.3/psoc creator/import/gnu/arm/5.4.1/bin/../lib/gcc/arm-none-eabi/5.4.1/../../../../arm-none-eabi/lib/armv7-m\libg_nano.a(lib_a-nano-svfprintf.o)
                              c:/program files/cypress/psoc creator/4.3/psoc creator/import/gnu/arm/5.4.1/bin/../lib/gcc/arm-none-eabi/5.4.1/../../../../arm-none-eabi/lib/armv7-m\libg_nano.a(lib_a-sprintf.o) (_svfprintf_r)
c:/program files/cypress/psoc creator/4.3/psoc creator/import/gnu/arm/5.4.1/bin/../lib/gcc/arm-none-eabi/5.4.1/../../../../arm-none-eabi/lib/armv7-m\libg_nano.a(lib_a-nano-vfprintf_i.o)
[...]
Memory Configuration

Name             Origin             Length             Attributes
rom              0x00000000         0x00040000         xr
ram              0x1fff8000         0x00010000         xrw
*default*        0x00000000         0xffffffff

Linker script and memory map

LOAD c:/program files/cypress/psoc creator/4.3/psoc creator/import/gnu/arm/5.4.1/bin/../lib/gcc/arm-none-eabi/5.4.1/armv7-m/crti.o
LOAD c:/program files/cypress/psoc creator/4.3/psoc creator/import/gnu/arm/5.4.1/bin/../lib/gcc/arm-none-eabi/5.4.1/armv7-m/crtbegin.o
LOAD c:/program files/cypress/psoc creator/4.3/psoc creator/import/gnu/arm/5.4.1/bin/../lib/gcc/arm-none-eabi/5.4.1/../../../../arm-none-eabi/lib/armv7-m/crt0.o
START GROUP
LOAD .\CortexM3\ARM_GCC_541\Debug\main.o
LOAD .\CortexM3\ARM_GCC_541\Debug\InterruptRoutines.o
LOAD .\CortexM3\ARM_GCC_541\Debug\Pages.o
LOAD .\CortexM3\ARM_GCC_541\Debug\cyfitter_cfg.o
LOAD .\CortexM3\ARM_GCC_541\Debug\cymetadata.o
LOAD .\CortexM3\ARM_GCC_541\Debug\Cm3Start.o
LOAD .\CortexM3\ARM_GCC_541\Debug\ASSIGNMENT_finale_4.a
LOAD C:\Program Files\Cypress\PSoC Creator\4.3\PSoC Creator\psoc\content\cycomponentlibrary\CyComponentLibrary.cylib\CortexM3\ARM_GCC_541\Debug\CyComponentLibrary.a
END GROUP
START GROUP
LOAD c:/program files/cypress/psoc creator/4.3/psoc creator/import/gnu/arm/5.4.1/bin/../lib/gcc/arm-none-eabi/5.4.1/armv7-m\libgcc.a
LOAD c:/program files/cypress/psoc creator/4.3/psoc creator/import/gnu/arm/5.4.1/bin/../lib/gcc/arm-none-eabi/5.4.1/../../../../arm-none-eabi/lib/armv7-m\libg_nano.a
LOAD c:/program files/cypress/psoc creator/4.3/psoc creator/import/gnu/arm/5.4.1/bin/../lib/gcc/arm-none-eabi/5.4.1/../../../../arm-none-eabi/lib/armv7-m\libc_nano.a
END GROUP
START GROUP
LOAD c:/program files/cypress/psoc creator/4.3/psoc creator/import/gnu/arm/5.4.1/bin/../lib/gcc/arm-none-eabi/5.4.1/armv7-m\libgcc.a
LOAD c:/program files/cypress/psoc creator/4.3/psoc creator/import/gnu/arm/5.4.1/bin/../lib/gcc/arm-none-eabi/5.4.1/../../../../arm-none-eabi/lib/armv7-m\libc_nano.a
END GROUP
LOAD c:/program files/cypress/psoc creator/4.3/psoc creator/import/gnu/arm/5.4.1/bin/../lib/gcc/arm-none-eabi/5.4.1/armv7-m/crtend.o
LOAD c:/program files/cypress/psoc creator/4.3/psoc creator/import/gnu/arm/5.4.1/bin/../lib/gcc/arm-none-eabi/5.4.1/armv7-m/crtn.o
START GROUP
LOAD c:/program files/cypress/psoc creator/4.3/psoc creator/import/gnu/arm/5.4.1/bin/../lib/gcc/arm-none-eabi/5.4.1/armv7-m\libgcc.a
LOAD c:/program files/cypress/psoc creator/4.3/psoc creator/import/gnu/arm/5.4.1/bin/../lib/gcc/arm-none-eabi/5.4.1/../../../../arm-none-eabi/lib/armv7-m\libc.a
LOAD c:/program files/cypress/psoc creator/4.3/psoc creator/import/gnu/arm/5.4.1/bin/../lib/gcc/arm-none-eabi/5.4.1/../../../../arm-none-eabi/lib/armv7-m\libnosys.a
END GROUP
                0x00000000                CY_APPL_ORIGIN = 0x0
                0x00000100                CY_FLASH_ROW_SIZE = 0x100
                0x00000020                CY_ECC_ROW_SIZE = 0x20
                0x00000000                CY_EE_IN_BTLDR = 0x0
                0x00000000                CY_APPL_LOADABLE = 0x0
                0x00000800                CY_EE_SIZE = 0x800
                0x00000001                CY_APPL_NUM = 0x1
                0x00000001                CY_APPL_MAX = 0x1
                0x00000040                CY_METADATA_SIZE = 0x40
                0x00000000                CY_APPL_LOADABLE = 0x0
                0x00000000                CY_CHECKSUM_EXCLUDE_SIZE = ALIGN (0x0, CY_FLASH_ROW_SIZE)
                [!provide]                PROVIDE (__cy_heap_start, _end)
                0x00000001                PROVIDE (__cy_region_num, ((__cy_regions_end - __cy_regions) / 0x10))
                0x20008000                PROVIDE (__cy_stack, (ORIGIN (ram) + LENGTH (ram)))
                [!provide]                PROVIDE (__cy_heap_end, (__cy_stack - 0x800))

.cybootloader   0x00000000        0x0
 *(.cybootloader)
                0x00000000                appl1_start = CY_APPL_ORIGIN?CY_APPL_ORIGIN:ALIGN (CY_FLASH_ROW_SIZE)
                0x0001ff00                appl2_start = (appl1_start + ALIGN ((((LENGTH (rom) - appl1_start) - (0x2 * CY_FLASH_ROW_SIZE)) / 0x2), CY_FLASH_ROW_SIZE))
                0x00000000                appl_start = (CY_APPL_NUM == 0x1)?appl1_start:appl2_start
                0x00000000                ecc_offset = ((appl_start / CY_FLASH_ROW_SIZE) * CY_ECC_ROW_SIZE)
                0x00000000                ee_offset = (CY_APPL_LOADABLE && ! (CY_EE_IN_BTLDR))?((CY_EE_SIZE / CY_APPL_MAX) * (CY_APPL_NUM - 0x1)):0x0
                0x00000800                ee_size = (CY_APPL_LOADABLE && ! (CY_EE_IN_BTLDR))?(CY_EE_SIZE / CY_APPL_MAX):CY_EE_SIZE
                [!provide]                PROVIDE (CY_ECC_OFFSET, ecc_offset)

.text           0x00000000     0x1830
 CREATE_OBJECT_SYMBOLS
                0x00000000                PROVIDE (__cy_interrupt_vector, RomVectors)
 *(.romvectors)
 .romvectors    0x00000000       0x10 .\CortexM3\ARM_GCC_541\Debug\Cm3Start.o
                0x00000000                RomVectors
                0x00000001                ASSERT ((. != __cy_interrupt_vector), No interrupt vector)
                0x00000001                ASSERT (CY_APPL_ORIGIN?(SIZEOF (.cybootloader) <= CY_APPL_ORIGIN):0x1, Wrong image location)
                0x00000010                PROVIDE (__cy_reset, Reset)
 *(.text.Reset)
 .text.Reset    0x00000010       0x18 .\CortexM3\ARM_GCC_541\Debug\Cm3Start.o
                0x00000010                Reset
                0x00000001                ASSERT ((. != __cy_reset), No reset code)
 *(.dma_init)
                0x00000001                ASSERT ((((appl_start + .) <= 0x10000) || 0x1), DMA Init must be within the first 64k of flash)
 *(.text .text.* .gnu.linkonce.t.*)
 .text          0x00000028       0x5c c:/program files/cypress/psoc creator/4.3/psoc creator/import/gnu/arm/5.4.1/bin/../lib/gcc/arm-none-eabi/5.4.1/armv7-m/crtbegin.o
 .text.main     0x00000084       0x98 .\CortexM3\ARM_GCC_541\Debug\main.o
                0x00000084                main
 .text.Custom_ISR_RX
                0x0000011c      0x2e4 .\CortexM3\ARM_GCC_541\Debug\InterruptRoutines.o
                0x0000011c                Custom_ISR_RX
 .text.ISR_PB_LOW
                0x00000400       0x14 .\CortexM3\ARM_GCC_541\Debug\InterruptRoutines.o
                0x00000400                ISR_PB_LOW
 .text.ISR_PB_HIGH
                0x00000414       0x94 .\CortexM3\ARM_GCC_541\Debug\InterruptRoutines.o
                0x00000414                ISR_PB_HIGH
 .text.WELCOME  0x000004a8      0x16c .\CortexM3\ARM_GCC_541\Debug\Pages.o
                0x000004a8                WELCOME
 .text.INFO     0x00000614      0x130 .\CortexM3\ARM_GCC_541\Debug\Pages.o
                0x00000614                INFO
 .text.PB_INFO  0x00000744       0x84 .\CortexM3\ARM_GCC_541\Debug\Pages.o
                0x00000744                PB_INFO
 .text.CyClockStartupError
                0x000007c8        0x4 .\CortexM3\ARM_GCC_541\Debug\cyfitter_cfg.o
 .text.cfg_write_bytes32
                0x000007cc       0x34 .\CortexM3\ARM_GCC_541\Debug\cyfitter_cfg.o
 .text.AnalogSetDefault
                0x00000800       0x30 .\CortexM3\ARM_GCC_541\Debug\cyfitter_cfg.o
 .text.CYMEMZERO
                0x00000830        0xc .\CortexM3\ARM_GCC_541\Debug\cyfitter_cfg.o
 .text.CYCONFIGCPY
                0x0000083c        0x8 .\CortexM3\ARM_GCC_541\Debug\cyfitter_cfg.o
 .text.ClockSetup
                0x00000844      0x120 .\CortexM3\ARM_GCC_541\Debug\cyfitter_cfg.o
 .text.cyfitter_cfg
                0x00000964      0x13c .\CortexM3\ARM_GCC_541\Debug\cyfitter_cfg.o
                0x00000964                cyfitter_cfg
 .text.IntDefaultHandler
                0x00000aa0       0x10 .\CortexM3\ARM_GCC_541\Debug\Cm3Start.o
                0x00000aa0                IntDefaultHandler
 .text._sbrk    0x00000ab0       0x30 .\CortexM3\ARM_GCC_541\Debug\Cm3Start.o
                0x00000ab0                _sbrk
 .text.Start_c  0x00000ae0       0x4c .\CortexM3\ARM_GCC_541\Debug\Cm3Start.o
                0x00000ae0                Start_c
 .text.initialize_psoc
                0x00000b2c       0x68 .\CortexM3\ARM_GCC_541\Debug\Cm3Start.o
                0x00000b2c                initialize_psoc
 .text.UART_Init
                0x00000b94       0x28 .\CortexM3\ARM_GCC_541\Debug\ASSIGNMENT_finale_4.a(UART.o)
                0x00000b94                UART_Init
 .text.UART_Enable
                0x00000bbc       0x38 .\CortexM3\ARM_GCC_541\Debug\ASSIGNMENT_finale_4.a(UART.o)
                0x00000bbc                UART_Enable
 .text.UART_Start
                0x00000bf4       0x1c .\CortexM3\ARM_GCC_541\Debug\ASSIGNMENT_finale_4.a(UART.o)
                0x00000bf4                UART_Start
 .text.UART_GetChar
                0x00000c10       0x2c .\CortexM3\ARM_GCC_541\Debug\ASSIGNMENT_finale_4.a(UART.o)
                0x00000c10                UART_GetChar
 .text.UART_PutChar
                0x00000c3c       0x18 .\CortexM3\ARM_GCC_541\Debug\ASSIGNMENT_finale_4.a(UART.o)
                0x00000c3c                UART_PutChar
 .text.UART_PutString
                0x00000c54       0x24 .\CortexM3\ARM_GCC_541\Debug\ASSIGNMENT_finale_4.a(UART.o)
                0x00000c54                UART_PutString
 .text.isr_RX_SetVector
                0x00000c78        0xc .\CortexM3\ARM_GCC_541\Debug\ASSIGNMENT_finale_4.a(isr_RX.o)
                0x00000c78                isr_RX_SetVector
 .text.isr_RX_SetPriority
                0x00000c84       0x10 .\CortexM3\ARM_GCC_541\Debug\ASSIGNMENT_finale_4.a(isr_RX.o)
                0x00000c84                isr_RX_SetPriority
 .text.isr_RX_Enable
                0x00000c94        0xc .\CortexM3\ARM_GCC_541\Debug\ASSIGNMENT_finale_4.a(isr_RX.o)
                0x00000c94                isr_RX_Enable
 .text.isr_RX_Disable
                0x00000ca0        0xc .\CortexM3\ARM_GCC_541\Debug\ASSIGNMENT_finale_4.a(isr_RX.o)
                0x00000ca0                isr_RX_Disable
 .text.isr_RX_StartEx
                0x00000cac       0x1c .\CortexM3\ARM_GCC_541\Debug\ASSIGNMENT_finale_4.a(isr_RX.o)
                0x00000cac                isr_RX_StartEx
 .text.PWM_Enable
                0x00000cc8       0x10 .\CortexM3\ARM_GCC_541\Debug\ASSIGNMENT_finale_4.a(PWM.o)
                0x00000cc8                PWM_Enable
 .text.PWM_WriteCounter
                0x00000cd8        0xc .\CortexM3\ARM_GCC_541\Debug\ASSIGNMENT_finale_4.a(PWM.o)
                0x00000cd8                PWM_WriteCounter
 .text.PWM_WritePeriod
                0x00000ce4        0xc .\CortexM3\ARM_GCC_541\Debug\ASSIGNMENT_finale_4.a(PWM.o)
                0x00000ce4                PWM_WritePeriod
 .text.PWM_WriteCompare1
                0x00000cf0        0xc .\CortexM3\ARM_GCC_541\Debug\ASSIGNMENT_finale_4.a(PWM.o)
                0x00000cf0                PWM_WriteCompare1
 .text.PWM_WriteCompare2
                0x00000cfc        0xc .\CortexM3\ARM_GCC_541\Debug\ASSIGNMENT_finale_4.a(PWM.o)
                0x00000cfc                PWM_WriteCompare2
 .text.PWM_SetInterruptMode
                0x00000d08        0xc .\CortexM3\ARM_GCC_541\Debug\ASSIGNMENT_finale_4.a(PWM.o)
                0x00000d08                PWM_SetInterruptMode
 .text.PWM_ReadStatusRegister
                0x00000d14        0xc .\CortexM3\ARM_GCC_541\Debug\ASSIGNMENT_finale_4.a(PWM.o)
                0x00000d14                PWM_ReadStatusRegister
 .text.PWM_ReadCapture
                0x00000d20        0xc .\CortexM3\ARM_GCC_541\Debug\ASSIGNMENT_finale_4.a(PWM.o)
                0x00000d20                PWM_ReadCapture
 .text.PWM_ClearFIFO
                0x00000d2c       0x14 .\CortexM3\ARM_GCC_541\Debug\ASSIGNMENT_finale_4.a(PWM.o)
                0x00000d2c                PWM_ClearFIFO
 .text.PWM_Init
                0x00000d40       0x58 .\CortexM3\ARM_GCC_541\Debug\ASSIGNMENT_finale_4.a(PWM.o)
                0x00000d40                PWM_Init
 .text.PWM_Start
                0x00000d98       0x1c .\CortexM3\ARM_GCC_541\Debug\ASSIGNMENT_finale_4.a(PWM.o)
                0x00000d98                PWM_Start
 .text.UART_IntClock_Start
                0x00000db4       0x1c .\CortexM3\ARM_GCC_541\Debug\ASSIGNMENT_finale_4.a(UART_IntClock.o)
                0x00000db4                UART_IntClock_Start
 .text.Timer_PB_Enable
                0x00000dd0       0x10 .\CortexM3\ARM_GCC_541\Debug\ASSIGNMENT_finale_4.a(Timer_PB.o)
                0x00000dd0                Timer_PB_Enable
 .text.Timer_PB_Stop
                0x00000de0       0x10 .\CortexM3\ARM_GCC_541\Debug\ASSIGNMENT_finale_4.a(Timer_PB.o)
                0x00000de0                Timer_PB_Stop
 .text.Timer_PB_SetInterruptMode
                0x00000df0        0xc .\CortexM3\ARM_GCC_541\Debug\ASSIGNMENT_finale_4.a(Timer_PB.o)
                0x00000df0                Timer_PB_SetInterruptMode
 .text.Timer_PB_ReadStatusRegister
                0x00000dfc        0xc .\CortexM3\ARM_GCC_541\Debug\ASSIGNMENT_finale_4.a(Timer_PB.o)
                0x00000dfc                Timer_PB_ReadStatusRegister
 .text.Timer_PB_WritePeriod
                0x00000e08        0xc .\CortexM3\ARM_GCC_541\Debug\ASSIGNMENT_finale_4.a(Timer_PB.o)
                0x00000e08                Timer_PB_WritePeriod
 .text.Timer_PB_ReadCapture
                0x00000e14        0xc .\CortexM3\ARM_GCC_541\Debug\ASSIGNMENT_finale_4.a(Timer_PB.o)
                0x00000e14                Timer_PB_ReadCapture
 .text.Timer_PB_WriteCounter
                0x00000e20        0xc .\CortexM3\ARM_GCC_541\Debug\ASSIGNMENT_finale_4.a(Timer_PB.o)
                0x00000e20                Timer_PB_WriteCounter
 .text.Timer_PB_ReadCounter
                0x00000e2c       0x14 .\CortexM3\ARM_GCC_541\Debug\ASSIGNMENT_finale_4.a(Timer_PB.o)
                0x00000e2c                Timer_PB_ReadCounter
 .text.Timer_PB_ClearFIFO
                0x00000e40       0x14 .\CortexM3\ARM_GCC_541\Debug\ASSIGNMENT_finale_4.a(Timer_PB.o)
                0x00000e40                Timer_PB_ClearFIFO
 .text.Timer_PB_Init
                0x00000e54       0x34 .\CortexM3\ARM_GCC_541\Debug\ASSIGNMENT_finale_4.a(Timer_PB.o)
                0x00000e54                Timer_PB_Init
 .text.Timer_PB_Start
                0x00000e88       0x1c .\CortexM3\ARM_GCC_541\Debug\ASSIGNMENT_finale_4.a(Timer_PB.o)
                0x00000e88                Timer_PB_Start
 .text.ISR_PB_LOW_SetVector
                0x00000ea4        0xc .\CortexM3\ARM_GCC_541\Debug\ASSIGNMENT_finale_4.a(ISR_PB_LOW.o)
                0x00000ea4                ISR_PB_LOW_SetVector
 .text.ISR_PB_LOW_SetPriority
                0x00000eb0       0x10 .\CortexM3\ARM_GCC_541\Debug\ASSIGNMENT_finale_4.a(ISR_PB_LOW.o)
                0x00000eb0                ISR_PB_LOW_SetPriority
 .text.ISR_PB_LOW_Enable
                0x00000ec0        0xc .\CortexM3\ARM_GCC_541\Debug\ASSIGNMENT_finale_4.a(ISR_PB_LOW.o)
                0x00000ec0                ISR_PB_LOW_Enable
 .text.ISR_PB_LOW_Disable
                0x00000ecc        0xc .\CortexM3\ARM_GCC_541\Debug\ASSIGNMENT_finale_4.a(ISR_PB_LOW.o)
                0x00000ecc                ISR_PB_LOW_Disable
 .text.ISR_PB_LOW_StartEx
                0x00000ed8       0x1c .\CortexM3\ARM_GCC_541\Debug\ASSIGNMENT_finale_4.a(ISR_PB_LOW.o)
                0x00000ed8                ISR_PB_LOW_StartEx
 .text.ISR_PB_HIGH_SetVector
                0x00000ef4        0xc .\CortexM3\ARM_GCC_541\Debug\ASSIGNMENT_finale_4.a(ISR_PB_HIGH.o)
                0x00000ef4                ISR_PB_HIGH_SetVector
 .text.ISR_PB_HIGH_SetPriority
                0x00000f00       0x10 .\CortexM3\ARM_GCC_541\Debug\ASSIGNMENT_finale_4.a(ISR_PB_HIGH.o)
                0x00000f00                ISR_PB_HIGH_SetPriority
 .text.ISR_PB_HIGH_Enable
                0x00000f10        0xc .\CortexM3\ARM_GCC_541\Debug\ASSIGNMENT_finale_4.a(ISR_PB_HIGH.o)
                0x00000f10                ISR_PB_HIGH_Enable
 .text.ISR_PB_HIGH_Disable
                0x00000f1c        0xc .\CortexM3\ARM_GCC_541\Debug\ASSIGNMENT_finale_4.a(ISR_PB_HIGH.o)
                0x00000f1c                ISR_PB_HIGH_Disable
 .text.ISR_PB_HIGH_StartEx
                0x00000f28       0x1c .\CortexM3\ARM_GCC_541\Debug\ASSIGNMENT_finale_4.a(ISR_PB_HIGH.o)
                0x00000f28                ISR_PB_HIGH_StartEx
 *fill*         0x00000f44        0x4 
 .text          0x00000f48       0x20 .\CortexM3\ARM_GCC_541\Debug\ASSIGNMENT_finale_4.a(CyBootAsmGnu.o)
                0x00000f48                CyDelayCycles
                0x00000f58                CyEnterCriticalSection
                0x00000f60                CyExitCriticalSection
 .text.__errno  0x00000f68        0xc c:/program files/cypress/psoc creator/4.3/psoc creator/import/gnu/arm/5.4.1/bin/../lib/gcc/arm-none-eabi/5.4.1/../../../../arm-none-eabi/lib/armv7-m\libg_nano.a(lib_a-errno.o)
                0x00000f68                __errno
 .text.__libc_init_array
                0x00000f74       0x4c c:/program files/cypress/psoc creator/4.3/psoc creator/import/gnu/arm/5.4.1/bin/../lib/gcc/arm-none-eabi/5.4.1/../../../../arm-none-eabi/lib/armv7-m\libg_nano.a(lib_a-init.o)
                0x00000f74                __libc_init_array
 .text.memcpy   0x00000fc0       0x16 c:/program files/cypress/psoc creator/4.3/psoc creator/import/gnu/arm/5.4.1/bin/../lib/gcc/arm-none-eabi/5.4.1/../../../../arm-none-eabi/lib/armv7-m\libg_nano.a(lib_a-memcpy-stub.o)
                0x00000fc0                memcpy
 .text.memset   0x00000fd6       0x10 c:/program files/cypress/psoc creator/4.3/psoc creator/import/gnu/arm/5.4.1/bin/../lib/gcc/arm-none-eabi/5.4.1/../../../../arm-none-eabi/lib/armv7-m\libg_nano.a(lib_a-memset.o)
                0x00000fd6                memset
 *fill*         0x00000fe6        0x2 
 .text.sprintf  0x00000fe8       0x48 c:/program files/cypress/psoc creator/4.3/psoc creator/import/gnu/arm/5.4.1/bin/../lib/gcc/arm-none-eabi/5.4.1/../../../../arm-none-eabi/lib/armv7-m\libg_nano.a(lib_a-sprintf.o)
                0x00000fe8                siprintf
                0x00000fe8                sprintf
 .text.__ssputs_r
                0x00001030       0xb2 c:/program files/cypress/psoc creator/4.3/psoc creator/import/gnu/arm/5.4.1/bin/../lib/gcc/arm-none-eabi/5.4.1/../../../../arm-none-eabi/lib/armv7-m\libg_nano.a(lib_a-nano-svfprintf.o)
                0x00001030                __ssputs_r
 *fill*         0x000010e2        0x2 
 .text._svfprintf_r
                0x000010e4      0x1e8 c:/program files/cypress/psoc creator/4.3/psoc creator/import/gnu/arm/5.4.1/bin/../lib/gcc/arm-none-eabi/5.4.1/../../../../arm-none-eabi/lib/armv7-m\libg_nano.a(lib_a-nano-svfprintf.o)
                0x000010e4                _svfiprintf_r
                0x000010e4                _svfprintf_r
 .text._printf_common
                0x000012cc       0xec c:/program files/cypress/psoc creator/4.3/psoc creator/import/gnu/arm/5.4.1/bin/../lib/gcc/arm-none-eabi/5.4.1/../../../../arm-none-eabi/lib/armv7-m\libg_nano.a(lib_a-nano-vfprintf_i.o)
                0x000012cc                _printf_common
 .text._printf_i
                0x000013b8      0x24c c:/program files/cypress/psoc creator/4.3/psoc creator/import/gnu/arm/5.4.1/bin/../lib/gcc/arm-none-eabi/5.4.1/../../../../arm-none-eabi/lib/armv7-m\libg_nano.a(lib_a-nano-vfprintf_i.o)
                0x000013b8                _printf_i
 .text.memchr   0x00001604       0x1c c:/program files/cypress/psoc creator/4.3/psoc creator/import/gnu/arm/5.4.1/bin/../lib/gcc/arm-none-eabi/5.4.1/../../../../arm-none-eabi/lib/armv7-m\libg_nano.a(lib_a-memchr-stub.o)
                0x00001604                memchr
 .text.memmove  0x00001620       0x36 c:/program files/cypress/psoc creator/4.3/psoc creator/import/gnu/arm/5.4.1/bin/../lib/gcc/arm-none-eabi/5.4.1/../../../../arm-none-eabi/lib/armv7-m\libg_nano.a(lib_a-memmove.o)
                0x00001620                memmove
 *fill*         0x00001656        0x2 
 .text._free_r  0x00001658       0x98 c:/program files/cypress/psoc creator/4.3/psoc creator/import/gnu/arm/5.4.1/bin/../lib/gcc/arm-none-eabi/5.4.1/../../../../arm-none-eabi/lib/armv7-m\libg_nano.a(lib_a-nano-freer.o)
                0x00001658                _free_r
 .text._malloc_r
                0x000016f0       0xbc c:/program files/cypress/psoc creator/4.3/psoc creator/import/gnu/arm/5.4.1/bin/../lib/gcc/arm-none-eabi/5.4.1/../../../../arm-none-eabi/lib/armv7-m\libg_nano.a(lib_a-nano-mallocr.o)
                0x000016f0                _malloc_r
 .text._realloc_r
                0x000017ac       0x4c c:/program files/cypress/psoc creator/4.3/psoc creator/import/gnu/arm/5.4.1/bin/../lib/gcc/arm-none-eabi/5.4.1/../../../../arm-none-eabi/lib/armv7-m\libg_nano.a(lib_a-nano-reallocr.o)
                0x000017ac                _realloc_r
 .text._sbrk_r  0x000017f8       0x20 c:/program files/cypress/psoc creator/4.3/psoc creator/import/gnu/arm/5.4.1/bin/../lib/gcc/arm-none-eabi/5.4.1/../../../../arm-none-eabi/lib/armv7-m\libg_nano.a(lib_a-sbrkr.o)
                0x000017f8                _sbrk_r
 .text.__malloc_lock
                0x00001818        0x2 c:/program files/cypress/psoc creator/4.3/psoc creator/import/gnu/arm/5.4.1/bin/../lib/gcc/arm-none-eabi/5.4.1/../../../../arm-none-eabi/lib/armv7-m\libg_nano.a(lib_a-mlock.o)
                0x00001818                __malloc_lock
 .text.__malloc_unlock
                0x0000181a        0x2 c:/program files/cypress/psoc creator/4.3/psoc creator/import/gnu/arm/5.4.1/bin/../lib/gcc/arm-none-eabi/5.4.1/../../../../arm-none-eabi/lib/armv7-m\libg_nano.a(lib_a-mlock.o)
                0x0000181a                __malloc_unlock
 .text._malloc_usable_size_r
                0x0000181c       0x14 c:/program files/cypress/psoc creator/4.3/psoc creator/import/gnu/arm/5.4.1/bin/../lib/gcc/arm-none-eabi/5.4.1/../../../../arm-none-eabi/lib/armv7-m\libg_nano.a(lib_a-nano-msizer.o)
                0x0000181c                _malloc_usable_size_r
 *(.plt)
 *(.gnu.warning)
 *(.glue_7t)
 .glue_7t       0x00001830        0x0 linker stubs
 *(.glue_7)
 .glue_7        0x00001830        0x0 linker stubs
 *(.vfp11_veneer)
 .vfp11_veneer  0x00001830        0x0 linker stubs
 *(.bootloader)
 *(.ARM.extab* .gnu.linkonce.armextab.*)
 *(.gcc_except_table)

.v4_bx          0x00001830        0x0
 .v4_bx         0x00001830        0x0 linker stubs

.iplt           0x00001830        0x0
 .iplt          0x00001830        0x0 c:/program files/cypress/psoc creator/4.3/psoc creator/import/gnu/arm/5.4.1/bin/../lib/gcc/arm-none-eabi/5.4.1/armv7-m/crtbegin.o

.eh_frame_hdr
 *(.eh_frame_hdr)

.eh_frame       0x00001830        0x4
 *(.eh_frame)
 .eh_frame      0x00001830        0x0 c:/program files/cypress/psoc creator/4.3/psoc creator/import/gnu/arm/5.4.1/bin/../lib/gcc/arm-none-eabi/5.4.1/armv7-m/crtbegin.o
 .eh_frame      0x00001830        0x4 c:/program files/cypress/psoc creator/4.3/psoc creator/import/gnu/arm/5.4.1/bin/../lib/gcc/arm-none-eabi/5.4.1/armv7-m/crtend.o
                [!provide]                PROVIDE (__exidx_start, .)

.ARM.exidx
 *(.ARM.exidx* .gnu.linkonce.armexidx.*)
                0x00001834                __exidx_end = .

.rodata         0x00001834      0xae4
 *(.rodata .rodata.* .gnu.linkonce.r.*)
 .rodata.str1.4
                0x00001834       0x1b .\CortexM3\ARM_GCC_541\Debug\InterruptRoutines.o
 *fill*         0x0000184f        0x1 
 .rodata.str1.4
                0x00001850      0x9e0 .\CortexM3\ARM_GCC_541\Debug\Pages.o
                                0x9e8 (size before relaxing)
 .rodata        0x00002230       0x7a .\CortexM3\ARM_GCC_541\Debug\cyfitter_cfg.o
                0x00002230                AMux__addrTable
                0x00002240                AMux__maskTable
                0x00002244                ADC_AMux__addrTable
                0x0000224c                ADC_AMux__maskTable
 .rodata.str1.1
                0x000022aa        0x2 c:/program files/cypress/psoc creator/4.3/psoc creator/import/gnu/arm/5.4.1/bin/../lib/gcc/arm-none-eabi/5.4.1/../../../../arm-none-eabi/lib/armv7-m\libg_nano.a(lib_a-impure.o)
 .rodata.str1.1
                0x000022ac       0x11 c:/program files/cypress/psoc creator/4.3/psoc creator/import/gnu/arm/5.4.1/bin/../lib/gcc/arm-none-eabi/5.4.1/../../../../arm-none-eabi/lib/armv7-m\libg_nano.a(lib_a-nano-svfprintf.o)
 .rodata.str1.1
                0x000022bd       0x22 c:/program files/cypress/psoc creator/4.3/psoc creator/import/gnu/arm/5.4.1/bin/../lib/gcc/arm-none-eabi/5.4.1/../../../../arm-none-eabi/lib/armv7-m\libg_nano.a(lib_a-nano-vfprintf_i.o)
                0x000022e0                . = ALIGN (0x4)
 *fill*         0x000022df        0x1 
 *(.init)
 .init          0x000022e0        0x4 c:/program files/cypress/psoc creator/4.3/psoc creator/import/gnu/arm/5.4.1/bin/../lib/gcc/arm-none-eabi/5.4.1/armv7-m/crti.o
                0x000022e0                _init
 .init          0x000022e4        0x8 c:/program files/cypress/psoc creator/4.3/psoc creator/import/gnu/arm/5.4.1/bin/../lib/gcc/arm-none-eabi/5.4.1/armv7-m/crtn.o
                0x000022ec                . = ALIGN (0x4)
                0x000022ec                __preinit_array_start = .
 *(.preinit_array)
                0x000022ec                __preinit_array_end = .
                0x000022ec                . = ALIGN (0x4)
                0x000022ec                __init_array_start = .
 *(SORT(.init_array.*))
 *(.init_array)
 .init_array    0x000022ec        0x4 c:/program files/cypress/psoc creator/4.3/psoc creator/import/gnu/arm/5.4.1/bin/../lib/gcc/arm-none-eabi/5.4.1/armv7-m/crtbegin.o
 .init_array    0x000022f0        0x4 .\CortexM3\ARM_GCC_541\Debug\Cm3Start.o
                0x000022f4                __init_array_end = .
                0x000022f4                . = ALIGN (0x4)
 *(.fini)
 .fini          0x000022f4        0x4 c:/program files/cypress/psoc creator/4.3/psoc creator/import/gnu/arm/5.4.1/bin/../lib/gcc/arm-none-eabi/5.4.1/armv7-m/crti.o
                0x000022f4                _fini
 .fini          0x000022f8        0x8 c:/program files/cypress/psoc creator/4.3/psoc creator/import/gnu/arm/5.4.1/bin/../lib/gcc/arm-none-eabi/5.4.1/armv7-m/crtn.o
                0x00002300                . = ALIGN (0x4)
                0x00002300                __fini_array_start = .
 *(.fini_array)
 .fini_array    0x00002300        0x4 c:/program files/cypress/psoc creator/4.3/psoc creator/import/gnu/arm/5.4.1/bin/../lib/gcc/arm-none-eabi/5.4.1/armv7-m/crtbegin.o
 *(SORT(.fini_array.*))
                0x00002304                __fini_array_end = .
                0x00002304                . = ALIGN (0x4)
 *crtbegin.o(.ctors)
 *(EXCLUDE_FILE(*crtend.o) .ctors)
 *(SORT(.ctors.*))
 *crtend.o(.ctors)
                0x00002304                . = ALIGN (0x4)
 *crtbegin.o(.dtors)
 *(EXCLUDE_FILE(*crtend.o) .dtors)
 *(SORT(.dtors.*))
 *crtend.o(.dtors)
                0x00002304                . = ALIGN (0x4)
                0x00002304                __cy_regions = .
                0x00002304        0x4 LONG 0x2318 __cy_region_init_ram
                0x00002308        0x4 LONG 0x1fff80c8 __cy_region_start_data
                0x0000230c        0x4 LONG 0x70 __cy_region_init_size_ram
                0x00002310        0x4 LONG 0x80 __cy_region_zero_size_ram
                0x00002314                __cy_regions_end = .
                0x00002318                . = ALIGN (0x8)
 *fill*         0x00002314        0x4 
                0x00002318                _etext = .

.cy_checksum_exclude
                0x00002318        0x0
 *(.cy_checksum_exclude)

.ramvectors     0x1fff8000       0xc0
                0x1fff8000                __cy_region_start_ram = .
 *(.ramvectors)
 .ramvectors    0x1fff8000       0xc0 .\CortexM3\ARM_GCC_541\Debug\Cm3Start.o
                0x1fff8000                CyRamVectors

.noinit         0x1fff80c0        0x1
 *(.noinit)
 .noinit        0x1fff80c0        0x1 .\CortexM3\ARM_GCC_541\Debug\ASSIGNMENT_finale_4.a(CyLib.o)
                0x1fff80c0                CyResetStatus

.data           0x1fff80c8       0x70 load address 0x00002318
                0x1fff80c8                __cy_region_start_data = .
 *(.jcr)
 .jcr           0x1fff80c8        0x0 c:/program files/cypress/psoc creator/4.3/psoc creator/import/gnu/arm/5.4.1/bin/../lib/gcc/arm-none-eabi/5.4.1/armv7-m/crtbegin.o
 .jcr           0x1fff80c8        0x4 c:/program files/cypress/psoc creator/4.3/psoc creator/import/gnu/arm/5.4.1/bin/../lib/gcc/arm-none-eabi/5.4.1/armv7-m/crtend.o
 *(.got.plt)
 *(.got)
 *(.shdata)
 *(.data .data.* .gnu.linkonce.d.*)
 .data          0x1fff80cc        0x4 .\CortexM3\ARM_GCC_541\Debug\Cm3Start.o
 .data.impure_data
                0x1fff80d0       0x60 c:/program files/cypress/psoc creator/4.3/psoc creator/import/gnu/arm/5.4.1/bin/../lib/gcc/arm-none-eabi/5.4.1/../../../../arm-none-eabi/lib/armv7-m\libg_nano.a(lib_a-impure.o)
 .data._impure_ptr
                0x1fff8130        0x4 c:/program files/cypress/psoc creator/4.3/psoc creator/import/gnu/arm/5.4.1/bin/../lib/gcc/arm-none-eabi/5.4.1/../../../../arm-none-eabi/lib/armv7-m\libg_nano.a(lib_a-impure.o)
                0x1fff8130                _impure_ptr
                0x1fff8138                . = ALIGN (0x8)
 *fill*         0x1fff8134        0x4 
 *(.ram)
                0x1fff8138                _edata = .

.igot.plt       0x1fff8138        0x0 load address 0x00002388
 .igot.plt      0x1fff8138        0x0 c:/program files/cypress/psoc creator/4.3/psoc creator/import/gnu/arm/5.4.1/bin/../lib/gcc/arm-none-eabi/5.4.1/armv7-m/crtbegin.o

.bss            0x1fff8138       0x80 load address 0x00002388
                0x1fff8138                PROVIDE (__bss_start__, .)
 *(.shbss)
 *(.bss .bss.* .gnu.linkonce.b.*)
 .bss           0x1fff8138       0x1c c:/program files/cypress/psoc creator/4.3/psoc creator/import/gnu/arm/5.4.1/bin/../lib/gcc/arm-none-eabi/5.4.1/armv7-m/crtbegin.o
 .bss           0x1fff8154        0x4 .\CortexM3\ARM_GCC_541\Debug\InterruptRoutines.o
                0x1fff8154                PB_PRESSED
                0x1fff8156                TIMER_COUNTER
 .bss           0x1fff8158        0x2 .\CortexM3\ARM_GCC_541\Debug\ASSIGNMENT_finale_4.a(UART.o)
                0x1fff8158                UART_initVar
 .bss           0x1fff815a        0x1 .\CortexM3\ARM_GCC_541\Debug\ASSIGNMENT_finale_4.a(PWM.o)
                0x1fff815a                PWM_initVar
 .bss           0x1fff815b        0x1 .\CortexM3\ARM_GCC_541\Debug\ASSIGNMENT_finale_4.a(Timer_PB.o)
                0x1fff815b                Timer_PB_initVar
 .bss.__malloc_sbrk_start
                0x1fff815c        0x4 c:/program files/cypress/psoc creator/4.3/psoc creator/import/gnu/arm/5.4.1/bin/../lib/gcc/arm-none-eabi/5.4.1/../../../../arm-none-eabi/lib/armv7-m\libg_nano.a(lib_a-nano-mallocr.o)
                0x1fff815c                __malloc_sbrk_start
 .bss.__malloc_free_list
                0x1fff8160        0x4 c:/program files/cypress/psoc creator/4.3/psoc creator/import/gnu/arm/5.4.1/bin/../lib/gcc/arm-none-eabi/5.4.1/../../../../arm-none-eabi/lib/armv7-m\libg_nano.a(lib_a-nano-mallocr.o)
                0x1fff8160                __malloc_free_list
 *(COMMON)
 COMMON         0x1fff8164       0x4b .\CortexM3\ARM_GCC_541\Debug\main.o
                0x1fff8164                elapsed_time
                0x1fff8166                OPTION_AS
                0x1fff8167                OPTION_FSR
                0x1fff8168                elapsed_time_string
                0x1fff81a8                push_button_event
                0x1fff81a9                summary_ready
                0x1fff81aa                FLAG_AS
                0x1fff81ab                OPTION_SF
                0x1fff81ac                FLAG_FSR
                0x1fff81ad                FLAG_SF
                0x1fff81ae                FLAG_BS
 COMMON         0x1fff81af        0x1 .\CortexM3\ARM_GCC_541\Debug\InterruptRoutines.o
                0x1fff81af                ch_receveid
 COMMON         0x1fff81b0        0x4 c:/program files/cypress/psoc creator/4.3/psoc creator/import/gnu/arm/5.4.1/bin/../lib/gcc/arm-none-eabi/5.4.1/../../../../arm-none-eabi/lib/armv7-m\libg_nano.a(lib_a-reent.o)
                0x1fff81b0                errno
                0x1fff81b8                . = ALIGN (0x8)
 *fill*         0x1fff81b4        0x4 
 *(.ram.b)
                0x1fff81b8                _end = .
                0x1fff81b8                __end = .
                0x1fff81b8                PROVIDE (end, .)
                0x1fff81b8                PROVIDE (__bss_end__, .)
                0x00002318                __cy_region_init_ram = LOADADDR (.data)
                0x00000070                __cy_region_init_size_ram = (_edata - ADDR (.data))
                0x00000080                __cy_region_zero_size_ram = (_end - _edata)

.heap           0x1fff81b8       0x80 load address 0x00002388
                0x1fff81b8                . = _end
                0x1fff8238                . = (. + 0x80)
 *fill*         0x1fff81b8       0x80 
                0x1fff8238                __cy_heap_limit = .

.stack          0x20007800      0x800
                0x20007800                __cy_stack_limit = .
                0x20008000                . = (. + 0x800)
 *fill*         0x20007800      0x800 
                0x00000001                ASSERT ((__cy_stack_limit >= __cy_heap_limit), region RAM overflowed with stack)
                0x00000000                cy_checksum_exclude_size = (CY_APPL_LOADABLE == 0x1)?SIZEOF (.cy_checksum_exclude):0x0
                0x00000001                ASSERT ((cy_checksum_exclude_size <= CY_CHECKSUM_EXCLUDE_SIZE), CY_BOOT: Section .cy_checksum_exclude size exceedes specified limit.)

.cyloadermeta
 *(.cyloadermeta)

.cyloadablemeta
 *(.cyloadablemeta)

.cyconfigecc    0x80000000      0x860
 *(.cyconfigecc)
 .cyconfigecc   0x80000000      0x860 .\CortexM3\ARM_GCC_541\Debug\cymetadata.o
                0x80000000                cy_meta_configecc

.cycustnvl      0x90000000        0x4
 *(.cycustnvl)
 .cycustnvl     0x90000000        0x4 .\CortexM3\ARM_GCC_541\Debug\cymetadata.o
                0x90000000                cy_meta_custnvl

.cywolatch      0x90100000        0x4
 *(.cywolatch)
 .cywolatch     0x90100000        0x4 .\CortexM3\ARM_GCC_541\Debug\cymetadata.o
                0x90100000                cy_meta_wonvl

.cyeeprom       0x90200000        0x0
 *(.cyeeprom)
                0x00000001                ASSERT ((. <= ((0x90200000 + ee_offset) + ee_size)), .cyeeprom data will not fit in EEPROM)

.cyflashprotect
                0x90400000      0x100
 *(.cyflashprotect)
 .cyflashprotect
                0x90400000      0x100 .\CortexM3\ARM_GCC_541\Debug\cymetadata.o
                0x90400000                cy_meta_flashprotect

.cymeta         0x90500000        0xc
 *(.cymeta)
 .cymeta        0x90500000        0xc .\CortexM3\ARM_GCC_541\Debug\cymetadata.o
                0x90500000                cy_metadata

.rel.dyn        0x00002388        0x0 load address 0x9050000c
 .rel.iplt      0x00002388        0x0 c:/program files/cypress/psoc creator/4.3/psoc creator/import/gnu/arm/5.4.1/bin/../lib/gcc/arm-none-eabi/5.4.1/armv7-m/crtbegin.o

.stab
 *(.stab)

.stabstr
 *(.stabstr)

.debug
 *(.debug)

.line
 *(.line)

.debug_srcinfo
 *(.debug_srcinfo)

.debug_sfnames
 *(.debug_sfnames)

.debug_aranges  0x00000000      0x9d0
 *(.debug_aranges)
 .debug_aranges
                0x00000000       0x20 .\CortexM3\ARM_GCC_541\Debug\main.o
 .debug_aranges
                0x00000020       0x30 .\CortexM3\ARM_GCC_541\Debug\InterruptRoutines.o
 .debug_aranges
                0x00000050       0x30 .\CortexM3\ARM_GCC_541\Debug\Pages.o
 .debug_aranges
                0x00000080       0x78 .\CortexM3\ARM_GCC_541\Debug\cyfitter_cfg.o
 .debug_aranges
                0x000000f8       0x18 .\CortexM3\ARM_GCC_541\Debug\cymetadata.o
 .debug_aranges
                0x00000110       0x48 .\CortexM3\ARM_GCC_541\Debug\Cm3Start.o
 .debug_aranges
                0x00000158       0xf0 .\CortexM3\ARM_GCC_541\Debug\ASSIGNMENT_finale_4.a(UART.o)
 .debug_aranges
                0x00000248       0x80 .\CortexM3\ARM_GCC_541\Debug\ASSIGNMENT_finale_4.a(isr_RX.o)
 .debug_aranges
                0x000002c8       0xa8 .\CortexM3\ARM_GCC_541\Debug\ASSIGNMENT_finale_4.a(PWM.o)
 .debug_aranges
                0x00000370       0x70 .\CortexM3\ARM_GCC_541\Debug\ASSIGNMENT_finale_4.a(UART_IntClock.o)
 .debug_aranges
                0x000003e0      0x2a0 .\CortexM3\ARM_GCC_541\Debug\ASSIGNMENT_finale_4.a(CyLib.o)
 .debug_aranges
                0x00000680       0x98 .\CortexM3\ARM_GCC_541\Debug\ASSIGNMENT_finale_4.a(cyPm.o)
 .debug_aranges
                0x00000718       0x90 .\CortexM3\ARM_GCC_541\Debug\ASSIGNMENT_finale_4.a(Timer_PB.o)
 .debug_aranges
                0x000007a8       0x80 .\CortexM3\ARM_GCC_541\Debug\ASSIGNMENT_finale_4.a(ISR_PB_LOW.o)
 .debug_aranges
                0x00000828       0x80 .\CortexM3\ARM_GCC_541\Debug\ASSIGNMENT_finale_4.a(ISR_PB_HIGH.o)
 .debug_aranges
                0x000008a8       0x20 .\CortexM3\ARM_GCC_541\Debug\ASSIGNMENT_finale_4.a(CyBootAsmGnu.o)
 .debug_aranges
                0x000008c8       0x88 .\CortexM3\ARM_GCC_541\Debug\ASSIGNMENT_finale_4.a(CyFlash.o)
 .debug_aranges
                0x00000950       0x80 .\CortexM3\ARM_GCC_541\Debug\ASSIGNMENT_finale_4.a(CySpc.o)

.debug_pubnames
 *(.debug_pubnames)

.debug_info     0x00000000     0x5b89
 *(.debug_info .gnu.linkonce.wi.*)
 .debug_info    0x00000000      0x25d .\CortexM3\ARM_GCC_541\Debug\main.o
 .debug_info    0x0000025d      0x350 .\CortexM3\ARM_GCC_541\Debug\InterruptRoutines.o
 .debug_info    0x000005ad      0x830 .\CortexM3\ARM_GCC_541\Debug\Pages.o
 .debug_info    0x00000ddd      0x763 .\CortexM3\ARM_GCC_541\Debug\cyfitter_cfg.o
 .debug_info    0x00001540      0x139 .\CortexM3\ARM_GCC_541\Debug\cymetadata.o
 .debug_info    0x00001679      0x3bb .\CortexM3\ARM_GCC_541\Debug\Cm3Start.o
 .debug_info    0x00001a34      0x60c .\CortexM3\ARM_GCC_541\Debug\ASSIGNMENT_finale_4.a(UART.o)
 .debug_info    0x00002040      0x2d2 .\CortexM3\ARM_GCC_541\Debug\ASSIGNMENT_finale_4.a(isr_RX.o)
 .debug_info    0x00002312      0x381 .\CortexM3\ARM_GCC_541\Debug\ASSIGNMENT_finale_4.a(PWM.o)
 .debug_info    0x00002693      0x283 .\CortexM3\ARM_GCC_541\Debug\ASSIGNMENT_finale_4.a(UART_IntClock.o)
 .debug_info    0x00002916     0x1374 .\CortexM3\ARM_GCC_541\Debug\ASSIGNMENT_finale_4.a(CyLib.o)
 .debug_info    0x00003c8a      0xa2a .\CortexM3\ARM_GCC_541\Debug\ASSIGNMENT_finale_4.a(cyPm.o)
 .debug_info    0x000046b4      0x2f0 .\CortexM3\ARM_GCC_541\Debug\ASSIGNMENT_finale_4.a(Timer_PB.o)
 .debug_info    0x000049a4      0x2d2 .\CortexM3\ARM_GCC_541\Debug\ASSIGNMENT_finale_4.a(ISR_PB_LOW.o)
 .debug_info    0x00004c76      0x2d2 .\CortexM3\ARM_GCC_541\Debug\ASSIGNMENT_finale_4.a(ISR_PB_HIGH.o)
 .debug_info    0x00004f48       0xa4 .\CortexM3\ARM_GCC_541\Debug\ASSIGNMENT_finale_4.a(CyBootAsmGnu.o)
 .debug_info    0x00004fec      0x64d .\CortexM3\ARM_GCC_541\Debug\ASSIGNMENT_finale_4.a(CyFlash.o)
 .debug_info    0x00005639      0x550 .\CortexM3\ARM_GCC_541\Debug\ASSIGNMENT_finale_4.a(CySpc.o)

.debug_abbrev   0x00000000     0x17d6
 *(.debug_abbrev)
 .debug_abbrev  0x00000000       0xba .\CortexM3\ARM_GCC_541\Debug\main.o
 .debug_abbrev  0x000000ba      0x100 .\CortexM3\ARM_GCC_541\Debug\InterruptRoutines.o
 .debug_abbrev  0x000001ba       0xdd .\CortexM3\ARM_GCC_541\Debug\Pages.o
 .debug_abbrev  0x00000297      0x22d .\CortexM3\ARM_GCC_541\Debug\cyfitter_cfg.o
 .debug_abbrev  0x000004c4       0x77 .\CortexM3\ARM_GCC_541\Debug\cymetadata.o
 .debug_abbrev  0x0000053b      0x1e8 .\CortexM3\ARM_GCC_541\Debug\Cm3Start.o
 .debug_abbrev  0x00000723      0x175 .\CortexM3\ARM_GCC_541\Debug\ASSIGNMENT_finale_4.a(UART.o)
 .debug_abbrev  0x00000898      0x173 .\CortexM3\ARM_GCC_541\Debug\ASSIGNMENT_finale_4.a(isr_RX.o)
 .debug_abbrev  0x00000a0b      0x133 .\CortexM3\ARM_GCC_541\Debug\ASSIGNMENT_finale_4.a(PWM.o)
 .debug_abbrev  0x00000b3e      0x139 .\CortexM3\ARM_GCC_541\Debug\ASSIGNMENT_finale_4.a(UART_IntClock.o)
 .debug_abbrev  0x00000c77      0x254 .\CortexM3\ARM_GCC_541\Debug\ASSIGNMENT_finale_4.a(CyLib.o)
 .debug_abbrev  0x00000ecb      0x1ab .\CortexM3\ARM_GCC_541\Debug\ASSIGNMENT_finale_4.a(cyPm.o)
 .debug_abbrev  0x00001076      0x12b .\CortexM3\ARM_GCC_541\Debug\ASSIGNMENT_finale_4.a(Timer_PB.o)
 .debug_abbrev  0x000011a1      0x173 .\CortexM3\ARM_GCC_541\Debug\ASSIGNMENT_finale_4.a(ISR_PB_LOW.o)
 .debug_abbrev  0x00001314      0x173 .\CortexM3\ARM_GCC_541\Debug\ASSIGNMENT_finale_4.a(ISR_PB_HIGH.o)
 .debug_abbrev  0x00001487       0x14 .\CortexM3\ARM_GCC_541\Debug\ASSIGNMENT_finale_4.a(CyBootAsmGnu.o)
 .debug_abbrev  0x0000149b      0x1a7 .\CortexM3\ARM_GCC_541\Debug\ASSIGNMENT_finale_4.a(CyFlash.o)
 .debug_abbrev  0x00001642      0x194 .\CortexM3\ARM_GCC_541\Debug\ASSIGNMENT_finale_4.a(CySpc.o)

.debug_line     0x00000000     0x27bf
 *(.debug_line)
 .debug_line    0x00000000      0x1d0 .\CortexM3\ARM_GCC_541\Debug\main.o
 .debug_line    0x000001d0      0x2ef .\CortexM3\ARM_GCC_541\Debug\InterruptRoutines.o
 .debug_line    0x000004bf      0x201 .\CortexM3\ARM_GCC_541\Debug\Pages.o
 .debug_line    0x000006c0      0x251 .\CortexM3\ARM_GCC_541\Debug\cyfitter_cfg.o
 .debug_line    0x00000911      0x135 .\CortexM3\ARM_GCC_541\Debug\cymetadata.o
 .debug_line    0x00000a46      0x228 .\CortexM3\ARM_GCC_541\Debug\Cm3Start.o
 .debug_line    0x00000c6e      0x2bc .\CortexM3\ARM_GCC_541\Debug\ASSIGNMENT_finale_4.a(UART.o)
 .debug_line    0x00000f2a      0x133 .\CortexM3\ARM_GCC_541\Debug\ASSIGNMENT_finale_4.a(isr_RX.o)
 .debug_line    0x0000105d      0x1a7 .\CortexM3\ARM_GCC_541\Debug\ASSIGNMENT_finale_4.a(PWM.o)
 .debug_line    0x00001204      0x17c .\CortexM3\ARM_GCC_541\Debug\ASSIGNMENT_finale_4.a(UART_IntClock.o)
 .debug_line    0x00001380      0x816 .\CortexM3\ARM_GCC_541\Debug\ASSIGNMENT_finale_4.a(CyLib.o)
 .debug_line    0x00001b96      0x367 .\CortexM3\ARM_GCC_541\Debug\ASSIGNMENT_finale_4.a(cyPm.o)
 .debug_line    0x00001efd      0x173 .\CortexM3\ARM_GCC_541\Debug\ASSIGNMENT_finale_4.a(Timer_PB.o)
 .debug_line    0x00002070      0x137 .\CortexM3\ARM_GCC_541\Debug\ASSIGNMENT_finale_4.a(ISR_PB_LOW.o)
 .debug_line    0x000021a7      0x138 .\CortexM3\ARM_GCC_541\Debug\ASSIGNMENT_finale_4.a(ISR_PB_HIGH.o)
 .debug_line    0x000022df       0x66 .\CortexM3\ARM_GCC_541\Debug\ASSIGNMENT_finale_4.a(CyBootAsmGnu.o)
 .debug_line    0x00002345      0x21a .\CortexM3\ARM_GCC_541\Debug\ASSIGNMENT_finale_4.a(CyFlash.o)
 .debug_line    0x0000255f      0x260 .\CortexM3\ARM_GCC_541\Debug\ASSIGNMENT_finale_4.a(CySpc.o)

.debug_frame    0x00000000     0x1bd4
 *(.debug_frame)
 .debug_frame   0x00000000       0x2c .\CortexM3\ARM_GCC_541\Debug\main.o
 .debug_frame   0x0000002c       0x68 .\CortexM3\ARM_GCC_541\Debug\InterruptRoutines.o
 .debug_frame   0x00000094       0x70 .\CortexM3\ARM_GCC_541\Debug\Pages.o
 .debug_frame   0x00000104      0x13c .\CortexM3\ARM_GCC_541\Debug\cyfitter_cfg.o
 .debug_frame   0x00000240       0xb8 .\CortexM3\ARM_GCC_541\Debug\Cm3Start.o
 .debug_frame   0x000002f8      0x250 .\CortexM3\ARM_GCC_541\Debug\ASSIGNMENT_finale_4.a(UART.o)
 .debug_frame   0x00000548      0x104 .\CortexM3\ARM_GCC_541\Debug\ASSIGNMENT_finale_4.a(isr_RX.o)
 .debug_frame   0x0000064c      0x154 .\CortexM3\ARM_GCC_541\Debug\ASSIGNMENT_finale_4.a(PWM.o)
 .debug_frame   0x000007a0       0xe0 .\CortexM3\ARM_GCC_541\Debug\ASSIGNMENT_finale_4.a(UART_IntClock.o)
 .debug_frame   0x00000880      0x738 .\CortexM3\ARM_GCC_541\Debug\ASSIGNMENT_finale_4.a(CyLib.o)
 .debug_frame   0x00000fb8      0x1f8 .\CortexM3\ARM_GCC_541\Debug\ASSIGNMENT_finale_4.a(cyPm.o)
 .debug_frame   0x000011b0      0x124 .\CortexM3\ARM_GCC_541\Debug\ASSIGNMENT_finale_4.a(Timer_PB.o)
 .debug_frame   0x000012d4      0x104 .\CortexM3\ARM_GCC_541\Debug\ASSIGNMENT_finale_4.a(ISR_PB_LOW.o)
 .debug_frame   0x000013d8      0x104 .\CortexM3\ARM_GCC_541\Debug\ASSIGNMENT_finale_4.a(ISR_PB_HIGH.o)
 .debug_frame   0x000014dc      0x194 .\CortexM3\ARM_GCC_541\Debug\ASSIGNMENT_finale_4.a(CyFlash.o)
 .debug_frame   0x00001670      0x180 .\CortexM3\ARM_GCC_541\Debug\ASSIGNMENT_finale_4.a(CySpc.o)
 .debug_frame   0x000017f0       0x20 c:/program files/cypress/psoc creator/4.3/psoc creator/import/gnu/arm/5.4.1/bin/../lib/gcc/arm-none-eabi/5.4.1/../../../../arm-none-eabi/lib/armv7-m\libg_nano.a(lib_a-errno.o)
 .debug_frame   0x00001810       0x28 c:/program files/cypress/psoc creator/4.3/psoc creator/import/gnu/arm/5.4.1/bin/../lib/gcc/arm-none-eabi/5.4.1/../../../../arm-none-eabi/lib/armv7-m\libg_nano.a(lib_a-exit.o)
 .debug_frame   0x00001838       0x2c c:/program files/cypress/psoc creator/4.3/psoc creator/import/gnu/arm/5.4.1/bin/../lib/gcc/arm-none-eabi/5.4.1/../../../../arm-none-eabi/lib/armv7-m\libg_nano.a(lib_a-init.o)
 .debug_frame   0x00001864       0x28 c:/program files/cypress/psoc creator/4.3/psoc creator/import/gnu/arm/5.4.1/bin/../lib/gcc/arm-none-eabi/5.4.1/../../../../arm-none-eabi/lib/armv7-m\libg_nano.a(lib_a-memcpy-stub.o)
 .debug_frame   0x0000188c       0x20 c:/program files/cypress/psoc creator/4.3/psoc creator/import/gnu/arm/5.4.1/bin/../lib/gcc/arm-none-eabi/5.4.1/../../../../arm-none-eabi/lib/armv7-m\libg_nano.a(lib_a-memset.o)
 .debug_frame   0x000018ac       0x70 c:/program files/cypress/psoc creator/4.3/psoc creator/import/gnu/arm/5.4.1/bin/../lib/gcc/arm-none-eabi/5.4.1/../../../../arm-none-eabi/lib/armv7-m\libg_nano.a(lib_a-sprintf.o)
 .debug_frame   0x0000191c       0x90 c:/program files/cypress/psoc creator/4.3/psoc creator/import/gnu/arm/5.4.1/bin/../lib/gcc/arm-none-eabi/5.4.1/../../../../arm-none-eabi/lib/armv7-m\libg_nano.a(lib_a-nano-svfprintf.o)
 .debug_frame   0x000019ac       0x60 c:/program files/cypress/psoc creator/4.3/psoc creator/import/gnu/arm/5.4.1/bin/../lib/gcc/arm-none-eabi/5.4.1/../../../../arm-none-eabi/lib/armv7-m\libg_nano.a(lib_a-nano-vfprintf_i.o)
 .debug_frame   0x00001a0c       0x28 c:/program files/cypress/psoc creator/4.3/psoc creator/import/gnu/arm/5.4.1/bin/../lib/gcc/arm-none-eabi/5.4.1/../../../../arm-none-eabi/lib/armv7-m\libg_nano.a(lib_a-memchr-stub.o)
 .debug_frame   0x00001a34       0x28 c:/program files/cypress/psoc creator/4.3/psoc creator/import/gnu/arm/5.4.1/bin/../lib/gcc/arm-none-eabi/5.4.1/../../../../arm-none-eabi/lib/armv7-m\libg_nano.a(lib_a-memmove.o)
 .debug_frame   0x00001a5c       0x38 c:/program files/cypress/psoc creator/4.3/psoc creator/import/gnu/arm/5.4.1/bin/../lib/gcc/arm-none-eabi/5.4.1/../../../../arm-none-eabi/lib/armv7-m\libg_nano.a(lib_a-nano-freer.o)
 .debug_frame   0x00001a94       0x2c c:/program files/cypress/psoc creator/4.3/psoc creator/import/gnu/arm/5.4.1/bin/../lib/gcc/arm-none-eabi/5.4.1/../../../../arm-none-eabi/lib/armv7-m\libg_nano.a(lib_a-nano-mallocr.o)
 .debug_frame   0x00001ac0       0x3c c:/program files/cypress/psoc creator/4.3/psoc creator/import/gnu/arm/5.4.1/bin/../lib/gcc/arm-none-eabi/5.4.1/../../../../arm-none-eabi/lib/armv7-m\libg_nano.a(lib_a-nano-reallocr.o)
 .debug_frame   0x00001afc       0x2c c:/program files/cypress/psoc creator/4.3/psoc creator/import/gnu/arm/5.4.1/bin/../lib/gcc/arm-none-eabi/5.4.1/../../../../arm-none-eabi/lib/armv7-m\libg_nano.a(lib_a-sbrkr.o)
 .debug_frame   0x00001b28       0x30 c:/program files/cypress/psoc creator/4.3/psoc creator/import/gnu/arm/5.4.1/bin/../lib/gcc/arm-none-eabi/5.4.1/../../../../arm-none-eabi/lib/armv7-m\libg_nano.a(lib_a-mlock.o)
 .debug_frame   0x00001b58       0x20 c:/program files/cypress/psoc creator/4.3/psoc creator/import/gnu/arm/5.4.1/bin/../lib/gcc/arm-none-eabi/5.4.1/../../../../arm-none-eabi/lib/armv7-m\libg_nano.a(lib_a-nano-msizer.o)
 .debug_frame   0x00001b78       0x5c c:/program files/cypress/psoc creator/4.3/psoc creator/import/gnu/arm/5.4.1/bin/../lib/gcc/arm-none-eabi/5.4.1/../../../../arm-none-eabi/lib/armv7-m\libg_nano.a(lib_a-reent.o)

.debug_str      0x00000000     0x1f26
 *(.debug_str)
 .debug_str     0x00000000      0x25b .\CortexM3\ARM_GCC_541\Debug\main.o
                                0x2a8 (size before relaxing)
 .debug_str     0x0000025b       0xfc .\CortexM3\ARM_GCC_541\Debug\InterruptRoutines.o
                                0x350 (size before relaxing)
 .debug_str     0x00000357       0x20 .\CortexM3\ARM_GCC_541\Debug\Pages.o
                                0x283 (size before relaxing)
 .debug_str     0x00000377      0x1fb .\CortexM3\ARM_GCC_541\Debug\cyfitter_cfg.o
                                0x3d8 (size before relaxing)
 .debug_str     0x00000572       0x75 .\CortexM3\ARM_GCC_541\Debug\cymetadata.o
                                0x1f8 (size before relaxing)
 .debug_str     0x000005e7      0x144 .\CortexM3\ARM_GCC_541\Debug\Cm3Start.o
                                0x31e (size before relaxing)
 .debug_str     0x0000072b      0x2a6 .\CortexM3\ARM_GCC_541\Debug\ASSIGNMENT_finale_4.a(UART.o)
                                0x489 (size before relaxing)
 .debug_str     0x000009d1       0xfd .\CortexM3\ARM_GCC_541\Debug\ASSIGNMENT_finale_4.a(isr_RX.o)
                                0x2c8 (size before relaxing)
 .debug_str     0x00000ace      0x18b .\CortexM3\ARM_GCC_541\Debug\ASSIGNMENT_finale_4.a(PWM.o)
                                0x364 (size before relaxing)
 .debug_str     0x00000c59      0x189 .\CortexM3\ARM_GCC_541\Debug\ASSIGNMENT_finale_4.a(UART_IntClock.o)
                                0x34a (size before relaxing)
 .debug_str     0x00000de2      0x7f5 .\CortexM3\ARM_GCC_541\Debug\ASSIGNMENT_finale_4.a(CyLib.o)
                                0xa5b (size before relaxing)
 .debug_str     0x000015d7      0x365 .\CortexM3\ARM_GCC_541\Debug\ASSIGNMENT_finale_4.a(cyPm.o)
                                0x747 (size before relaxing)
 .debug_str     0x0000193c      0x144 .\CortexM3\ARM_GCC_541\Debug\ASSIGNMENT_finale_4.a(Timer_PB.o)
                                0x385 (size before relaxing)
 .debug_str     0x00001a80      0x119 .\CortexM3\ARM_GCC_541\Debug\ASSIGNMENT_finale_4.a(ISR_PB_LOW.o)
                                0x300 (size before relaxing)
 .debug_str     0x00001b99      0x126 .\CortexM3\ARM_GCC_541\Debug\ASSIGNMENT_finale_4.a(ISR_PB_HIGH.o)
                                0x30e (size before relaxing)
 .debug_str     0x00001cbf      0x1bb .\CortexM3\ARM_GCC_541\Debug\ASSIGNMENT_finale_4.a(CyFlash.o)
                                0x3d4 (size before relaxing)
 .debug_str     0x00001e7a       0xac .\CortexM3\ARM_GCC_541\Debug\ASSIGNMENT_finale_4.a(CySpc.o)
                                0x34c (size before relaxing)

.debug_loc      0x00000000     0x205e
 *(.debug_loc)
 .debug_loc     0x00000000       0x3a .\CortexM3\ARM_GCC_541\Debug\Pages.o
 .debug_loc     0x0000003a      0x379 .\CortexM3\ARM_GCC_541\Debug\cyfitter_cfg.o
 .debug_loc     0x000003b3      0x144 .\CortexM3\ARM_GCC_541\Debug\Cm3Start.o
 .debug_loc     0x000004f7      0x258 .\CortexM3\ARM_GCC_541\Debug\ASSIGNMENT_finale_4.a(UART.o)
 .debug_loc     0x0000074f       0x56 .\CortexM3\ARM_GCC_541\Debug\ASSIGNMENT_finale_4.a(isr_RX.o)
 .debug_loc     0x000007a5       0x26 .\CortexM3\ARM_GCC_541\Debug\ASSIGNMENT_finale_4.a(PWM.o)
 .debug_loc     0x000007cb      0x128 .\CortexM3\ARM_GCC_541\Debug\ASSIGNMENT_finale_4.a(UART_IntClock.o)
 .debug_loc     0x000008f3      0xa11 .\CortexM3\ARM_GCC_541\Debug\ASSIGNMENT_finale_4.a(CyLib.o)
 .debug_loc     0x00001304      0x1e4 .\CortexM3\ARM_GCC_541\Debug\ASSIGNMENT_finale_4.a(cyPm.o)
 .debug_loc     0x000014e8       0x13 .\CortexM3\ARM_GCC_541\Debug\ASSIGNMENT_finale_4.a(Timer_PB.o)
 .debug_loc     0x000014fb       0x56 .\CortexM3\ARM_GCC_541\Debug\ASSIGNMENT_finale_4.a(ISR_PB_LOW.o)
 .debug_loc     0x00001551       0x56 .\CortexM3\ARM_GCC_541\Debug\ASSIGNMENT_finale_4.a(ISR_PB_HIGH.o)
 .debug_loc     0x000015a7      0x3b2 .\CortexM3\ARM_GCC_541\Debug\ASSIGNMENT_finale_4.a(CyFlash.o)
 .debug_loc     0x00001959      0x705 .\CortexM3\ARM_GCC_541\Debug\ASSIGNMENT_finale_4.a(CySpc.o)

.debug_macinfo
 *(.debug_macinfo)

.debug_ranges   0x00000000      0x898
 *(.debug_ranges)
 .debug_ranges  0x00000000       0x10 .\CortexM3\ARM_GCC_541\Debug\main.o
 .debug_ranges  0x00000010       0x20 .\CortexM3\ARM_GCC_541\Debug\InterruptRoutines.o
 .debug_ranges  0x00000030       0x20 .\CortexM3\ARM_GCC_541\Debug\Pages.o
 .debug_ranges  0x00000050       0x68 .\CortexM3\ARM_GCC_541\Debug\cyfitter_cfg.o
 .debug_ranges  0x000000b8       0x38 .\CortexM3\ARM_GCC_541\Debug\Cm3Start.o
 .debug_ranges  0x000000f0       0xe0 .\CortexM3\ARM_GCC_541\Debug\ASSIGNMENT_finale_4.a(UART.o)
 .debug_ranges  0x000001d0       0x70 .\CortexM3\ARM_GCC_541\Debug\ASSIGNMENT_finale_4.a(isr_RX.o)
 .debug_ranges  0x00000240       0x98 .\CortexM3\ARM_GCC_541\Debug\ASSIGNMENT_finale_4.a(PWM.o)
 .debug_ranges  0x000002d8       0x60 .\CortexM3\ARM_GCC_541\Debug\ASSIGNMENT_finale_4.a(UART_IntClock.o)
 .debug_ranges  0x00000338      0x290 .\CortexM3\ARM_GCC_541\Debug\ASSIGNMENT_finale_4.a(CyLib.o)
 .debug_ranges  0x000005c8       0x88 .\CortexM3\ARM_GCC_541\Debug\ASSIGNMENT_finale_4.a(cyPm.o)
 .debug_ranges  0x00000650       0x80 .\CortexM3\ARM_GCC_541\Debug\ASSIGNMENT_finale_4.a(Timer_PB.o)
 .debug_ranges  0x000006d0       0x70 .\CortexM3\ARM_GCC_541\Debug\ASSIGNMENT_finale_4.a(ISR_PB_LOW.o)
 .debug_ranges  0x00000740       0x70 .\CortexM3\ARM_GCC_541\Debug\ASSIGNMENT_finale_4.a(ISR_PB_HIGH.o)
 .debug_ranges  0x000007b0       0x78 .\CortexM3\ARM_GCC_541\Debug\ASSIGNMENT_finale_4.a(CyFlash.o)
 .debug_ranges  0x00000828       0x70 .\CortexM3\ARM_GCC_541\Debug\ASSIGNMENT_finale_4.a(CySpc.o)

.comment        0x00000000       0x6e
 .comment       0x00000000       0x6e .\CortexM3\ARM_GCC_541\Debug\main.o
                                 0x6f (size before relaxing)
 .comment       0x0000006e       0x6f .\CortexM3\ARM_GCC_541\Debug\InterruptRoutines.o
 .comment       0x0000006e       0x6f .\CortexM3\ARM_GCC_541\Debug\Pages.o
 .comment       0x0000006e       0x6f .\CortexM3\ARM_GCC_541\Debug\cyfitter_cfg.o
 .comment       0x0000006e       0x6f .\CortexM3\ARM_GCC_541\Debug\cymetadata.o
 .comment       0x0000006e       0x6f .\CortexM3\ARM_GCC_541\Debug\Cm3Start.o
 .comment       0x0000006e       0x6f .\CortexM3\ARM_GCC_541\Debug\ASSIGNMENT_finale_4.a(UART.o)
 .comment       0x0000006e       0x6f .\CortexM3\ARM_GCC_541\Debug\ASSIGNMENT_finale_4.a(isr_RX.o)
 .comment       0x0000006e       0x6f .\CortexM3\ARM_GCC_541\Debug\ASSIGNMENT_finale_4.a(PWM.o)
 .comment       0x0000006e       0x6f .\CortexM3\ARM_GCC_541\Debug\ASSIGNMENT_finale_4.a(UART_IntClock.o)
 .comment       0x0000006e       0x6f .\CortexM3\ARM_GCC_541\Debug\ASSIGNMENT_finale_4.a(CyLib.o)
 .comment       0x0000006e       0x6f .\CortexM3\ARM_GCC_541\Debug\ASSIGNMENT_finale_4.a(cyPm.o)
 .comment       0x0000006e       0x6f .\CortexM3\ARM_GCC_541\Debug\ASSIGNMENT_finale_4.a(Timer_PB.o)
 .comment       0x0000006e       0x6f .\CortexM3\ARM_GCC_541\Debug\ASSIGNMENT_finale_4.a(ISR_PB_LOW.o)
 .comment       0x0000006e       0x6f .\CortexM3\ARM_GCC_541\Debug\ASSIGNMENT_finale_4.a(ISR_PB_HIGH.o)
 .comment       0x0000006e       0x6f .\CortexM3\ARM_GCC_541\Debug\ASSIGNMENT_finale_4.a(CyFlash.o)
 .comment       0x0000006e       0x6f .\CortexM3\ARM_GCC_541\Debug\ASSIGNMENT_finale_4.a(CySpc.o)

.debug_weaknames
 *(.debug_weaknames)

.debug_funcnames
 *(.debug_funcnames)

.debug_typenames
 *(.debug_typenames)

.debug_varnames
 *(.debug_varnames)

.note.gnu.arm.ident
 *(.note.gnu.arm.ident)

.ARM.attributes
                0x00000000       0x29
 *(.ARM.attributes)
 .ARM.attributes
                0x00000000       0x1d c:/program files/cypress/psoc creator/4.3/psoc creator/import/gnu/arm/5.4.1/bin/../lib/gcc/arm-none-eabi/5.4.1/armv7-m/crti.o
 .ARM.attributes
                0x0000001d       0x2d c:/program files/cypress/psoc creator/4.3/psoc creator/import/gnu/arm/5.4.1/bin/../lib/gcc/arm-none-eabi/5.4.1/armv7-m/crtbegin.o
 .ARM.attributes
                0x0000004a       0x1b c:/program files/cypress/psoc creator/4.3/psoc creator/import/gnu/arm/5.4.1/bin/../lib/gcc/arm-none-eabi/5.4.1/../../../../arm-none-eabi/lib/armv7-m/crt0.o
 .ARM.attributes
                0x00000065       0x33 .\CortexM3\ARM_GCC_541\Debug\main.o
 .ARM.attributes
                0x00000098       0x33 .\CortexM3\ARM_GCC_541\Debug\InterruptRoutines.o
 .ARM.attributes
                0x000000cb       0x33 .\CortexM3\ARM_GCC_541\Debug\Pages.o
 .ARM.attributes
                0x000000fe       0x33 .\CortexM3\ARM_GCC_541\Debug\cyfitter_cfg.o
 .ARM.attributes
                0x00000131       0x33 .\CortexM3\ARM_GCC_541\Debug\cymetadata.o
 .ARM.attributes
                0x00000164       0x33 .\CortexM3\ARM_GCC_541\Debug\Cm3Start.o
 .ARM.attributes
                0x00000197       0x33 .\CortexM3\ARM_GCC_541\Debug\ASSIGNMENT_finale_4.a(UART.o)
 .ARM.attributes
                0x000001ca       0x33 .\CortexM3\ARM_GCC_541\Debug\ASSIGNMENT_finale_4.a(isr_RX.o)
 .ARM.attributes
                0x000001fd       0x33 .\CortexM3\ARM_GCC_541\Debug\ASSIGNMENT_finale_4.a(PWM.o)
 .ARM.attributes
                0x00000230       0x33 .\CortexM3\ARM_GCC_541\Debug\ASSIGNMENT_finale_4.a(UART_IntClock.o)
 .ARM.attributes
                0x00000263       0x33 .\CortexM3\ARM_GCC_541\Debug\ASSIGNMENT_finale_4.a(CyLib.o)
 .ARM.attributes
                0x00000296       0x33 .\CortexM3\ARM_GCC_541\Debug\ASSIGNMENT_finale_4.a(cyPm.o)
 .ARM.attributes
                0x000002c9       0x33 .\CortexM3\ARM_GCC_541\Debug\ASSIGNMENT_finale_4.a(Timer_PB.o)
 .ARM.attributes
                0x000002fc       0x33 .\CortexM3\ARM_GCC_541\Debug\ASSIGNMENT_finale_4.a(ISR_PB_LOW.o)
 .ARM.attributes
                0x0000032f       0x33 .\CortexM3\ARM_GCC_541\Debug\ASSIGNMENT_finale_4.a(ISR_PB_HIGH.o)
 .ARM.attributes
                0x00000362       0x21 .\CortexM3\ARM_GCC_541\Debug\ASSIGNMENT_finale_4.a(CyBootAsmGnu.o)
 .ARM.attributes
                0x00000383       0x33 .\CortexM3\ARM_GCC_541\Debug\ASSIGNMENT_finale_4.a(CyFlash.o)
 .ARM.attributes
                0x000003b6       0x33 .\CortexM3\ARM_GCC_541\Debug\ASSIGNMENT_finale_4.a(CySpc.o)
 .ARM.attributes
                0x000003e9       0x2d c:/program files/cypress/psoc creator/4.3/psoc creator/import/gnu/arm/5.4.1/bin/../lib/gcc/arm-none-eabi/5.4.1/../../../../arm-none-eabi/lib/armv7-m\libg_nano.a(lib_a-errno.o)
 .ARM.attributes
                0x00000416       0x2d c:/program files/cypress/psoc creator/4.3/psoc creator/import/gnu/arm/5.4.1/bin/../lib/gcc/arm-none-eabi/5.4.1/../../../../arm-none-eabi/lib/armv7-m\libg_nano.a(lib_a-exit.o)
 .ARM.attributes
                0x00000443       0x2d c:/program files/cypress/psoc creator/4.3/psoc creator/import/gnu/arm/5.4.1/bin/../lib/gcc/arm-none-eabi/5.4.1/../../../../arm-none-eabi/lib/armv7-m\libg_nano.a(lib_a-impure.o)
 .ARM.attributes
                0x00000470       0x2d c:/program files/cypress/psoc creator/4.3/psoc creator/import/gnu/arm/5.4.1/bin/../lib/gcc/arm-none-eabi/5.4.1/../../../../arm-none-eabi/lib/armv7-m\libg_nano.a(lib_a-init.o)
 .ARM.attributes
                0x0000049d       0x2d c:/program files/cypress/psoc creator/4.3/psoc creator/import/gnu/arm/5.4.1/bin/../lib/gcc/arm-none-eabi/5.4.1/../../../../arm-none-eabi/lib/armv7-m\libg_nano.a(lib_a-memcpy-stub.o)
 .ARM.attributes
                0x000004ca       0x2d c:/program files/cypress/psoc creator/4.3/psoc creator/import/gnu/arm/5.4.1/bin/../lib/gcc/arm-none-eabi/5.4.1/../../../../arm-none-eabi/lib/armv7-m\libg_nano.a(lib_a-memset.o)
 .ARM.attributes
                0x000004f7       0x2d c:/program files/cypress/psoc creator/4.3/psoc creator/import/gnu/arm/5.4.1/bin/../lib/gcc/arm-none-eabi/5.4.1/../../../../arm-none-eabi/lib/armv7-m\libg_nano.a(lib_a-sprintf.o)
 .ARM.attributes
                0x00000524       0x2d c:/program files/cypress/psoc creator/4.3/psoc creator/import/gnu/arm/5.4.1/bin/../lib/gcc/arm-none-eabi/5.4.1/../../../../arm-none-eabi/lib/armv7-m\libg_nano.a(lib_a-nano-svfprintf.o)
 .ARM.attributes
                0x00000551       0x2d c:/program files/cypress/psoc creator/4.3/psoc creator/import/gnu/arm/5.4.1/bin/../lib/gcc/arm-none-eabi/5.4.1/../../../../arm-none-eabi/lib/armv7-m\libg_nano.a(lib_a-nano-vfprintf_i.o)
 .ARM.attributes
                0x0000057e       0x2d c:/program files/cypress/psoc creator/4.3/psoc creator/import/gnu/arm/5.4.1/bin/../lib/gcc/arm-none-eabi/5.4.1/../../../../arm-none-eabi/lib/armv7-m\libg_nano.a(lib_a-memchr-stub.o)
 .ARM.attributes
                0x000005ab       0x2d c:/program files/cypress/psoc creator/4.3/psoc creator/import/gnu/arm/5.4.1/bin/../lib/gcc/arm-none-eabi/5.4.1/../../../../arm-none-eabi/lib/armv7-m\libg_nano.a(lib_a-memmove.o)
 .ARM.attributes
                0x000005d8       0x2d c:/program files/cypress/psoc creator/4.3/psoc creator/import/gnu/arm/5.4.1/bin/../lib/gcc/arm-none-eabi/5.4.1/../../../../arm-none-eabi/lib/armv7-m\libg_nano.a(lib_a-nano-freer.o)
 .ARM.attributes
                0x00000605       0x2d c:/program files/cypress/psoc creator/4.3/psoc creator/import/gnu/arm/5.4.1/bin/../lib/gcc/arm-none-eabi/5.4.1/../../../../arm-none-eabi/lib/armv7-m\libg_nano.a(lib_a-nano-mallocr.o)
 .ARM.attributes
                0x00000632       0x2d c:/program files/cypress/psoc creator/4.3/psoc creator/import/gnu/arm/5.4.1/bin/../lib/gcc/arm-none-eabi/5.4.1/../../../../arm-none-eabi/lib/armv7-m\libg_nano.a(lib_a-nano-reallocr.o)
 .ARM.attributes
                0x0000065f       0x2d c:/program files/cypress/psoc creator/4.3/psoc creator/import/gnu/arm/5.4.1/bin/../lib/gcc/arm-none-eabi/5.4.1/../../../../arm-none-eabi/lib/armv7-m\libg_nano.a(lib_a-sbrkr.o)
 .ARM.attributes
                0x0000068c       0x2d c:/program files/cypress/psoc creator/4.3/psoc creator/import/gnu/arm/5.4.1/bin/../lib/gcc/arm-none-eabi/5.4.1/../../../../arm-none-eabi/lib/armv7-m\libg_nano.a(lib_a-mlock.o)
 .ARM.attributes
                0x000006b9       0x2d c:/program files/cypress/psoc creator/4.3/psoc creator/import/gnu/arm/5.4.1/bin/../lib/gcc/arm-none-eabi/5.4.1/../../../../arm-none-eabi/lib/armv7-m\libg_nano.a(lib_a-nano-msizer.o)
 .ARM.attributes
                0x000006e6       0x2d c:/program files/cypress/psoc creator/4.3/psoc creator/import/gnu/arm/5.4.1/bin/../lib/gcc/arm-none-eabi/5.4.1/../../../../arm-none-eabi/lib/armv7-m\libg_nano.a(lib_a-reent.o)
 .ARM.attributes
                0x00000713       0x2d c:/program files/cypress/psoc creator/4.3/psoc creator/import/gnu/arm/5.4.1/bin/../lib/gcc/arm-none-eabi/5.4.1/armv7-m/crtend.o
 .ARM.attributes
                0x00000740       0x1d c:/program files/cypress/psoc creator/4.3/psoc creator/import/gnu/arm/5.4.1/bin/../lib/gcc/arm-none-eabi/5.4.1/armv7-m/crtn.o

/DISCARD/
 *(.note.GNU-stack)
OUTPUT(C:\Users\LIUX\Desktop\PROGETTI_COMPLETI\ASSIGNMENT_finale_4\ASSIGNMENT_finale_4.cydsn\CortexM3\ARM_GCC_541\Debug\ASSIGNMENT_finale_4.elf elf32-littlearm)
