Archive member included to satisfy reference by file (symbol)

.\CortexM3\ARM_GCC_541\Debug\ASSIGNMENT_finale_4.a(UART.o)
                              .\CortexM3\ARM_GCC_541\Debug\main.o (UART_Start)
.\CortexM3\ARM_GCC_541\Debug\ASSIGNMENT_finale_4.a(I2C_Master.o)
                              .\CortexM3\ARM_GCC_541\Debug\I2C_Interface.o (I2C_Master_Start)
.\CortexM3\ARM_GCC_541\Debug\ASSIGNMENT_finale_4.a(I2C_Master_INT.o)
                              .\CortexM3\ARM_GCC_541\Debug\ASSIGNMENT_finale_4.a(I2C_Master.o) (I2C_Master_ISR)
.\CortexM3\ARM_GCC_541\Debug\ASSIGNMENT_finale_4.a(I2C_Master_PM.o)
                              .\CortexM3\ARM_GCC_541\Debug\ASSIGNMENT_finale_4.a(I2C_Master.o) (I2C_Master_backup)
.\CortexM3\ARM_GCC_541\Debug\ASSIGNMENT_finale_4.a(I2C_Master_MASTER.o)
                              .\CortexM3\ARM_GCC_541\Debug\ASSIGNMENT_finale_4.a(I2C_Master.o) (I2C_Master_mstrStatus)
.\CortexM3\ARM_GCC_541\Debug\ASSIGNMENT_finale_4.a(CS_1.o)
                              .\CortexM3\ARM_GCC_541\Debug\SPI_Interface.o (CS_1_Write)
.\CortexM3\ARM_GCC_541\Debug\ASSIGNMENT_finale_4.a(AMux.o)
                              .\CortexM3\ARM_GCC_541\Debug\main.o (AMux_Start)
.\CortexM3\ARM_GCC_541\Debug\ASSIGNMENT_finale_4.a(isr_FIFO.o)
                              .\CortexM3\ARM_GCC_541\Debug\main.o (isr_FIFO_StartEx)
.\CortexM3\ARM_GCC_541\Debug\ASSIGNMENT_finale_4.a(UART_IntClock.o)
                              .\CortexM3\ARM_GCC_541\Debug\ASSIGNMENT_finale_4.a(UART.o) (UART_IntClock_Start)
.\CortexM3\ARM_GCC_541\Debug\ASSIGNMENT_finale_4.a(CyLib.o)
                              .\CortexM3\ARM_GCC_541\Debug\Cm3Start.o (CyHalt)
.\CortexM3\ARM_GCC_541\Debug\ASSIGNMENT_finale_4.a(cyPm.o)
                              .\CortexM3\ARM_GCC_541\Debug\ASSIGNMENT_finale_4.a(CyLib.o) (CyPmReadStatus)
.\CortexM3\ARM_GCC_541\Debug\ASSIGNMENT_finale_4.a(SPIM_1.o)
                              .\CortexM3\ARM_GCC_541\Debug\SPI_Interface.o (SPIM_1_ReadTxStatus)
.\CortexM3\ARM_GCC_541\Debug\ASSIGNMENT_finale_4.a(SPIM_1_INT.o)
                              .\CortexM3\ARM_GCC_541\Debug\ASSIGNMENT_finale_4.a(SPIM_1.o) (SPIM_1_TX_ISR)
.\CortexM3\ARM_GCC_541\Debug\ASSIGNMENT_finale_4.a(SPIM_1_IntClock.o)
                              .\CortexM3\ARM_GCC_541\Debug\ASSIGNMENT_finale_4.a(SPIM_1.o) (SPIM_1_IntClock_Start)
.\CortexM3\ARM_GCC_541\Debug\ASSIGNMENT_finale_4.a(ISR_PB_HIGH.o)
                              .\CortexM3\ARM_GCC_541\Debug\InterruptRoutines.o (ISR_PB_HIGH_Enable)
.\CortexM3\ARM_GCC_541\Debug\ASSIGNMENT_finale_4.a(ISR_PB_LOW.o)
                              .\CortexM3\ARM_GCC_541\Debug\InterruptRoutines.o (ISR_PB_LOW_Enable)
.\CortexM3\ARM_GCC_541\Debug\ASSIGNMENT_finale_4.a(Timer_PB.o)
                              .\CortexM3\ARM_GCC_541\Debug\InterruptRoutines.o (Timer_PB_Stop)
.\CortexM3\ARM_GCC_541\Debug\ASSIGNMENT_finale_4.a(ADC.o)
                              .\CortexM3\ARM_GCC_541\Debug\main.o (ADC_Start)
.\CortexM3\ARM_GCC_541\Debug\ASSIGNMENT_finale_4.a(ADC_INT.o)
                              .\CortexM3\ARM_GCC_541\Debug\ASSIGNMENT_finale_4.a(ADC.o) (ADC_ISR1)
.\CortexM3\ARM_GCC_541\Debug\ASSIGNMENT_finale_4.a(pin_LED_EXT.o)
                              .\CortexM3\ARM_GCC_541\Debug\main.o (pin_LED_EXT_Write)
.\CortexM3\ARM_GCC_541\Debug\ASSIGNMENT_finale_4.a(isr_RX.o)
                              .\CortexM3\ARM_GCC_541\Debug\main.o (isr_RX_StartEx)
.\CortexM3\ARM_GCC_541\Debug\ASSIGNMENT_finale_4.a(PWM.o)
                              .\CortexM3\ARM_GCC_541\Debug\InterruptRoutines.o (PWM_Stop)
.\CortexM3\ARM_GCC_541\Debug\ASSIGNMENT_finale_4.a(Timer_sensor.o)
                              .\CortexM3\ARM_GCC_541\Debug\main.o (Timer_sensor_Stop)
.\CortexM3\ARM_GCC_541\Debug\ASSIGNMENT_finale_4.a(isr_TIMER.o)
                              .\CortexM3\ARM_GCC_541\Debug\main.o (isr_TIMER_StartEx)
.\CortexM3\ARM_GCC_541\Debug\ASSIGNMENT_finale_4.a(ADC_AMux.o)
                              .\CortexM3\ARM_GCC_541\Debug\ASSIGNMENT_finale_4.a(ADC.o) (ADC_AMux_Select)
.\CortexM3\ARM_GCC_541\Debug\ASSIGNMENT_finale_4.a(ADC_Ext_CP_Clk.o)
                              .\CortexM3\ARM_GCC_541\Debug\ASSIGNMENT_finale_4.a(ADC.o) (ADC_Ext_CP_Clk_SetModeRegister)
.\CortexM3\ARM_GCC_541\Debug\ASSIGNMENT_finale_4.a(ADC_theACLK.o)
                              .\CortexM3\ARM_GCC_541\Debug\ASSIGNMENT_finale_4.a(ADC.o) (ADC_theACLK_SetModeRegister)
.\CortexM3\ARM_GCC_541\Debug\ASSIGNMENT_finale_4.a(CyBootAsmGnu.o)
                              .\CortexM3\ARM_GCC_541\Debug\cyfitter_cfg.o (CyDelayCycles)
.\CortexM3\ARM_GCC_541\Debug\ASSIGNMENT_finale_4.a(CyFlash.o)
                              .\CortexM3\ARM_GCC_541\Debug\ASSIGNMENT_finale_4.a(cyPm.o) (CyFlash_SetWaitCycles)
.\CortexM3\ARM_GCC_541\Debug\ASSIGNMENT_finale_4.a(CySpc.o)
                              .\CortexM3\ARM_GCC_541\Debug\ASSIGNMENT_finale_4.a(CyFlash.o) (CySpcStart)
[...]
Memory Configuration

Name             Origin             Length             Attributes
rom              0x00000000         0x00040000         xr
ram              0x1fff8000         0x00010000         xrw
*default*        0x00000000         0xffffffff

Linker script and memory map

LOAD c:/program files (x86)/cypress/psoc creator/4.3/psoc creator/import/gnu/arm/5.4.1/bin/../lib/gcc/arm-none-eabi/5.4.1/armv7-m/crti.o
LOAD c:/program files (x86)/cypress/psoc creator/4.3/psoc creator/import/gnu/arm/5.4.1/bin/../lib/gcc/arm-none-eabi/5.4.1/armv7-m/crtbegin.o
LOAD c:/program files (x86)/cypress/psoc creator/4.3/psoc creator/import/gnu/arm/5.4.1/bin/../lib/gcc/arm-none-eabi/5.4.1/../../../../arm-none-eabi/lib/armv7-m/crt0.o
START GROUP
LOAD .\CortexM3\ARM_GCC_541\Debug\main.o
LOAD .\CortexM3\ARM_GCC_541\Debug\SPI_Interface.o
LOAD .\CortexM3\ARM_GCC_541\Debug\InterruptRoutines.o
LOAD .\CortexM3\ARM_GCC_541\Debug\I2C_Interface.o
LOAD .\CortexM3\ARM_GCC_541\Debug\25LC256.o
LOAD .\CortexM3\ARM_GCC_541\Debug\Pages.o
LOAD .\CortexM3\ARM_GCC_541\Debug\cyfitter_cfg.o
LOAD .\CortexM3\ARM_GCC_541\Debug\cymetadata.o
LOAD .\CortexM3\ARM_GCC_541\Debug\Cm3Start.o
LOAD .\CortexM3\ARM_GCC_541\Debug\ASSIGNMENT_finale_4.a
LOAD C:\Program Files (x86)\Cypress\PSoC Creator\4.3\PSoC Creator\psoc\content\cycomponentlibrary\CyComponentLibrary.cylib\CortexM3\ARM_GCC_541\Debug\CyComponentLibrary.a
END GROUP
START GROUP
LOAD c:/program files (x86)/cypress/psoc creator/4.3/psoc creator/import/gnu/arm/5.4.1/bin/../lib/gcc/arm-none-eabi/5.4.1/armv7-m\libgcc.a
LOAD c:/program files (x86)/cypress/psoc creator/4.3/psoc creator/import/gnu/arm/5.4.1/bin/../lib/gcc/arm-none-eabi/5.4.1/../../../../arm-none-eabi/lib/armv7-m\libg_nano.a
LOAD c:/program files (x86)/cypress/psoc creator/4.3/psoc creator/import/gnu/arm/5.4.1/bin/../lib/gcc/arm-none-eabi/5.4.1/../../../../arm-none-eabi/lib/armv7-m\libc_nano.a
END GROUP
START GROUP
LOAD c:/program files (x86)/cypress/psoc creator/4.3/psoc creator/import/gnu/arm/5.4.1/bin/../lib/gcc/arm-none-eabi/5.4.1/armv7-m\libgcc.a
LOAD c:/program files (x86)/cypress/psoc creator/4.3/psoc creator/import/gnu/arm/5.4.1/bin/../lib/gcc/arm-none-eabi/5.4.1/../../../../arm-none-eabi/lib/armv7-m\libc_nano.a
END GROUP
LOAD c:/program files (x86)/cypress/psoc creator/4.3/psoc creator/import/gnu/arm/5.4.1/bin/../lib/gcc/arm-none-eabi/5.4.1/armv7-m/crtend.o
LOAD c:/program files (x86)/cypress/psoc creator/4.3/psoc creator/import/gnu/arm/5.4.1/bin/../lib/gcc/arm-none-eabi/5.4.1/armv7-m/crtn.o
START GROUP
LOAD c:/program files (x86)/cypress/psoc creator/4.3/psoc creator/import/gnu/arm/5.4.1/bin/../lib/gcc/arm-none-eabi/5.4.1/armv7-m\libgcc.a
LOAD c:/program files (x86)/cypress/psoc creator/4.3/psoc creator/import/gnu/arm/5.4.1/bin/../lib/gcc/arm-none-eabi/5.4.1/../../../../arm-none-eabi/lib/armv7-m\libc.a
LOAD c:/program files (x86)/cypress/psoc creator/4.3/psoc creator/import/gnu/arm/5.4.1/bin/../lib/gcc/arm-none-eabi/5.4.1/../../../../arm-none-eabi/lib/armv7-m\libnosys.a
END GROUP
                0x00000000                CY_APPL_ORIGIN = 0x0
                0x00000100                CY_FLASH_ROW_SIZE = 0x100
                0x00000020                CY_ECC_ROW_SIZE = 0x20
                0x00000000                CY_EE_IN_BTLDR = 0x0
                0x00000000                CY_APPL_LOADABLE = 0x0
                0x00000800                CY_EE_SIZE = 0x800
                0x00000001                CY_APPL_NUM = 0x1
                0x00000001                CY_APPL_MAX = 0x1
                0x00000040                CY_METADATA_SIZE = 0x40
                0x00000000                CY_APPL_LOADABLE = 0x0
                0x00000000                CY_CHECKSUM_EXCLUDE_SIZE = ALIGN (0x0, CY_FLASH_ROW_SIZE)
                [!provide]                PROVIDE (__cy_heap_start, _end)
                0x00000001                PROVIDE (__cy_region_num, ((__cy_regions_end - __cy_regions) / 0x10))
                0x20008000                PROVIDE (__cy_stack, (ORIGIN (ram) + LENGTH (ram)))
                [!provide]                PROVIDE (__cy_heap_end, (__cy_stack - 0x800))

.cybootloader   0x00000000        0x0
 *(.cybootloader)
                0x00000000                appl1_start = CY_APPL_ORIGIN?CY_APPL_ORIGIN:ALIGN (CY_FLASH_ROW_SIZE)
                0x0001ff00                appl2_start = (appl1_start + ALIGN ((((LENGTH (rom) - appl1_start) - (0x2 * CY_FLASH_ROW_SIZE)) / 0x2), CY_FLASH_ROW_SIZE))
                0x00000000                appl_start = (CY_APPL_NUM == 0x1)?appl1_start:appl2_start
                0x00000000                ecc_offset = ((appl_start / CY_FLASH_ROW_SIZE) * CY_ECC_ROW_SIZE)
                0x00000000                ee_offset = (CY_APPL_LOADABLE && ! (CY_EE_IN_BTLDR))?((CY_EE_SIZE / CY_APPL_MAX) * (CY_APPL_NUM - 0x1)):0x0
                0x00000800                ee_size = (CY_APPL_LOADABLE && ! (CY_EE_IN_BTLDR))?(CY_EE_SIZE / CY_APPL_MAX):CY_EE_SIZE
                [!provide]                PROVIDE (CY_ECC_OFFSET, ecc_offset)

.text           0x00000000     0x49e0
 CREATE_OBJECT_SYMBOLS
                0x00000000                PROVIDE (__cy_interrupt_vector, RomVectors)
 *(.romvectors)
 .romvectors    0x00000000       0x10 .\CortexM3\ARM_GCC_541\Debug\Cm3Start.o
                0x00000000                RomVectors
                0x00000001                ASSERT ((. != __cy_interrupt_vector), No interrupt vector)
                0x00000001                ASSERT (CY_APPL_ORIGIN?(SIZEOF (.cybootloader) <= CY_APPL_ORIGIN):0x1, Wrong image location)
                0x00000010                PROVIDE (__cy_reset, Reset)
 *(.text.Reset)
 .text.Reset    0x00000010       0x18 .\CortexM3\ARM_GCC_541\Debug\Cm3Start.o
                0x00000010                Reset
                0x00000001                ASSERT ((. != __cy_reset), No reset code)
 *(.dma_init)
                0x00000001                ASSERT ((((appl_start + .) <= 0x10000) || 0x1), DMA Init must be within the first 64k of flash)
 *(.text .text.* .gnu.linkonce.t.*)
 .text          0x00000028       0x5c c:/program files (x86)/cypress/psoc creator/4.3/psoc creator/import/gnu/arm/5.4.1/bin/../lib/gcc/arm-none-eabi/5.4.1/armv7-m/crtbegin.o
 *fill*         0x00000084        0x4 
 .text.main     0x00000088      0x9a4 .\CortexM3\ARM_GCC_541\Debug\main.o
                0x00000088                main
 .text.SPI_Interface_tradeByte
                0x00000a2c       0x2c .\CortexM3\ARM_GCC_541\Debug\SPI_Interface.o
                0x00000a2c                SPI_Interface_tradeByte
 .text.SPI_Interface_ReadByte
                0x00000a58       0x34 .\CortexM3\ARM_GCC_541\Debug\SPI_Interface.o
                0x00000a58                SPI_Interface_ReadByte
 .text.SPI_Interface_Multi_RW
                0x00000a8c       0xb8 .\CortexM3\ARM_GCC_541\Debug\SPI_Interface.o
                0x00000a8c                SPI_Interface_Multi_RW
 .text.CHANGE_ADC_SF
                0x00000b44       0x1c .\CortexM3\ARM_GCC_541\Debug\InterruptRoutines.o
                0x00000b44                CHANGE_ADC_SF
 .text.Custom_FIFO_ISR
                0x00000b60       0x54 .\CortexM3\ARM_GCC_541\Debug\InterruptRoutines.o
                0x00000b60                Custom_FIFO_ISR
 .text.Custom_TIMER_ISR
                0x00000bb4       0xa8 .\CortexM3\ARM_GCC_541\Debug\InterruptRoutines.o
                0x00000bb4                Custom_TIMER_ISR
 .text.LED_ACQUISITION_ON_TOGGLE
                0x00000c5c       0x10 .\CortexM3\ARM_GCC_541\Debug\InterruptRoutines.o
                0x00000c5c                LED_ACQUISITION_ON_TOGGLE
 .text.LED_EEPROM_FULL_TOGGLE
                0x00000c6c       0x10 .\CortexM3\ARM_GCC_541\Debug\InterruptRoutines.o
                0x00000c6c                LED_EEPROM_FULL_TOGGLE
 .text.Custom_ISR_RX
                0x00000c7c      0x4f8 .\CortexM3\ARM_GCC_541\Debug\InterruptRoutines.o
                0x00000c7c                Custom_ISR_RX
 .text.ISR_PB_LOW
                0x00001174       0x14 .\CortexM3\ARM_GCC_541\Debug\InterruptRoutines.o
                0x00001174                ISR_PB_LOW
 .text.ISR_PB_HIGH
                0x00001188       0x94 .\CortexM3\ARM_GCC_541\Debug\InterruptRoutines.o
                0x00001188                ISR_PB_HIGH
 .text.I2C_Peripheral_Start
                0x0000121c        0xc .\CortexM3\ARM_GCC_541\Debug\I2C_Interface.o
                0x0000121c                I2C_Peripheral_Start
 .text.I2C_Peripheral_ReadRegisterMulti
                0x00001228       0x64 .\CortexM3\ARM_GCC_541\Debug\I2C_Interface.o
                0x00001228                I2C_Peripheral_ReadRegisterMulti
 .text.I2C_Peripheral_WriteRegister
                0x0000128c       0x30 .\CortexM3\ARM_GCC_541\Debug\I2C_Interface.o
                0x0000128c                I2C_Peripheral_WriteRegister
 .text.EEPROM_readStatus
                0x000012bc        0xc .\CortexM3\ARM_GCC_541\Debug\25LC256.o
                0x000012bc                EEPROM_readStatus
 .text.EEPROM_writeEnable
                0x000012c8        0xc .\CortexM3\ARM_GCC_541\Debug\25LC256.o
                0x000012c8                EEPROM_writeEnable
 .text.EEPROM_readByte
                0x000012d4       0x30 .\CortexM3\ARM_GCC_541\Debug\25LC256.o
                0x000012d4                EEPROM_readByte
 .text.EEPROM_writeByte
                0x00001304       0x38 .\CortexM3\ARM_GCC_541\Debug\25LC256.o
                0x00001304                EEPROM_writeByte
 .text.EEPROM_readPage
                0x0000133c       0x24 .\CortexM3\ARM_GCC_541\Debug\25LC256.o
                0x0000133c                EEPROM_readPage
 .text.EEPROM_writePage
                0x00001360       0x5c .\CortexM3\ARM_GCC_541\Debug\25LC256.o
                0x00001360                EEPROM_writePage
 .text.EEPROM_waitForWriteComplete
                0x000013bc       0x10 .\CortexM3\ARM_GCC_541\Debug\25LC256.o
                0x000013bc                EEPROM_waitForWriteComplete
 .text.WELCOME  0x000013cc      0x178 .\CortexM3\ARM_GCC_541\Debug\Pages.o
                0x000013cc                WELCOME
 .text.INFO     0x00001544      0x130 .\CortexM3\ARM_GCC_541\Debug\Pages.o
                0x00001544                INFO
 .text.PB_INFO  0x00001674       0x98 .\CortexM3\ARM_GCC_541\Debug\Pages.o
                0x00001674                PB_INFO
 .text.CyClockStartupError
                0x0000170c        0x4 .\CortexM3\ARM_GCC_541\Debug\cyfitter_cfg.o
 .text.cfg_write_bytes32
                0x00001710       0x34 .\CortexM3\ARM_GCC_541\Debug\cyfitter_cfg.o
 .text.AnalogSetDefault
                0x00001744       0x30 .\CortexM3\ARM_GCC_541\Debug\cyfitter_cfg.o
 .text.CYMEMZERO
                0x00001774        0xc .\CortexM3\ARM_GCC_541\Debug\cyfitter_cfg.o
 .text.CYCONFIGCPY
                0x00001780        0x8 .\CortexM3\ARM_GCC_541\Debug\cyfitter_cfg.o
 .text.ClockSetup
                0x00001788      0x128 .\CortexM3\ARM_GCC_541\Debug\cyfitter_cfg.o
 .text.AMux_Set
                0x000018b0       0x34 .\CortexM3\ARM_GCC_541\Debug\cyfitter_cfg.o
                0x000018b0                AMux_Set
 .text.AMux_Unset
                0x000018e4       0x38 .\CortexM3\ARM_GCC_541\Debug\cyfitter_cfg.o
                0x000018e4                AMux_Unset
 .text.ADC_AMux_Set
                0x0000191c       0x1c .\CortexM3\ARM_GCC_541\Debug\cyfitter_cfg.o
                0x0000191c                ADC_AMux_Set
 .text.ADC_AMux_Unset
                0x00001938       0x20 .\CortexM3\ARM_GCC_541\Debug\cyfitter_cfg.o
                0x00001938                ADC_AMux_Unset
 .text.cyfitter_cfg
                0x00001958      0x13c .\CortexM3\ARM_GCC_541\Debug\cyfitter_cfg.o
                0x00001958                cyfitter_cfg
 .text.IntDefaultHandler
                0x00001a94       0x10 .\CortexM3\ARM_GCC_541\Debug\Cm3Start.o
                0x00001a94                IntDefaultHandler
 .text._sbrk    0x00001aa4       0x30 .\CortexM3\ARM_GCC_541\Debug\Cm3Start.o
                0x00001aa4                _sbrk
 .text.Start_c  0x00001ad4       0x4c .\CortexM3\ARM_GCC_541\Debug\Cm3Start.o
                0x00001ad4                Start_c
 .text.initialize_psoc
                0x00001b20       0x68 .\CortexM3\ARM_GCC_541\Debug\Cm3Start.o
                0x00001b20                initialize_psoc
 .text.UART_Init
                0x00001b88       0x24 .\CortexM3\ARM_GCC_541\Debug\ASSIGNMENT_finale_4.a(UART.o)
                0x00001b88                UART_Init
 .text.UART_Enable
                0x00001bac       0x38 .\CortexM3\ARM_GCC_541\Debug\ASSIGNMENT_finale_4.a(UART.o)
                0x00001bac                UART_Enable
 .text.UART_Start
                0x00001be4       0x1c .\CortexM3\ARM_GCC_541\Debug\ASSIGNMENT_finale_4.a(UART.o)
                0x00001be4                UART_Start
 .text.UART_GetChar
                0x00001c00       0x2c .\CortexM3\ARM_GCC_541\Debug\ASSIGNMENT_finale_4.a(UART.o)
                0x00001c00                UART_GetChar
 .text.UART_PutChar
                0x00001c2c       0x18 .\CortexM3\ARM_GCC_541\Debug\ASSIGNMENT_finale_4.a(UART.o)
                0x00001c2c                UART_PutChar
 .text.UART_PutString
                0x00001c44       0x24 .\CortexM3\ARM_GCC_541\Debug\ASSIGNMENT_finale_4.a(UART.o)
                0x00001c44                UART_PutString
 .text.UART_PutArray
                0x00001c68       0x28 .\CortexM3\ARM_GCC_541\Debug\ASSIGNMENT_finale_4.a(UART.o)
                0x00001c68                UART_PutArray
 .text.UART_ClearTxBuffer
                0x00001c90       0x24 .\CortexM3\ARM_GCC_541\Debug\ASSIGNMENT_finale_4.a(UART.o)
                0x00001c90                UART_ClearTxBuffer
 .text.I2C_Master_Init
                0x00001cb4       0x68 .\CortexM3\ARM_GCC_541\Debug\ASSIGNMENT_finale_4.a(I2C_Master.o)
                0x00001cb4                I2C_Master_Init
 .text.I2C_Master_Enable
                0x00001d1c       0x24 .\CortexM3\ARM_GCC_541\Debug\ASSIGNMENT_finale_4.a(I2C_Master.o)
                0x00001d1c                I2C_Master_Enable
 .text.I2C_Master_Start
                0x00001d40       0x28 .\CortexM3\ARM_GCC_541\Debug\ASSIGNMENT_finale_4.a(I2C_Master.o)
                0x00001d40                I2C_Master_Start
 .text.I2C_Master_ISR
                0x00001d68      0x2d0 .\CortexM3\ARM_GCC_541\Debug\ASSIGNMENT_finale_4.a(I2C_Master_INT.o)
                0x00001d68                I2C_Master_ISR
 .text.I2C_Master_MasterSendStart
                0x00002038       0x80 .\CortexM3\ARM_GCC_541\Debug\ASSIGNMENT_finale_4.a(I2C_Master_MASTER.o)
                0x00002038                I2C_Master_MasterSendStart
 .text.I2C_Master_MasterSendRestart
                0x000020b8       0x6c .\CortexM3\ARM_GCC_541\Debug\ASSIGNMENT_finale_4.a(I2C_Master_MASTER.o)
                0x000020b8                I2C_Master_MasterSendRestart
 .text.I2C_Master_MasterSendStop
                0x00002124       0x38 .\CortexM3\ARM_GCC_541\Debug\ASSIGNMENT_finale_4.a(I2C_Master_MASTER.o)
                0x00002124                I2C_Master_MasterSendStop
 .text.I2C_Master_MasterWriteByte
                0x0000215c       0x58 .\CortexM3\ARM_GCC_541\Debug\ASSIGNMENT_finale_4.a(I2C_Master_MASTER.o)
                0x0000215c                I2C_Master_MasterWriteByte
 .text.I2C_Master_MasterReadByte
                0x000021b4       0x58 .\CortexM3\ARM_GCC_541\Debug\ASSIGNMENT_finale_4.a(I2C_Master_MASTER.o)
                0x000021b4                I2C_Master_MasterReadByte
 .text.CS_1_Write
                0x0000220c       0x18 .\CortexM3\ARM_GCC_541\Debug\ASSIGNMENT_finale_4.a(CS_1.o)
                0x0000220c                CS_1_Write
 .text.AMux_Start
                0x00002224       0x20 .\CortexM3\ARM_GCC_541\Debug\ASSIGNMENT_finale_4.a(AMux.o)
                0x00002224                AMux_Start
 .text.AMux_Select
                0x00002244       0x18 .\CortexM3\ARM_GCC_541\Debug\ASSIGNMENT_finale_4.a(AMux.o)
                0x00002244                AMux_Select
 .text.isr_FIFO_SetVector
                0x0000225c        0xc .\CortexM3\ARM_GCC_541\Debug\ASSIGNMENT_finale_4.a(isr_FIFO.o)
                0x0000225c                isr_FIFO_SetVector
 .text.isr_FIFO_SetPriority
                0x00002268       0x10 .\CortexM3\ARM_GCC_541\Debug\ASSIGNMENT_finale_4.a(isr_FIFO.o)
                0x00002268                isr_FIFO_SetPriority
 .text.isr_FIFO_Enable
                0x00002278        0xc .\CortexM3\ARM_GCC_541\Debug\ASSIGNMENT_finale_4.a(isr_FIFO.o)
                0x00002278                isr_FIFO_Enable
 .text.isr_FIFO_Disable
                0x00002284        0xc .\CortexM3\ARM_GCC_541\Debug\ASSIGNMENT_finale_4.a(isr_FIFO.o)
                0x00002284                isr_FIFO_Disable
 .text.isr_FIFO_StartEx
                0x00002290       0x1c .\CortexM3\ARM_GCC_541\Debug\ASSIGNMENT_finale_4.a(isr_FIFO.o)
                0x00002290                isr_FIFO_StartEx
 .text.UART_IntClock_Start
                0x000022ac       0x1c .\CortexM3\ARM_GCC_541\Debug\ASSIGNMENT_finale_4.a(UART_IntClock.o)
                0x000022ac                UART_IntClock_Start
 .text.CyHalt   0x000022c8        0x4 .\CortexM3\ARM_GCC_541\Debug\ASSIGNMENT_finale_4.a(CyLib.o)
                0x000022c8                CyHalt
 .text.CyDelay  0x000022cc       0x2c .\CortexM3\ARM_GCC_541\Debug\ASSIGNMENT_finale_4.a(CyLib.o)
                0x000022cc                CyDelay
 .text.CyDelayUs
                0x000022f8       0x14 .\CortexM3\ARM_GCC_541\Debug\ASSIGNMENT_finale_4.a(CyLib.o)
                0x000022f8                CyDelayUs
 .text.CyIntSetVector
                0x0000230c       0x28 .\CortexM3\ARM_GCC_541\Debug\ASSIGNMENT_finale_4.a(CyLib.o)
                0x0000230c                CyIntSetVector
 .text.CyIntSetPriority
                0x00002334       0x30 .\CortexM3\ARM_GCC_541\Debug\ASSIGNMENT_finale_4.a(CyLib.o)
                0x00002334                CyIntSetPriority
 .text.SPIM_1_EnableTxInt
                0x00002364        0xc .\CortexM3\ARM_GCC_541\Debug\ASSIGNMENT_finale_4.a(SPIM_1.o)
                0x00002364                SPIM_1_EnableTxInt
 .text.SPIM_1_EnableRxInt
                0x00002370        0xc .\CortexM3\ARM_GCC_541\Debug\ASSIGNMENT_finale_4.a(SPIM_1.o)
                0x00002370                SPIM_1_EnableRxInt
 .text.SPIM_1_Enable
                0x0000237c       0x3c .\CortexM3\ARM_GCC_541\Debug\ASSIGNMENT_finale_4.a(SPIM_1.o)
                0x0000237c                SPIM_1_Enable
 .text.SPIM_1_DisableTxInt
                0x000023b8        0xc .\CortexM3\ARM_GCC_541\Debug\ASSIGNMENT_finale_4.a(SPIM_1.o)
                0x000023b8                SPIM_1_DisableTxInt
 .text.SPIM_1_DisableRxInt
                0x000023c4        0xc .\CortexM3\ARM_GCC_541\Debug\ASSIGNMENT_finale_4.a(SPIM_1.o)
                0x000023c4                SPIM_1_DisableRxInt
 .text.SPIM_1_ReadTxStatus
                0x000023d0       0x28 .\CortexM3\ARM_GCC_541\Debug\ASSIGNMENT_finale_4.a(SPIM_1.o)
                0x000023d0                SPIM_1_ReadTxStatus
 .text.SPIM_1_ReadRxStatus
                0x000023f8       0x28 .\CortexM3\ARM_GCC_541\Debug\ASSIGNMENT_finale_4.a(SPIM_1.o)
                0x000023f8                SPIM_1_ReadRxStatus
 .text.SPIM_1_WriteTxData
                0x00002420       0xd4 .\CortexM3\ARM_GCC_541\Debug\ASSIGNMENT_finale_4.a(SPIM_1.o)
                0x00002420                SPIM_1_WriteTxData
 .text.SPIM_1_ReadRxData
                0x000024f4       0x64 .\CortexM3\ARM_GCC_541\Debug\ASSIGNMENT_finale_4.a(SPIM_1.o)
                0x000024f4                SPIM_1_ReadRxData
 .text.SPIM_1_ClearRxBuffer
                0x00002558       0x40 .\CortexM3\ARM_GCC_541\Debug\ASSIGNMENT_finale_4.a(SPIM_1.o)
                0x00002558                SPIM_1_ClearRxBuffer
 .text.SPIM_1_ClearTxBuffer
                0x00002598       0x54 .\CortexM3\ARM_GCC_541\Debug\ASSIGNMENT_finale_4.a(SPIM_1.o)
                0x00002598                SPIM_1_ClearTxBuffer
 .text.SPIM_1_PutArray
                0x000025ec       0x20 .\CortexM3\ARM_GCC_541\Debug\ASSIGNMENT_finale_4.a(SPIM_1.o)
                0x000025ec                SPIM_1_PutArray
 .text.SPIM_1_ClearFIFO
                0x0000260c       0x3c .\CortexM3\ARM_GCC_541\Debug\ASSIGNMENT_finale_4.a(SPIM_1.o)
                0x0000260c                SPIM_1_ClearFIFO
 .text.SPIM_1_Init
                0x00002648       0x90 .\CortexM3\ARM_GCC_541\Debug\ASSIGNMENT_finale_4.a(SPIM_1.o)
                0x00002648                SPIM_1_Init
 .text.SPIM_1_Start
                0x000026d8       0x1c .\CortexM3\ARM_GCC_541\Debug\ASSIGNMENT_finale_4.a(SPIM_1.o)
                0x000026d8                SPIM_1_Start
 .text.SPIM_1_TX_ISR
                0x000026f4       0xa0 .\CortexM3\ARM_GCC_541\Debug\ASSIGNMENT_finale_4.a(SPIM_1_INT.o)
                0x000026f4                SPIM_1_TX_ISR
 .text.SPIM_1_RX_ISR
                0x00002794       0xa0 .\CortexM3\ARM_GCC_541\Debug\ASSIGNMENT_finale_4.a(SPIM_1_INT.o)
                0x00002794                SPIM_1_RX_ISR
 .text.SPIM_1_IntClock_Start
                0x00002834       0x1c .\CortexM3\ARM_GCC_541\Debug\ASSIGNMENT_finale_4.a(SPIM_1_IntClock.o)
                0x00002834                SPIM_1_IntClock_Start
 .text.ISR_PB_HIGH_SetVector
                0x00002850        0xc .\CortexM3\ARM_GCC_541\Debug\ASSIGNMENT_finale_4.a(ISR_PB_HIGH.o)
                0x00002850                ISR_PB_HIGH_SetVector
 .text.ISR_PB_HIGH_SetPriority
                0x0000285c       0x10 .\CortexM3\ARM_GCC_541\Debug\ASSIGNMENT_finale_4.a(ISR_PB_HIGH.o)
                0x0000285c                ISR_PB_HIGH_SetPriority
 .text.ISR_PB_HIGH_Enable
                0x0000286c        0xc .\CortexM3\ARM_GCC_541\Debug\ASSIGNMENT_finale_4.a(ISR_PB_HIGH.o)
                0x0000286c                ISR_PB_HIGH_Enable
 .text.ISR_PB_HIGH_Disable
                0x00002878        0xc .\CortexM3\ARM_GCC_541\Debug\ASSIGNMENT_finale_4.a(ISR_PB_HIGH.o)
                0x00002878                ISR_PB_HIGH_Disable
 .text.ISR_PB_HIGH_StartEx
                0x00002884       0x1c .\CortexM3\ARM_GCC_541\Debug\ASSIGNMENT_finale_4.a(ISR_PB_HIGH.o)
                0x00002884                ISR_PB_HIGH_StartEx
 .text.ISR_PB_LOW_SetVector
                0x000028a0        0xc .\CortexM3\ARM_GCC_541\Debug\ASSIGNMENT_finale_4.a(ISR_PB_LOW.o)
                0x000028a0                ISR_PB_LOW_SetVector
 .text.ISR_PB_LOW_SetPriority
                0x000028ac       0x10 .\CortexM3\ARM_GCC_541\Debug\ASSIGNMENT_finale_4.a(ISR_PB_LOW.o)
                0x000028ac                ISR_PB_LOW_SetPriority
 .text.ISR_PB_LOW_Enable
                0x000028bc        0xc .\CortexM3\ARM_GCC_541\Debug\ASSIGNMENT_finale_4.a(ISR_PB_LOW.o)
                0x000028bc                ISR_PB_LOW_Enable
 .text.ISR_PB_LOW_Disable
                0x000028c8        0xc .\CortexM3\ARM_GCC_541\Debug\ASSIGNMENT_finale_4.a(ISR_PB_LOW.o)
                0x000028c8                ISR_PB_LOW_Disable
 .text.ISR_PB_LOW_StartEx
                0x000028d4       0x1c .\CortexM3\ARM_GCC_541\Debug\ASSIGNMENT_finale_4.a(ISR_PB_LOW.o)
                0x000028d4                ISR_PB_LOW_StartEx
 .text.Timer_PB_Enable
                0x000028f0       0x10 .\CortexM3\ARM_GCC_541\Debug\ASSIGNMENT_finale_4.a(Timer_PB.o)
                0x000028f0                Timer_PB_Enable
 .text.Timer_PB_Stop
                0x00002900       0x10 .\CortexM3\ARM_GCC_541\Debug\ASSIGNMENT_finale_4.a(Timer_PB.o)
                0x00002900                Timer_PB_Stop
 .text.Timer_PB_SetInterruptMode
                0x00002910        0xc .\CortexM3\ARM_GCC_541\Debug\ASSIGNMENT_finale_4.a(Timer_PB.o)
                0x00002910                Timer_PB_SetInterruptMode
 .text.Timer_PB_ReadStatusRegister
                0x0000291c        0xc .\CortexM3\ARM_GCC_541\Debug\ASSIGNMENT_finale_4.a(Timer_PB.o)
                0x0000291c                Timer_PB_ReadStatusRegister
 .text.Timer_PB_WritePeriod
                0x00002928        0xc .\CortexM3\ARM_GCC_541\Debug\ASSIGNMENT_finale_4.a(Timer_PB.o)
                0x00002928                Timer_PB_WritePeriod
 .text.Timer_PB_ReadCapture
                0x00002934        0xc .\CortexM3\ARM_GCC_541\Debug\ASSIGNMENT_finale_4.a(Timer_PB.o)
                0x00002934                Timer_PB_ReadCapture
 .text.Timer_PB_WriteCounter
                0x00002940        0xc .\CortexM3\ARM_GCC_541\Debug\ASSIGNMENT_finale_4.a(Timer_PB.o)
                0x00002940                Timer_PB_WriteCounter
 .text.Timer_PB_ReadCounter
                0x0000294c       0x14 .\CortexM3\ARM_GCC_541\Debug\ASSIGNMENT_finale_4.a(Timer_PB.o)
                0x0000294c                Timer_PB_ReadCounter
 .text.Timer_PB_ClearFIFO
                0x00002960       0x14 .\CortexM3\ARM_GCC_541\Debug\ASSIGNMENT_finale_4.a(Timer_PB.o)
                0x00002960                Timer_PB_ClearFIFO
 .text.Timer_PB_Init
                0x00002974       0x34 .\CortexM3\ARM_GCC_541\Debug\ASSIGNMENT_finale_4.a(Timer_PB.o)
                0x00002974                Timer_PB_Init
 .text.Timer_PB_Start
                0x000029a8       0x1c .\CortexM3\ARM_GCC_541\Debug\ASSIGNMENT_finale_4.a(Timer_PB.o)
                0x000029a8                Timer_PB_Start
 .text.ADC_GainCompensation
                0x000029c4       0xdc .\CortexM3\ARM_GCC_541\Debug\ASSIGNMENT_finale_4.a(ADC.o)
 .text.ADC_SetDSMRef0Reg
                0x00002aa0       0x4c .\CortexM3\ARM_GCC_541\Debug\ASSIGNMENT_finale_4.a(ADC.o)
 .text.ADC_InitConfig
                0x00002aec       0xe0 .\CortexM3\ARM_GCC_541\Debug\ASSIGNMENT_finale_4.a(ADC.o)
 .text.ADC_Init
                0x00002bcc       0xc4 .\CortexM3\ARM_GCC_541\Debug\ASSIGNMENT_finale_4.a(ADC.o)
                0x00002bcc                ADC_Init
 .text.ADC_Enable
                0x00002c90       0xd8 .\CortexM3\ARM_GCC_541\Debug\ASSIGNMENT_finale_4.a(ADC.o)
                0x00002c90                ADC_Enable
 .text.ADC_Start
                0x00002d68       0x28 .\CortexM3\ARM_GCC_541\Debug\ASSIGNMENT_finale_4.a(ADC.o)
                0x00002d68                ADC_Start
 .text.ADC_Stop
                0x00002d90       0xe4 .\CortexM3\ARM_GCC_541\Debug\ASSIGNMENT_finale_4.a(ADC.o)
                0x00002d90                ADC_Stop
 .text.ADC_StartConvert
                0x00002e74       0x10 .\CortexM3\ARM_GCC_541\Debug\ASSIGNMENT_finale_4.a(ADC.o)
                0x00002e74                ADC_StartConvert
 .text.ADC_StopConvert
                0x00002e84       0x10 .\CortexM3\ARM_GCC_541\Debug\ASSIGNMENT_finale_4.a(ADC.o)
                0x00002e84                ADC_StopConvert
 .text.ADC_IsEndConversion
                0x00002e94       0x30 .\CortexM3\ARM_GCC_541\Debug\ASSIGNMENT_finale_4.a(ADC.o)
                0x00002e94                ADC_IsEndConversion
 .text.ADC_GetResult32
                0x00002ec4       0x6c .\CortexM3\ARM_GCC_541\Debug\ASSIGNMENT_finale_4.a(ADC.o)
                0x00002ec4                ADC_GetResult32
 .text.ADC_Read32
                0x00002f30       0x28 .\CortexM3\ARM_GCC_541\Debug\ASSIGNMENT_finale_4.a(ADC.o)
                0x00002f30                ADC_Read32
 .text.ADC_ISR1
                0x00002f58        0x4 .\CortexM3\ARM_GCC_541\Debug\ASSIGNMENT_finale_4.a(ADC_INT.o)
                0x00002f58                ADC_ISR1
 .text.pin_LED_EXT_Write
                0x00002f5c       0x18 .\CortexM3\ARM_GCC_541\Debug\ASSIGNMENT_finale_4.a(pin_LED_EXT.o)
                0x00002f5c                pin_LED_EXT_Write
 .text.isr_RX_SetVector
                0x00002f74        0xc .\CortexM3\ARM_GCC_541\Debug\ASSIGNMENT_finale_4.a(isr_RX.o)
                0x00002f74                isr_RX_SetVector
 .text.isr_RX_SetPriority
                0x00002f80       0x10 .\CortexM3\ARM_GCC_541\Debug\ASSIGNMENT_finale_4.a(isr_RX.o)
                0x00002f80                isr_RX_SetPriority
 .text.isr_RX_Enable
                0x00002f90        0xc .\CortexM3\ARM_GCC_541\Debug\ASSIGNMENT_finale_4.a(isr_RX.o)
                0x00002f90                isr_RX_Enable
 .text.isr_RX_Disable
                0x00002f9c        0xc .\CortexM3\ARM_GCC_541\Debug\ASSIGNMENT_finale_4.a(isr_RX.o)
                0x00002f9c                isr_RX_Disable
 .text.isr_RX_StartEx
                0x00002fa8       0x1c .\CortexM3\ARM_GCC_541\Debug\ASSIGNMENT_finale_4.a(isr_RX.o)
                0x00002fa8                isr_RX_StartEx
 .text.PWM_Enable
                0x00002fc4       0x10 .\CortexM3\ARM_GCC_541\Debug\ASSIGNMENT_finale_4.a(PWM.o)
                0x00002fc4                PWM_Enable
 .text.PWM_Stop
                0x00002fd4       0x10 .\CortexM3\ARM_GCC_541\Debug\ASSIGNMENT_finale_4.a(PWM.o)
                0x00002fd4                PWM_Stop
 .text.PWM_WriteCounter
                0x00002fe4        0xc .\CortexM3\ARM_GCC_541\Debug\ASSIGNMENT_finale_4.a(PWM.o)
                0x00002fe4                PWM_WriteCounter
 .text.PWM_WritePeriod
                0x00002ff0        0xc .\CortexM3\ARM_GCC_541\Debug\ASSIGNMENT_finale_4.a(PWM.o)
                0x00002ff0                PWM_WritePeriod
 .text.PWM_WriteCompare
                0x00002ffc        0xc .\CortexM3\ARM_GCC_541\Debug\ASSIGNMENT_finale_4.a(PWM.o)
                0x00002ffc                PWM_WriteCompare
 .text.PWM_SetInterruptMode
                0x00003008        0xc .\CortexM3\ARM_GCC_541\Debug\ASSIGNMENT_finale_4.a(PWM.o)
                0x00003008                PWM_SetInterruptMode
 .text.PWM_ReadStatusRegister
                0x00003014        0xc .\CortexM3\ARM_GCC_541\Debug\ASSIGNMENT_finale_4.a(PWM.o)
                0x00003014                PWM_ReadStatusRegister
 .text.PWM_ReadCapture
                0x00003020        0xc .\CortexM3\ARM_GCC_541\Debug\ASSIGNMENT_finale_4.a(PWM.o)
                0x00003020                PWM_ReadCapture
 .text.PWM_ClearFIFO
                0x0000302c       0x14 .\CortexM3\ARM_GCC_541\Debug\ASSIGNMENT_finale_4.a(PWM.o)
                0x0000302c                PWM_ClearFIFO
 .text.PWM_Init
                0x00003040       0x50 .\CortexM3\ARM_GCC_541\Debug\ASSIGNMENT_finale_4.a(PWM.o)
                0x00003040                PWM_Init
 .text.PWM_Start
                0x00003090       0x1c .\CortexM3\ARM_GCC_541\Debug\ASSIGNMENT_finale_4.a(PWM.o)
                0x00003090                PWM_Start
 .text.Timer_sensor_Enable
                0x000030ac       0x28 .\CortexM3\ARM_GCC_541\Debug\ASSIGNMENT_finale_4.a(Timer_sensor.o)
                0x000030ac                Timer_sensor_Enable
 .text.Timer_sensor_Stop
                0x000030d4       0x28 .\CortexM3\ARM_GCC_541\Debug\ASSIGNMENT_finale_4.a(Timer_sensor.o)
                0x000030d4                Timer_sensor_Stop
 .text.Timer_sensor_SetInterruptMode
                0x000030fc        0xc .\CortexM3\ARM_GCC_541\Debug\ASSIGNMENT_finale_4.a(Timer_sensor.o)
                0x000030fc                Timer_sensor_SetInterruptMode
 .text.Timer_sensor_ReadStatusRegister
                0x00003108        0xc .\CortexM3\ARM_GCC_541\Debug\ASSIGNMENT_finale_4.a(Timer_sensor.o)
                0x00003108                Timer_sensor_ReadStatusRegister
 .text.Timer_sensor_WritePeriod
                0x00003114        0xc .\CortexM3\ARM_GCC_541\Debug\ASSIGNMENT_finale_4.a(Timer_sensor.o)
                0x00003114                Timer_sensor_WritePeriod
 .text.Timer_sensor_WriteCounter
                0x00003120        0xc .\CortexM3\ARM_GCC_541\Debug\ASSIGNMENT_finale_4.a(Timer_sensor.o)
                0x00003120                Timer_sensor_WriteCounter
 .text.Timer_sensor_Init
                0x0000312c       0x68 .\CortexM3\ARM_GCC_541\Debug\ASSIGNMENT_finale_4.a(Timer_sensor.o)
                0x0000312c                Timer_sensor_Init
 .text.Timer_sensor_Start
                0x00003194       0x1c .\CortexM3\ARM_GCC_541\Debug\ASSIGNMENT_finale_4.a(Timer_sensor.o)
                0x00003194                Timer_sensor_Start
 .text.isr_TIMER_SetVector
                0x000031b0       0x10 .\CortexM3\ARM_GCC_541\Debug\ASSIGNMENT_finale_4.a(isr_TIMER.o)
                0x000031b0                isr_TIMER_SetVector
 .text.isr_TIMER_SetPriority
                0x000031c0       0x10 .\CortexM3\ARM_GCC_541\Debug\ASSIGNMENT_finale_4.a(isr_TIMER.o)
                0x000031c0                isr_TIMER_SetPriority
 .text.isr_TIMER_Enable
                0x000031d0       0x10 .\CortexM3\ARM_GCC_541\Debug\ASSIGNMENT_finale_4.a(isr_TIMER.o)
                0x000031d0                isr_TIMER_Enable
 .text.isr_TIMER_Disable
                0x000031e0       0x10 .\CortexM3\ARM_GCC_541\Debug\ASSIGNMENT_finale_4.a(isr_TIMER.o)
                0x000031e0                isr_TIMER_Disable
 .text.isr_TIMER_StartEx
                0x000031f0       0x1c .\CortexM3\ARM_GCC_541\Debug\ASSIGNMENT_finale_4.a(isr_TIMER.o)
                0x000031f0                isr_TIMER_StartEx
 .text.ADC_AMux_Start
                0x0000320c       0x20 .\CortexM3\ARM_GCC_541\Debug\ASSIGNMENT_finale_4.a(ADC_AMux.o)
                0x0000320c                ADC_AMux_Start
 .text.ADC_AMux_Select
                0x0000322c       0x18 .\CortexM3\ARM_GCC_541\Debug\ASSIGNMENT_finale_4.a(ADC_AMux.o)
                0x0000322c                ADC_AMux_Select
 .text.ADC_Ext_CP_Clk_GetDividerRegister
                0x00003244        0xc .\CortexM3\ARM_GCC_541\Debug\ASSIGNMENT_finale_4.a(ADC_Ext_CP_Clk.o)
                0x00003244                ADC_Ext_CP_Clk_GetDividerRegister
 .text.ADC_Ext_CP_Clk_SetModeRegister
                0x00003250       0x14 .\CortexM3\ARM_GCC_541\Debug\ASSIGNMENT_finale_4.a(ADC_Ext_CP_Clk.o)
                0x00003250                ADC_Ext_CP_Clk_SetModeRegister
 .text.ADC_Ext_CP_Clk_GetSourceRegister
                0x00003264       0x10 .\CortexM3\ARM_GCC_541\Debug\ASSIGNMENT_finale_4.a(ADC_Ext_CP_Clk.o)
                0x00003264                ADC_Ext_CP_Clk_GetSourceRegister
 .text.ADC_Ext_CP_Clk_SetDividerRegister
                0x00003274       0xd8 .\CortexM3\ARM_GCC_541\Debug\ASSIGNMENT_finale_4.a(ADC_Ext_CP_Clk.o)
                0x00003274                ADC_Ext_CP_Clk_SetDividerRegister
 .text.ADC_theACLK_GetDividerRegister
                0x0000334c        0xc .\CortexM3\ARM_GCC_541\Debug\ASSIGNMENT_finale_4.a(ADC_theACLK.o)
                0x0000334c                ADC_theACLK_GetDividerRegister
 .text.ADC_theACLK_SetModeRegister
                0x00003358       0x14 .\CortexM3\ARM_GCC_541\Debug\ASSIGNMENT_finale_4.a(ADC_theACLK.o)
                0x00003358                ADC_theACLK_SetModeRegister
 .text.ADC_theACLK_GetSourceRegister
                0x0000336c       0x10 .\CortexM3\ARM_GCC_541\Debug\ASSIGNMENT_finale_4.a(ADC_theACLK.o)
                0x0000336c                ADC_theACLK_GetSourceRegister
 .text.ADC_theACLK_SetDividerRegister
                0x0000337c       0xd8 .\CortexM3\ARM_GCC_541\Debug\ASSIGNMENT_finale_4.a(ADC_theACLK.o)
                0x0000337c                ADC_theACLK_SetDividerRegister
 *fill*         0x00003454        0x4 
 .text          0x00003458       0x20 .\CortexM3\ARM_GCC_541\Debug\ASSIGNMENT_finale_4.a(CyBootAsmGnu.o)
                0x00003458                CyDelayCycles
                0x00003468                CyEnterCriticalSection
                0x00003470                CyExitCriticalSection
 .text          0x00003478      0x370 c:/program files (x86)/cypress/psoc creator/4.3/psoc creator/import/gnu/arm/5.4.1/bin/../lib/gcc/arm-none-eabi/5.4.1/armv7-m\libgcc.a(_arm_addsubdf3.o)
                0x00003478                __aeabi_drsub
                0x00003480                __aeabi_dsub
                0x00003480                __subdf3
                0x00003484                __aeabi_dadd
                0x00003484                __adddf3
                0x000036fc                __floatunsidf
                0x000036fc                __aeabi_ui2d
                0x0000371c                __floatsidf
                0x0000371c                __aeabi_i2d
                0x00003740                __aeabi_f2d
                0x00003740                __extendsfdf2
                0x0000377c                __floatundidf
                0x0000377c                __aeabi_ul2d
                0x0000378c                __floatdidf
                0x0000378c                __aeabi_l2d
 .text          0x000037e8      0x424 c:/program files (x86)/cypress/psoc creator/4.3/psoc creator/import/gnu/arm/5.4.1/bin/../lib/gcc/arm-none-eabi/5.4.1/armv7-m\libgcc.a(_arm_muldivdf3.o)
                0x000037e8                __aeabi_dmul
                0x000037e8                __muldf3
                0x00003a3c                __divdf3
                0x00003a3c                __aeabi_ddiv
 .text          0x00003c0c       0x50 c:/program files (x86)/cypress/psoc creator/4.3/psoc creator/import/gnu/arm/5.4.1/bin/../lib/gcc/arm-none-eabi/5.4.1/armv7-m\libgcc.a(_arm_fixdfsi.o)
                0x00003c0c                __aeabi_d2iz
                0x00003c0c                __fixdfsi
 .text          0x00003c5c      0x21c c:/program files (x86)/cypress/psoc creator/4.3/psoc creator/import/gnu/arm/5.4.1/bin/../lib/gcc/arm-none-eabi/5.4.1/armv7-m\libgcc.a(_arm_addsubsf3.o)
                0x00003c5c                __aeabi_frsub
                0x00003c64                __subsf3
                0x00003c64                __aeabi_fsub
                0x00003c68                __aeabi_fadd
                0x00003c68                __addsf3
                0x00003dc8                __aeabi_ui2f
                0x00003dc8                __floatunsisf
                0x00003dd0                __aeabi_i2f
                0x00003dd0                __floatsisf
                0x00003dec                __aeabi_ul2f
                0x00003dec                __floatundisf
                0x00003dfc                __aeabi_l2f
                0x00003dfc                __floatdisf
 .text          0x00003e78      0x2a0 c:/program files (x86)/cypress/psoc creator/4.3/psoc creator/import/gnu/arm/5.4.1/bin/../lib/gcc/arm-none-eabi/5.4.1/armv7-m\libgcc.a(_arm_muldivsf3.o)
                0x00003e78                __mulsf3
                0x00003e78                __aeabi_fmul
                0x00003fe0                __aeabi_fdiv
                0x00003fe0                __divsf3
 .text.__errno  0x00004118        0xc c:/program files (x86)/cypress/psoc creator/4.3/psoc creator/import/gnu/arm/5.4.1/bin/../lib/gcc/arm-none-eabi/5.4.1/../../../../arm-none-eabi/lib/armv7-m\libg_nano.a(lib_a-errno.o)
                0x00004118                __errno
 .text.__libc_init_array
                0x00004124       0x4c c:/program files (x86)/cypress/psoc creator/4.3/psoc creator/import/gnu/arm/5.4.1/bin/../lib/gcc/arm-none-eabi/5.4.1/../../../../arm-none-eabi/lib/armv7-m\libg_nano.a(lib_a-init.o)
                0x00004124                __libc_init_array
 .text.memcpy   0x00004170       0x16 c:/program files (x86)/cypress/psoc creator/4.3/psoc creator/import/gnu/arm/5.4.1/bin/../lib/gcc/arm-none-eabi/5.4.1/../../../../arm-none-eabi/lib/armv7-m\libg_nano.a(lib_a-memcpy-stub.o)
                0x00004170                memcpy
 .text.memset   0x00004186       0x10 c:/program files (x86)/cypress/psoc creator/4.3/psoc creator/import/gnu/arm/5.4.1/bin/../lib/gcc/arm-none-eabi/5.4.1/../../../../arm-none-eabi/lib/armv7-m\libg_nano.a(lib_a-memset.o)
                0x00004186                memset
 *fill*         0x00004196        0x2 
 .text.sprintf  0x00004198       0x48 c:/program files (x86)/cypress/psoc creator/4.3/psoc creator/import/gnu/arm/5.4.1/bin/../lib/gcc/arm-none-eabi/5.4.1/../../../../arm-none-eabi/lib/armv7-m\libg_nano.a(lib_a-sprintf.o)
                0x00004198                siprintf
                0x00004198                sprintf
 .text.__ssputs_r
                0x000041e0       0xb2 c:/program files (x86)/cypress/psoc creator/4.3/psoc creator/import/gnu/arm/5.4.1/bin/../lib/gcc/arm-none-eabi/5.4.1/../../../../arm-none-eabi/lib/armv7-m\libg_nano.a(lib_a-nano-svfprintf.o)
                0x000041e0                __ssputs_r
 *fill*         0x00004292        0x2 
 .text._svfprintf_r
                0x00004294      0x1e8 c:/program files (x86)/cypress/psoc creator/4.3/psoc creator/import/gnu/arm/5.4.1/bin/../lib/gcc/arm-none-eabi/5.4.1/../../../../arm-none-eabi/lib/armv7-m\libg_nano.a(lib_a-nano-svfprintf.o)
                0x00004294                _svfiprintf_r
                0x00004294                _svfprintf_r
 .text._printf_common
                0x0000447c       0xec c:/program files (x86)/cypress/psoc creator/4.3/psoc creator/import/gnu/arm/5.4.1/bin/../lib/gcc/arm-none-eabi/5.4.1/../../../../arm-none-eabi/lib/armv7-m\libg_nano.a(lib_a-nano-vfprintf_i.o)
                0x0000447c                _printf_common
 .text._printf_i
                0x00004568      0x24c c:/program files (x86)/cypress/psoc creator/4.3/psoc creator/import/gnu/arm/5.4.1/bin/../lib/gcc/arm-none-eabi/5.4.1/../../../../arm-none-eabi/lib/armv7-m\libg_nano.a(lib_a-nano-vfprintf_i.o)
                0x00004568                _printf_i
 .text.memchr   0x000047b4       0x1c c:/program files (x86)/cypress/psoc creator/4.3/psoc creator/import/gnu/arm/5.4.1/bin/../lib/gcc/arm-none-eabi/5.4.1/../../../../arm-none-eabi/lib/armv7-m\libg_nano.a(lib_a-memchr-stub.o)
                0x000047b4                memchr
 .text.memmove  0x000047d0       0x36 c:/program files (x86)/cypress/psoc creator/4.3/psoc creator/import/gnu/arm/5.4.1/bin/../lib/gcc/arm-none-eabi/5.4.1/../../../../arm-none-eabi/lib/armv7-m\libg_nano.a(lib_a-memmove.o)
                0x000047d0                memmove
 *fill*         0x00004806        0x2 
 .text._free_r  0x00004808       0x98 c:/program files (x86)/cypress/psoc creator/4.3/psoc creator/import/gnu/arm/5.4.1/bin/../lib/gcc/arm-none-eabi/5.4.1/../../../../arm-none-eabi/lib/armv7-m\libg_nano.a(lib_a-nano-freer.o)
                0x00004808                _free_r
 .text._malloc_r
                0x000048a0       0xbc c:/program files (x86)/cypress/psoc creator/4.3/psoc creator/import/gnu/arm/5.4.1/bin/../lib/gcc/arm-none-eabi/5.4.1/../../../../arm-none-eabi/lib/armv7-m\libg_nano.a(lib_a-nano-mallocr.o)
                0x000048a0                _malloc_r
 .text._realloc_r
                0x0000495c       0x4c c:/program files (x86)/cypress/psoc creator/4.3/psoc creator/import/gnu/arm/5.4.1/bin/../lib/gcc/arm-none-eabi/5.4.1/../../../../arm-none-eabi/lib/armv7-m\libg_nano.a(lib_a-nano-reallocr.o)
                0x0000495c                _realloc_r
 .text._sbrk_r  0x000049a8       0x20 c:/program files (x86)/cypress/psoc creator/4.3/psoc creator/import/gnu/arm/5.4.1/bin/../lib/gcc/arm-none-eabi/5.4.1/../../../../arm-none-eabi/lib/armv7-m\libg_nano.a(lib_a-sbrkr.o)
                0x000049a8                _sbrk_r
 .text.__malloc_lock
                0x000049c8        0x2 c:/program files (x86)/cypress/psoc creator/4.3/psoc creator/import/gnu/arm/5.4.1/bin/../lib/gcc/arm-none-eabi/5.4.1/../../../../arm-none-eabi/lib/armv7-m\libg_nano.a(lib_a-mlock.o)
                0x000049c8                __malloc_lock
 .text.__malloc_unlock
                0x000049ca        0x2 c:/program files (x86)/cypress/psoc creator/4.3/psoc creator/import/gnu/arm/5.4.1/bin/../lib/gcc/arm-none-eabi/5.4.1/../../../../arm-none-eabi/lib/armv7-m\libg_nano.a(lib_a-mlock.o)
                0x000049ca                __malloc_unlock
 .text._malloc_usable_size_r
                0x000049cc       0x14 c:/program files (x86)/cypress/psoc creator/4.3/psoc creator/import/gnu/arm/5.4.1/bin/../lib/gcc/arm-none-eabi/5.4.1/../../../../arm-none-eabi/lib/armv7-m\libg_nano.a(lib_a-nano-msizer.o)
                0x000049cc                _malloc_usable_size_r
 *(.plt)
 *(.gnu.warning)
 *(.glue_7t)
 .glue_7t       0x000049e0        0x0 linker stubs
 *(.glue_7)
 .glue_7        0x000049e0        0x0 linker stubs
 *(.vfp11_veneer)
 .vfp11_veneer  0x000049e0        0x0 linker stubs
 *(.bootloader)
 *(.ARM.extab* .gnu.linkonce.armextab.*)
 *(.gcc_except_table)

.v4_bx          0x000049e0        0x0
 .v4_bx         0x000049e0        0x0 linker stubs

.iplt           0x000049e0        0x0
 .iplt          0x000049e0        0x0 c:/program files (x86)/cypress/psoc creator/4.3/psoc creator/import/gnu/arm/5.4.1/bin/../lib/gcc/arm-none-eabi/5.4.1/armv7-m/crtbegin.o

.eh_frame_hdr
 *(.eh_frame_hdr)

.eh_frame       0x000049e0        0x4
 *(.eh_frame)
 .eh_frame      0x000049e0        0x0 c:/program files (x86)/cypress/psoc creator/4.3/psoc creator/import/gnu/arm/5.4.1/bin/../lib/gcc/arm-none-eabi/5.4.1/armv7-m/crtbegin.o
 .eh_frame      0x000049e0        0x4 c:/program files (x86)/cypress/psoc creator/4.3/psoc creator/import/gnu/arm/5.4.1/bin/../lib/gcc/arm-none-eabi/5.4.1/armv7-m/crtend.o
                [!provide]                PROVIDE (__exidx_start, .)

.ARM.exidx
 *(.ARM.exidx* .gnu.linkonce.armexidx.*)
                0x000049e4                __exidx_end = .

.rodata         0x000049e4     0x115c
 *(.rodata .rodata.* .gnu.linkonce.r.*)
 .rodata.str1.4
                0x000049e4      0x5fc .\CortexM3\ARM_GCC_541\Debug\main.o
                                0x600 (size before relaxing)
 .rodata.str1.4
                0x00004fe0       0x53 .\CortexM3\ARM_GCC_541\Debug\InterruptRoutines.o
                                 0x57 (size before relaxing)
 *fill*         0x00005033        0x1 
 .rodata.str1.4
                0x00005034      0xa0c .\CortexM3\ARM_GCC_541\Debug\Pages.o
                                0xa13 (size before relaxing)
 .rodata        0x00005a40       0x90 .\CortexM3\ARM_GCC_541\Debug\cyfitter_cfg.o
                0x00005a40                AMux__addrTable
                0x00005a50                AMux__maskTable
                0x00005a54                ADC_AMux__addrTable
                0x00005a5c                ADC_AMux__maskTable
 .rodata.str1.1
                0x00005ad0        0x2 c:/program files (x86)/cypress/psoc creator/4.3/psoc creator/import/gnu/arm/5.4.1/bin/../lib/gcc/arm-none-eabi/5.4.1/../../../../arm-none-eabi/lib/armv7-m\libg_nano.a(lib_a-impure.o)
 .rodata.str1.1
                0x00005ad2       0x11 c:/program files (x86)/cypress/psoc creator/4.3/psoc creator/import/gnu/arm/5.4.1/bin/../lib/gcc/arm-none-eabi/5.4.1/../../../../arm-none-eabi/lib/armv7-m\libg_nano.a(lib_a-nano-svfprintf.o)
 .rodata.str1.1
                0x00005ae3       0x22 c:/program files (x86)/cypress/psoc creator/4.3/psoc creator/import/gnu/arm/5.4.1/bin/../lib/gcc/arm-none-eabi/5.4.1/../../../../arm-none-eabi/lib/armv7-m\libg_nano.a(lib_a-nano-vfprintf_i.o)
                0x00005b08                . = ALIGN (0x4)
 *fill*         0x00005b05        0x3 
 *(.init)
 .init          0x00005b08        0x4 c:/program files (x86)/cypress/psoc creator/4.3/psoc creator/import/gnu/arm/5.4.1/bin/../lib/gcc/arm-none-eabi/5.4.1/armv7-m/crti.o
                0x00005b08                _init
 .init          0x00005b0c        0x8 c:/program files (x86)/cypress/psoc creator/4.3/psoc creator/import/gnu/arm/5.4.1/bin/../lib/gcc/arm-none-eabi/5.4.1/armv7-m/crtn.o
                0x00005b14                . = ALIGN (0x4)
                0x00005b14                __preinit_array_start = .
 *(.preinit_array)
                0x00005b14                __preinit_array_end = .
                0x00005b14                . = ALIGN (0x4)
                0x00005b14                __init_array_start = .
 *(SORT(.init_array.*))
 *(.init_array)
 .init_array    0x00005b14        0x4 c:/program files (x86)/cypress/psoc creator/4.3/psoc creator/import/gnu/arm/5.4.1/bin/../lib/gcc/arm-none-eabi/5.4.1/armv7-m/crtbegin.o
 .init_array    0x00005b18        0x4 .\CortexM3\ARM_GCC_541\Debug\Cm3Start.o
                0x00005b1c                __init_array_end = .
                0x00005b1c                . = ALIGN (0x4)
 *(.fini)
 .fini          0x00005b1c        0x4 c:/program files (x86)/cypress/psoc creator/4.3/psoc creator/import/gnu/arm/5.4.1/bin/../lib/gcc/arm-none-eabi/5.4.1/armv7-m/crti.o
                0x00005b1c                _fini
 .fini          0x00005b20        0x8 c:/program files (x86)/cypress/psoc creator/4.3/psoc creator/import/gnu/arm/5.4.1/bin/../lib/gcc/arm-none-eabi/5.4.1/armv7-m/crtn.o
                0x00005b28                . = ALIGN (0x4)
                0x00005b28                __fini_array_start = .
 *(.fini_array)
 .fini_array    0x00005b28        0x4 c:/program files (x86)/cypress/psoc creator/4.3/psoc creator/import/gnu/arm/5.4.1/bin/../lib/gcc/arm-none-eabi/5.4.1/armv7-m/crtbegin.o
 *(SORT(.fini_array.*))
                0x00005b2c                __fini_array_end = .
                0x00005b2c                . = ALIGN (0x4)
 *crtbegin.o(.ctors)
 *(EXCLUDE_FILE(*crtend.o) .ctors)
 *(SORT(.ctors.*))
 *crtend.o(.ctors)
                0x00005b2c                . = ALIGN (0x4)
 *crtbegin.o(.dtors)
 *(EXCLUDE_FILE(*crtend.o) .dtors)
 *(SORT(.dtors.*))
 *crtend.o(.dtors)
                0x00005b2c                . = ALIGN (0x4)
                0x00005b2c                __cy_regions = .
                0x00005b2c        0x4 LONG 0x5b40 __cy_region_init_ram
                0x00005b30        0x4 LONG 0x1fff80c8 __cy_region_start_data
                0x00005b34        0x4 LONG 0x88 __cy_region_init_size_ram
                0x00005b38        0x4 LONG 0x350 __cy_region_zero_size_ram
                0x00005b3c                __cy_regions_end = .
                0x00005b40                . = ALIGN (0x8)
 *fill*         0x00005b3c        0x4 
                0x00005b40                _etext = .

.cy_checksum_exclude
                0x00005b40        0x0
 *(.cy_checksum_exclude)

.ramvectors     0x1fff8000       0xc0
                0x1fff8000                __cy_region_start_ram = .
 *(.ramvectors)
 .ramvectors    0x1fff8000       0xc0 .\CortexM3\ARM_GCC_541\Debug\Cm3Start.o
                0x1fff8000                CyRamVectors

.noinit         0x1fff80c0        0x1
 *(.noinit)
 .noinit        0x1fff80c0        0x1 .\CortexM3\ARM_GCC_541\Debug\ASSIGNMENT_finale_4.a(CyLib.o)
                0x1fff80c0                CyResetStatus

.data           0x1fff80c8       0x88 load address 0x00005b40
                0x1fff80c8                __cy_region_start_data = .
 *(.jcr)
 .jcr           0x1fff80c8        0x0 c:/program files (x86)/cypress/psoc creator/4.3/psoc creator/import/gnu/arm/5.4.1/bin/../lib/gcc/arm-none-eabi/5.4.1/armv7-m/crtbegin.o
 .jcr           0x1fff80c8        0x4 c:/program files (x86)/cypress/psoc creator/4.3/psoc creator/import/gnu/arm/5.4.1/bin/../lib/gcc/arm-none-eabi/5.4.1/armv7-m/crtend.o
 *(.got.plt)
 *(.got)
 *(.shdata)
 *(.data .data.* .gnu.linkonce.d.*)
 .data          0x1fff80cc        0x4 .\CortexM3\ARM_GCC_541\Debug\Cm3Start.o
 .data          0x1fff80d0        0x1 .\CortexM3\ARM_GCC_541\Debug\ASSIGNMENT_finale_4.a(AMux.o)
 *fill*         0x1fff80d1        0x3 
 .data          0x1fff80d4       0x10 .\CortexM3\ARM_GCC_541\Debug\ASSIGNMENT_finale_4.a(CyLib.o)
                0x1fff80d4                cydelay_32k_ms
                0x1fff80d8                cydelay_freq_khz
                0x1fff80dc                cydelay_freq_mhz
                0x1fff80e0                cydelay_freq_hz
 .data          0x1fff80e4        0x1 .\CortexM3\ARM_GCC_541\Debug\ASSIGNMENT_finale_4.a(ADC.o)
                0x1fff80e4                ADC_Config
 .data          0x1fff80e5        0x1 .\CortexM3\ARM_GCC_541\Debug\ASSIGNMENT_finale_4.a(ADC_AMux.o)
 *fill*         0x1fff80e6        0x2 
 .data.impure_data
                0x1fff80e8       0x60 c:/program files (x86)/cypress/psoc creator/4.3/psoc creator/import/gnu/arm/5.4.1/bin/../lib/gcc/arm-none-eabi/5.4.1/../../../../arm-none-eabi/lib/armv7-m\libg_nano.a(lib_a-impure.o)
 .data._impure_ptr
                0x1fff8148        0x4 c:/program files (x86)/cypress/psoc creator/4.3/psoc creator/import/gnu/arm/5.4.1/bin/../lib/gcc/arm-none-eabi/5.4.1/../../../../arm-none-eabi/lib/armv7-m\libg_nano.a(lib_a-impure.o)
                0x1fff8148                _impure_ptr
                0x1fff8150                . = ALIGN (0x8)
 *fill*         0x1fff814c        0x4 
 *(.ram)
                0x1fff8150                _edata = .

.igot.plt       0x1fff8150        0x0 load address 0x00005bc8
 .igot.plt      0x1fff8150        0x0 c:/program files (x86)/cypress/psoc creator/4.3/psoc creator/import/gnu/arm/5.4.1/bin/../lib/gcc/arm-none-eabi/5.4.1/armv7-m/crtbegin.o

.bss            0x1fff8150      0x350 load address 0x00005bc8
                0x1fff8150                PROVIDE (__bss_start__, .)
 *(.shbss)
 *(.bss .bss.* .gnu.linkonce.b.*)
 .bss           0x1fff8150       0x1c c:/program files (x86)/cypress/psoc creator/4.3/psoc creator/import/gnu/arm/5.4.1/bin/../lib/gcc/arm-none-eabi/5.4.1/armv7-m/crtbegin.o
 .bss           0x1fff816c        0x4 .\CortexM3\ARM_GCC_541\Debug\InterruptRoutines.o
                0x1fff816c                PB_PRESSED
                0x1fff816e                TIMER_COUNTER
 .bss           0x1fff8170        0x2 .\CortexM3\ARM_GCC_541\Debug\ASSIGNMENT_finale_4.a(UART.o)
                0x1fff8170                UART_initVar
 .bss           0x1fff8172        0x1 .\CortexM3\ARM_GCC_541\Debug\ASSIGNMENT_finale_4.a(I2C_Master.o)
                0x1fff8172                I2C_Master_initVar
 .bss           0x1fff8173        0x1 .\CortexM3\ARM_GCC_541\Debug\ASSIGNMENT_finale_4.a(SPIM_1.o)
                0x1fff8173                SPIM_1_initVar
 .bss           0x1fff8174        0x1 .\CortexM3\ARM_GCC_541\Debug\ASSIGNMENT_finale_4.a(Timer_PB.o)
                0x1fff8174                Timer_PB_initVar
 *fill*         0x1fff8175        0x3 
 .bss           0x1fff8178        0xc .\CortexM3\ARM_GCC_541\Debug\ASSIGNMENT_finale_4.a(ADC.o)
                0x1fff817c                ADC_stopConversion
                0x1fff817d                ADC_convDone
                0x1fff817e                ADC_initVar
                0x1fff817f                ADC_started
                0x1fff8180                ADC_Offset
 .bss           0x1fff8184        0x1 .\CortexM3\ARM_GCC_541\Debug\ASSIGNMENT_finale_4.a(PWM.o)
                0x1fff8184                PWM_initVar
 .bss           0x1fff8185        0x1 .\CortexM3\ARM_GCC_541\Debug\ASSIGNMENT_finale_4.a(Timer_sensor.o)
                0x1fff8185                Timer_sensor_initVar
 *fill*         0x1fff8186        0x2 
 .bss.__malloc_sbrk_start
                0x1fff8188        0x4 c:/program files (x86)/cypress/psoc creator/4.3/psoc creator/import/gnu/arm/5.4.1/bin/../lib/gcc/arm-none-eabi/5.4.1/../../../../arm-none-eabi/lib/armv7-m\libg_nano.a(lib_a-nano-mallocr.o)
                0x1fff8188                __malloc_sbrk_start
 .bss.__malloc_free_list
                0x1fff818c        0x4 c:/program files (x86)/cypress/psoc creator/4.3/psoc creator/import/gnu/arm/5.4.1/bin/../lib/gcc/arm-none-eabi/5.4.1/../../../../arm-none-eabi/lib/armv7-m\libg_nano.a(lib_a-nano-mallocr.o)
                0x1fff818c                __malloc_free_list
 *(COMMON)
 COMMON         0x1fff8190      0x2a1 .\CortexM3\ARM_GCC_541\Debug\main.o
                0x1fff8190                SensData
                0x1fff81d0                elapsed_time
                0x1fff81d2                OPTION_AS
                0x1fff81d3                SETUP_BS_CHANGED
                0x1fff81d4                AccData
                0x1fff8294                AccData2
                0x1fff8354                OPTION_FSR
                0x1fff8358                elapsed_time_string
                0x1fff8398                FlagFifo
                0x1fff8399                push_button_event
                0x1fff839a                SETUP_SF
                0x1fff839b                summary_ready
                0x1fff839c                FLAG_AS
                0x1fff839d                OPTION_SF
                0x1fff83a0                SensBytes_old
                0x1fff83e0                counter_timer
                0x1fff83e1                CountSensor
                0x1fff83e2                SETUP_FSR
                0x1fff83e3                SensorDataReady
                0x1fff83e4                SETUP_AS_CHANGED
                0x1fff83e5                FLAG_FSR
                0x1fff83e6                StartAcquisition_flag
                0x1fff83e7                full_or_empty
                0x1fff83e8                SETUP_SF_CHANGED
                0x1fff83e9                StartStream_flag
                0x1fff83ea                Sensitivity
                0x1fff83ec                FLAG_SF
                0x1fff83ed                FLAG_BS
                0x1fff83f0                SensBytes
                0x1fff8430                SETUP_FSR_CHANGED
 COMMON         0x1fff8431        0x2 .\CortexM3\ARM_GCC_541\Debug\InterruptRoutines.o
                0x1fff8431                ch_receveid
                0x1fff8432                error
 COMMON         0x1fff8433        0x1 .\CortexM3\ARM_GCC_541\Debug\ASSIGNMENT_finale_4.a(I2C_Master.o)
                0x1fff8433                I2C_Master_state
 COMMON         0x1fff8434        0xf .\CortexM3\ARM_GCC_541\Debug\ASSIGNMENT_finale_4.a(I2C_Master_MASTER.o)
                0x1fff8434                I2C_Master_mstrRdBufIndex
                0x1fff8435                I2C_Master_mstrWrBufIndex
                0x1fff8436                I2C_Master_mstrWrBufSize
                0x1fff8438                I2C_Master_mstrWrBufPtr
                0x1fff843c                I2C_Master_mstrRdBufPtr
                0x1fff8440                I2C_Master_mstrControl
                0x1fff8441                I2C_Master_mstrStatus
                0x1fff8442                I2C_Master_mstrRdBufSize
 *fill*         0x1fff8443        0x1 
 COMMON         0x1fff8444       0x54 .\CortexM3\ARM_GCC_541\Debug\ASSIGNMENT_finale_4.a(SPIM_1.o)
                0x1fff8444                SPIM_1_swStatusTx
                0x1fff8448                SPIM_1_txBuffer
                0x1fff8488                SPIM_1_txBufferFull
                0x1fff8489                SPIM_1_rxBufferWrite
                0x1fff848a                SPIM_1_rxBufferFull
                0x1fff848b                SPIM_1_rxBufferRead
                0x1fff848c                SPIM_1_txBufferWrite
                0x1fff848d                SPIM_1_swStatusRx
                0x1fff848e                SPIM_1_txBufferRead
                0x1fff8490                SPIM_1_rxBuffer
 COMMON         0x1fff8498        0x4 .\CortexM3\ARM_GCC_541\Debug\ASSIGNMENT_finale_4.a(ADC.o)
                0x1fff8498                ADC_CountsPerVolt
 COMMON         0x1fff849c        0x4 c:/program files (x86)/cypress/psoc creator/4.3/psoc creator/import/gnu/arm/5.4.1/bin/../lib/gcc/arm-none-eabi/5.4.1/../../../../arm-none-eabi/lib/armv7-m\libg_nano.a(lib_a-reent.o)
                0x1fff849c                errno
                0x1fff84a0                . = ALIGN (0x8)
 *(.ram.b)
                0x1fff84a0                _end = .
                0x1fff84a0                __end = .
                0x1fff84a0                PROVIDE (end, .)
                0x1fff84a0                PROVIDE (__bss_end__, .)
                0x00005b40                __cy_region_init_ram = LOADADDR (.data)
                0x00000088                __cy_region_init_size_ram = (_edata - ADDR (.data))
                0x00000350                __cy_region_zero_size_ram = (_end - _edata)

.heap           0x1fff84a0       0x80 load address 0x00005bc8
                0x1fff84a0                . = _end
                0x1fff8520                . = (. + 0x80)
 *fill*         0x1fff84a0       0x80 
                0x1fff8520                __cy_heap_limit = .

.stack          0x20007800      0x800
                0x20007800                __cy_stack_limit = .
                0x20008000                . = (. + 0x800)
 *fill*         0x20007800      0x800 
                0x00000001                ASSERT ((__cy_stack_limit >= __cy_heap_limit), region RAM overflowed with stack)
                0x00000000                cy_checksum_exclude_size = (CY_APPL_LOADABLE == 0x1)?SIZEOF (.cy_checksum_exclude):0x0
                0x00000001                ASSERT ((cy_checksum_exclude_size <= CY_CHECKSUM_EXCLUDE_SIZE), CY_BOOT: Section .cy_checksum_exclude size exceedes specified limit.)

.cyloadermeta
 *(.cyloadermeta)

.cyloadablemeta
 *(.cyloadablemeta)

.cyconfigecc    0x80000000      0x804
 *(.cyconfigecc)
 .cyconfigecc   0x80000000      0x804 .\CortexM3\ARM_GCC_541\Debug\cymetadata.o
                0x80000000                cy_meta_configecc

.cycustnvl      0x90000000        0x4
 *(.cycustnvl)
 .cycustnvl     0x90000000        0x4 .\CortexM3\ARM_GCC_541\Debug\cymetadata.o
                0x90000000                cy_meta_custnvl

.cywolatch      0x90100000        0x4
 *(.cywolatch)
 .cywolatch     0x90100000        0x4 .\CortexM3\ARM_GCC_541\Debug\cymetadata.o
                0x90100000                cy_meta_wonvl

.cyeeprom       0x90200000        0x0
 *(.cyeeprom)
                0x00000001                ASSERT ((. <= ((0x90200000 + ee_offset) + ee_size)), .cyeeprom data will not fit in EEPROM)

.cyflashprotect
                0x90400000      0x100
 *(.cyflashprotect)
 .cyflashprotect
                0x90400000      0x100 .\CortexM3\ARM_GCC_541\Debug\cymetadata.o
                0x90400000                cy_meta_flashprotect

.cymeta         0x90500000        0xc
 *(.cymeta)
 .cymeta        0x90500000        0xc .\CortexM3\ARM_GCC_541\Debug\cymetadata.o
                0x90500000                cy_metadata

.rel.dyn        0x00005bc8        0x0 load address 0x9050000c
 .rel.iplt      0x00005bc8        0x0 c:/program files (x86)/cypress/psoc creator/4.3/psoc creator/import/gnu/arm/5.4.1/bin/../lib/gcc/arm-none-eabi/5.4.1/armv7-m/crtbegin.o

.stab
 *(.stab)

.stabstr
 *(.stabstr)

.debug
 *(.debug)

.line
 *(.line)

.debug_srcinfo
 *(.debug_srcinfo)

.debug_sfnames
 *(.debug_sfnames)

.debug_aranges  0x00000000     0x11a8
 *(.debug_aranges)
 .debug_aranges
                0x00000000       0x20 .\CortexM3\ARM_GCC_541\Debug\main.o
 .debug_aranges
                0x00000020       0x38 .\CortexM3\ARM_GCC_541\Debug\SPI_Interface.o
 .debug_aranges
                0x00000058       0x58 .\CortexM3\ARM_GCC_541\Debug\InterruptRoutines.o
 .debug_aranges
                0x000000b0       0x50 .\CortexM3\ARM_GCC_541\Debug\I2C_Interface.o
 .debug_aranges
                0x00000100       0x50 .\CortexM3\ARM_GCC_541\Debug\25LC256.o
 .debug_aranges
                0x00000150       0x30 .\CortexM3\ARM_GCC_541\Debug\Pages.o
 .debug_aranges
                0x00000180       0x78 .\CortexM3\ARM_GCC_541\Debug\cyfitter_cfg.o
 .debug_aranges
                0x000001f8       0x18 .\CortexM3\ARM_GCC_541\Debug\cymetadata.o
 .debug_aranges
                0x00000210       0x48 .\CortexM3\ARM_GCC_541\Debug\Cm3Start.o
 .debug_aranges
                0x00000258       0xf0 .\CortexM3\ARM_GCC_541\Debug\ASSIGNMENT_finale_4.a(UART.o)
 .debug_aranges
                0x00000348       0x38 .\CortexM3\ARM_GCC_541\Debug\ASSIGNMENT_finale_4.a(I2C_Master.o)
 .debug_aranges
                0x00000380       0x20 .\CortexM3\ARM_GCC_541\Debug\ASSIGNMENT_finale_4.a(I2C_Master_INT.o)
 .debug_aranges
                0x000003a0       0x38 .\CortexM3\ARM_GCC_541\Debug\ASSIGNMENT_finale_4.a(I2C_Master_PM.o)
 .debug_aranges
                0x000003d8       0x80 .\CortexM3\ARM_GCC_541\Debug\ASSIGNMENT_finale_4.a(I2C_Master_MASTER.o)
 .debug_aranges
                0x00000458       0x38 .\CortexM3\ARM_GCC_541\Debug\ASSIGNMENT_finale_4.a(CS_1.o)
 .debug_aranges
                0x00000490       0x30 .\CortexM3\ARM_GCC_541\Debug\ASSIGNMENT_finale_4.a(AMux.o)
 .debug_aranges
                0x000004c0       0x80 .\CortexM3\ARM_GCC_541\Debug\ASSIGNMENT_finale_4.a(isr_FIFO.o)
 .debug_aranges
                0x00000540       0x70 .\CortexM3\ARM_GCC_541\Debug\ASSIGNMENT_finale_4.a(UART_IntClock.o)
 .debug_aranges
                0x000005b0      0x2a0 .\CortexM3\ARM_GCC_541\Debug\ASSIGNMENT_finale_4.a(CyLib.o)
 .debug_aranges
                0x00000850       0x98 .\CortexM3\ARM_GCC_541\Debug\ASSIGNMENT_finale_4.a(cyPm.o)
 .debug_aranges
                0x000008e8       0xd8 .\CortexM3\ARM_GCC_541\Debug\ASSIGNMENT_finale_4.a(SPIM_1.o)
 .debug_aranges
                0x000009c0       0x28 .\CortexM3\ARM_GCC_541\Debug\ASSIGNMENT_finale_4.a(SPIM_1_INT.o)
 .debug_aranges
                0x000009e8       0x70 .\CortexM3\ARM_GCC_541\Debug\ASSIGNMENT_finale_4.a(SPIM_1_IntClock.o)
 .debug_aranges
                0x00000a58       0x80 .\CortexM3\ARM_GCC_541\Debug\ASSIGNMENT_finale_4.a(ISR_PB_HIGH.o)
 .debug_aranges
                0x00000ad8       0x80 .\CortexM3\ARM_GCC_541\Debug\ASSIGNMENT_finale_4.a(ISR_PB_LOW.o)
 .debug_aranges
                0x00000b58       0x90 .\CortexM3\ARM_GCC_541\Debug\ASSIGNMENT_finale_4.a(Timer_PB.o)
 .debug_aranges
                0x00000be8       0xe8 .\CortexM3\ARM_GCC_541\Debug\ASSIGNMENT_finale_4.a(ADC.o)
 .debug_aranges
                0x00000cd0       0x38 .\CortexM3\ARM_GCC_541\Debug\ASSIGNMENT_finale_4.a(ADC_INT.o)
 .debug_aranges
                0x00000d08       0x38 .\CortexM3\ARM_GCC_541\Debug\ASSIGNMENT_finale_4.a(pin_LED_EXT.o)
 .debug_aranges
                0x00000d40       0x80 .\CortexM3\ARM_GCC_541\Debug\ASSIGNMENT_finale_4.a(isr_RX.o)
 .debug_aranges
                0x00000dc0       0x98 .\CortexM3\ARM_GCC_541\Debug\ASSIGNMENT_finale_4.a(PWM.o)
 .debug_aranges
                0x00000e58       0x88 .\CortexM3\ARM_GCC_541\Debug\ASSIGNMENT_finale_4.a(Timer_sensor.o)
 .debug_aranges
                0x00000ee0       0x80 .\CortexM3\ARM_GCC_541\Debug\ASSIGNMENT_finale_4.a(isr_TIMER.o)
 .debug_aranges
                0x00000f60       0x30 .\CortexM3\ARM_GCC_541\Debug\ASSIGNMENT_finale_4.a(ADC_AMux.o)
 .debug_aranges
                0x00000f90       0x70 .\CortexM3\ARM_GCC_541\Debug\ASSIGNMENT_finale_4.a(ADC_Ext_CP_Clk.o)
 .debug_aranges
                0x00001000       0x80 .\CortexM3\ARM_GCC_541\Debug\ASSIGNMENT_finale_4.a(ADC_theACLK.o)
 .debug_aranges
                0x00001080       0x20 .\CortexM3\ARM_GCC_541\Debug\ASSIGNMENT_finale_4.a(CyBootAsmGnu.o)
 .debug_aranges
                0x000010a0       0x88 .\CortexM3\ARM_GCC_541\Debug\ASSIGNMENT_finale_4.a(CyFlash.o)
 .debug_aranges
                0x00001128       0x80 .\CortexM3\ARM_GCC_541\Debug\ASSIGNMENT_finale_4.a(CySpc.o)

.debug_pubnames
 *(.debug_pubnames)

.debug_info     0x00000000     0xb4e0
 *(.debug_info .gnu.linkonce.wi.*)
 .debug_info    0x00000000     0x1362 .\CortexM3\ARM_GCC_541\Debug\main.o
 .debug_info    0x00001362      0x3d4 .\CortexM3\ARM_GCC_541\Debug\SPI_Interface.o
 .debug_info    0x00001736      0xaa8 .\CortexM3\ARM_GCC_541\Debug\InterruptRoutines.o
 .debug_info    0x000021de      0x4bd .\CortexM3\ARM_GCC_541\Debug\I2C_Interface.o
 .debug_info    0x0000269b      0x3b4 .\CortexM3\ARM_GCC_541\Debug\25LC256.o
 .debug_info    0x00002a4f      0xa4e .\CortexM3\ARM_GCC_541\Debug\Pages.o
 .debug_info    0x0000349d      0x764 .\CortexM3\ARM_GCC_541\Debug\cyfitter_cfg.o
 .debug_info    0x00003c01      0x139 .\CortexM3\ARM_GCC_541\Debug\cymetadata.o
 .debug_info    0x00003d3a      0x3bb .\CortexM3\ARM_GCC_541\Debug\Cm3Start.o
 .debug_info    0x000040f5      0x60c .\CortexM3\ARM_GCC_541\Debug\ASSIGNMENT_finale_4.a(UART.o)
 .debug_info    0x00004701      0x2ad .\CortexM3\ARM_GCC_541\Debug\ASSIGNMENT_finale_4.a(I2C_Master.o)
 .debug_info    0x000049ae      0x184 .\CortexM3\ARM_GCC_541\Debug\ASSIGNMENT_finale_4.a(I2C_Master_INT.o)
 .debug_info    0x00004b32      0x207 .\CortexM3\ARM_GCC_541\Debug\ASSIGNMENT_finale_4.a(I2C_Master_PM.o)
 .debug_info    0x00004d39      0x407 .\CortexM3\ARM_GCC_541\Debug\ASSIGNMENT_finale_4.a(I2C_Master_MASTER.o)
 .debug_info    0x00005140      0x11f .\CortexM3\ARM_GCC_541\Debug\ASSIGNMENT_finale_4.a(CS_1.o)
 .debug_info    0x0000525f      0x165 .\CortexM3\ARM_GCC_541\Debug\ASSIGNMENT_finale_4.a(AMux.o)
 .debug_info    0x000053c4      0x2d2 .\CortexM3\ARM_GCC_541\Debug\ASSIGNMENT_finale_4.a(isr_FIFO.o)
 .debug_info    0x00005696      0x283 .\CortexM3\ARM_GCC_541\Debug\ASSIGNMENT_finale_4.a(UART_IntClock.o)
 .debug_info    0x00005919     0x1374 .\CortexM3\ARM_GCC_541\Debug\ASSIGNMENT_finale_4.a(CyLib.o)
 .debug_info    0x00006c8d      0xa2a .\CortexM3\ARM_GCC_541\Debug\ASSIGNMENT_finale_4.a(cyPm.o)
 .debug_info    0x000076b7      0x719 .\CortexM3\ARM_GCC_541\Debug\ASSIGNMENT_finale_4.a(SPIM_1.o)
 .debug_info    0x00007dd0      0x19d .\CortexM3\ARM_GCC_541\Debug\ASSIGNMENT_finale_4.a(SPIM_1_INT.o)
 .debug_info    0x00007f6d      0x283 .\CortexM3\ARM_GCC_541\Debug\ASSIGNMENT_finale_4.a(SPIM_1_IntClock.o)
 .debug_info    0x000081f0      0x2d2 .\CortexM3\ARM_GCC_541\Debug\ASSIGNMENT_finale_4.a(ISR_PB_HIGH.o)
 .debug_info    0x000084c2      0x2d2 .\CortexM3\ARM_GCC_541\Debug\ASSIGNMENT_finale_4.a(ISR_PB_LOW.o)
 .debug_info    0x00008794      0x2f0 .\CortexM3\ARM_GCC_541\Debug\ASSIGNMENT_finale_4.a(Timer_PB.o)
 .debug_info    0x00008a84      0xa19 .\CortexM3\ARM_GCC_541\Debug\ASSIGNMENT_finale_4.a(ADC.o)
 .debug_info    0x0000949d       0xd3 .\CortexM3\ARM_GCC_541\Debug\ASSIGNMENT_finale_4.a(ADC_INT.o)
 .debug_info    0x00009570      0x11f .\CortexM3\ARM_GCC_541\Debug\ASSIGNMENT_finale_4.a(pin_LED_EXT.o)
 .debug_info    0x0000968f      0x2d2 .\CortexM3\ARM_GCC_541\Debug\ASSIGNMENT_finale_4.a(isr_RX.o)
 .debug_info    0x00009961      0x331 .\CortexM3\ARM_GCC_541\Debug\ASSIGNMENT_finale_4.a(PWM.o)
 .debug_info    0x00009c92      0x295 .\CortexM3\ARM_GCC_541\Debug\ASSIGNMENT_finale_4.a(Timer_sensor.o)
 .debug_info    0x00009f27      0x2d2 .\CortexM3\ARM_GCC_541\Debug\ASSIGNMENT_finale_4.a(isr_TIMER.o)
 .debug_info    0x0000a1f9      0x165 .\CortexM3\ARM_GCC_541\Debug\ASSIGNMENT_finale_4.a(ADC_AMux.o)
 .debug_info    0x0000a35e      0x283 .\CortexM3\ARM_GCC_541\Debug\ASSIGNMENT_finale_4.a(ADC_Ext_CP_Clk.o)
 .debug_info    0x0000a5e1      0x2c4 .\CortexM3\ARM_GCC_541\Debug\ASSIGNMENT_finale_4.a(ADC_theACLK.o)
 .debug_info    0x0000a8a5       0x9e .\CortexM3\ARM_GCC_541\Debug\ASSIGNMENT_finale_4.a(CyBootAsmGnu.o)
 .debug_info    0x0000a943      0x64d .\CortexM3\ARM_GCC_541\Debug\ASSIGNMENT_finale_4.a(CyFlash.o)
 .debug_info    0x0000af90      0x550 .\CortexM3\ARM_GCC_541\Debug\ASSIGNMENT_finale_4.a(CySpc.o)

.debug_abbrev   0x00000000     0x2e46
 *(.debug_abbrev)
 .debug_abbrev  0x00000000      0x148 .\CortexM3\ARM_GCC_541\Debug\main.o
 .debug_abbrev  0x00000148      0x12b .\CortexM3\ARM_GCC_541\Debug\SPI_Interface.o
 .debug_abbrev  0x00000273      0x173 .\CortexM3\ARM_GCC_541\Debug\InterruptRoutines.o
 .debug_abbrev  0x000003e6       0xf5 .\CortexM3\ARM_GCC_541\Debug\I2C_Interface.o
 .debug_abbrev  0x000004db      0x11c .\CortexM3\ARM_GCC_541\Debug\25LC256.o
 .debug_abbrev  0x000005f7       0xe8 .\CortexM3\ARM_GCC_541\Debug\Pages.o
 .debug_abbrev  0x000006df      0x22d .\CortexM3\ARM_GCC_541\Debug\cyfitter_cfg.o
 .debug_abbrev  0x0000090c       0x77 .\CortexM3\ARM_GCC_541\Debug\cymetadata.o
 .debug_abbrev  0x00000983      0x1e8 .\CortexM3\ARM_GCC_541\Debug\Cm3Start.o
 .debug_abbrev  0x00000b6b      0x175 .\CortexM3\ARM_GCC_541\Debug\ASSIGNMENT_finale_4.a(UART.o)
 .debug_abbrev  0x00000ce0      0x10a .\CortexM3\ARM_GCC_541\Debug\ASSIGNMENT_finale_4.a(I2C_Master.o)
 .debug_abbrev  0x00000dea       0xb6 .\CortexM3\ARM_GCC_541\Debug\ASSIGNMENT_finale_4.a(I2C_Master_INT.o)
 .debug_abbrev  0x00000ea0       0xfe .\CortexM3\ARM_GCC_541\Debug\ASSIGNMENT_finale_4.a(I2C_Master_PM.o)
 .debug_abbrev  0x00000f9e      0x13c .\CortexM3\ARM_GCC_541\Debug\ASSIGNMENT_finale_4.a(I2C_Master_MASTER.o)
 .debug_abbrev  0x000010da       0x90 .\CortexM3\ARM_GCC_541\Debug\ASSIGNMENT_finale_4.a(CS_1.o)
 .debug_abbrev  0x0000116a       0xb1 .\CortexM3\ARM_GCC_541\Debug\ASSIGNMENT_finale_4.a(AMux.o)
 .debug_abbrev  0x0000121b      0x173 .\CortexM3\ARM_GCC_541\Debug\ASSIGNMENT_finale_4.a(isr_FIFO.o)
 .debug_abbrev  0x0000138e      0x139 .\CortexM3\ARM_GCC_541\Debug\ASSIGNMENT_finale_4.a(UART_IntClock.o)
 .debug_abbrev  0x000014c7      0x254 .\CortexM3\ARM_GCC_541\Debug\ASSIGNMENT_finale_4.a(CyLib.o)
 .debug_abbrev  0x0000171b      0x1ab .\CortexM3\ARM_GCC_541\Debug\ASSIGNMENT_finale_4.a(cyPm.o)
 .debug_abbrev  0x000018c6      0x162 .\CortexM3\ARM_GCC_541\Debug\ASSIGNMENT_finale_4.a(SPIM_1.o)
 .debug_abbrev  0x00001a28       0x8a .\CortexM3\ARM_GCC_541\Debug\ASSIGNMENT_finale_4.a(SPIM_1_INT.o)
 .debug_abbrev  0x00001ab2      0x139 .\CortexM3\ARM_GCC_541\Debug\ASSIGNMENT_finale_4.a(SPIM_1_IntClock.o)
 .debug_abbrev  0x00001beb      0x173 .\CortexM3\ARM_GCC_541\Debug\ASSIGNMENT_finale_4.a(ISR_PB_HIGH.o)
 .debug_abbrev  0x00001d5e      0x173 .\CortexM3\ARM_GCC_541\Debug\ASSIGNMENT_finale_4.a(ISR_PB_LOW.o)
 .debug_abbrev  0x00001ed1      0x12b .\CortexM3\ARM_GCC_541\Debug\ASSIGNMENT_finale_4.a(Timer_PB.o)
 .debug_abbrev  0x00001ffc      0x1eb .\CortexM3\ARM_GCC_541\Debug\ASSIGNMENT_finale_4.a(ADC.o)
 .debug_abbrev  0x000021e7       0x42 .\CortexM3\ARM_GCC_541\Debug\ASSIGNMENT_finale_4.a(ADC_INT.o)
 .debug_abbrev  0x00002229       0x90 .\CortexM3\ARM_GCC_541\Debug\ASSIGNMENT_finale_4.a(pin_LED_EXT.o)
 .debug_abbrev  0x000022b9      0x173 .\CortexM3\ARM_GCC_541\Debug\ASSIGNMENT_finale_4.a(isr_RX.o)
 .debug_abbrev  0x0000242c      0x133 .\CortexM3\ARM_GCC_541\Debug\ASSIGNMENT_finale_4.a(PWM.o)
 .debug_abbrev  0x0000255f      0x11a .\CortexM3\ARM_GCC_541\Debug\ASSIGNMENT_finale_4.a(Timer_sensor.o)
 .debug_abbrev  0x00002679      0x173 .\CortexM3\ARM_GCC_541\Debug\ASSIGNMENT_finale_4.a(isr_TIMER.o)
 .debug_abbrev  0x000027ec       0xb1 .\CortexM3\ARM_GCC_541\Debug\ASSIGNMENT_finale_4.a(ADC_AMux.o)
 .debug_abbrev  0x0000289d      0x139 .\CortexM3\ARM_GCC_541\Debug\ASSIGNMENT_finale_4.a(ADC_Ext_CP_Clk.o)
 .debug_abbrev  0x000029d6      0x121 .\CortexM3\ARM_GCC_541\Debug\ASSIGNMENT_finale_4.a(ADC_theACLK.o)
 .debug_abbrev  0x00002af7       0x14 .\CortexM3\ARM_GCC_541\Debug\ASSIGNMENT_finale_4.a(CyBootAsmGnu.o)
 .debug_abbrev  0x00002b0b      0x1a7 .\CortexM3\ARM_GCC_541\Debug\ASSIGNMENT_finale_4.a(CyFlash.o)
 .debug_abbrev  0x00002cb2      0x194 .\CortexM3\ARM_GCC_541\Debug\ASSIGNMENT_finale_4.a(CySpc.o)

.debug_line     0x00000000     0x48f0
 *(.debug_line)
 .debug_line    0x00000000      0x4b0 .\CortexM3\ARM_GCC_541\Debug\main.o
 .debug_line    0x000004b0      0x1f4 .\CortexM3\ARM_GCC_541\Debug\SPI_Interface.o
 .debug_line    0x000006a4      0x46b .\CortexM3\ARM_GCC_541\Debug\InterruptRoutines.o
 .debug_line    0x00000b0f      0x208 .\CortexM3\ARM_GCC_541\Debug\I2C_Interface.o
 .debug_line    0x00000d17      0x1e9 .\CortexM3\ARM_GCC_541\Debug\25LC256.o
 .debug_line    0x00000f00      0x21f .\CortexM3\ARM_GCC_541\Debug\Pages.o
 .debug_line    0x0000111f      0x259 .\CortexM3\ARM_GCC_541\Debug\cyfitter_cfg.o
 .debug_line    0x00001378      0x141 .\CortexM3\ARM_GCC_541\Debug\cymetadata.o
 .debug_line    0x000014b9      0x234 .\CortexM3\ARM_GCC_541\Debug\Cm3Start.o
 .debug_line    0x000016ed      0x2bc .\CortexM3\ARM_GCC_541\Debug\ASSIGNMENT_finale_4.a(UART.o)
 .debug_line    0x000019a9       0xee .\CortexM3\ARM_GCC_541\Debug\ASSIGNMENT_finale_4.a(I2C_Master.o)
 .debug_line    0x00001a97      0x122 .\CortexM3\ARM_GCC_541\Debug\ASSIGNMENT_finale_4.a(I2C_Master_INT.o)
 .debug_line    0x00001bb9       0xc9 .\CortexM3\ARM_GCC_541\Debug\ASSIGNMENT_finale_4.a(I2C_Master_PM.o)
 .debug_line    0x00001c82      0x20b .\CortexM3\ARM_GCC_541\Debug\ASSIGNMENT_finale_4.a(I2C_Master_MASTER.o)
 .debug_line    0x00001e8d       0x91 .\CortexM3\ARM_GCC_541\Debug\ASSIGNMENT_finale_4.a(CS_1.o)
 .debug_line    0x00001f1e       0xa8 .\CortexM3\ARM_GCC_541\Debug\ASSIGNMENT_finale_4.a(AMux.o)
 .debug_line    0x00001fc6      0x135 .\CortexM3\ARM_GCC_541\Debug\ASSIGNMENT_finale_4.a(isr_FIFO.o)
 .debug_line    0x000020fb      0x17c .\CortexM3\ARM_GCC_541\Debug\ASSIGNMENT_finale_4.a(UART_IntClock.o)
 .debug_line    0x00002277      0x816 .\CortexM3\ARM_GCC_541\Debug\ASSIGNMENT_finale_4.a(CyLib.o)
 .debug_line    0x00002a8d      0x367 .\CortexM3\ARM_GCC_541\Debug\ASSIGNMENT_finale_4.a(cyPm.o)
 .debug_line    0x00002df4      0x29e .\CortexM3\ARM_GCC_541\Debug\ASSIGNMENT_finale_4.a(SPIM_1.o)
 .debug_line    0x00003092       0xaa .\CortexM3\ARM_GCC_541\Debug\ASSIGNMENT_finale_4.a(SPIM_1_INT.o)
 .debug_line    0x0000313c      0x17e .\CortexM3\ARM_GCC_541\Debug\ASSIGNMENT_finale_4.a(SPIM_1_IntClock.o)
 .debug_line    0x000032ba      0x138 .\CortexM3\ARM_GCC_541\Debug\ASSIGNMENT_finale_4.a(ISR_PB_HIGH.o)
 .debug_line    0x000033f2      0x137 .\CortexM3\ARM_GCC_541\Debug\ASSIGNMENT_finale_4.a(ISR_PB_LOW.o)
 .debug_line    0x00003529      0x173 .\CortexM3\ARM_GCC_541\Debug\ASSIGNMENT_finale_4.a(Timer_PB.o)
 .debug_line    0x0000369c      0x350 .\CortexM3\ARM_GCC_541\Debug\ASSIGNMENT_finale_4.a(ADC.o)
 .debug_line    0x000039ec       0x80 .\CortexM3\ARM_GCC_541\Debug\ASSIGNMENT_finale_4.a(ADC_INT.o)
 .debug_line    0x00003a6c       0x98 .\CortexM3\ARM_GCC_541\Debug\ASSIGNMENT_finale_4.a(pin_LED_EXT.o)
 .debug_line    0x00003b04      0x133 .\CortexM3\ARM_GCC_541\Debug\ASSIGNMENT_finale_4.a(isr_RX.o)
 .debug_line    0x00003c37      0x183 .\CortexM3\ARM_GCC_541\Debug\ASSIGNMENT_finale_4.a(PWM.o)
 .debug_line    0x00003dba      0x15a .\CortexM3\ARM_GCC_541\Debug\ASSIGNMENT_finale_4.a(Timer_sensor.o)
 .debug_line    0x00003f14      0x136 .\CortexM3\ARM_GCC_541\Debug\ASSIGNMENT_finale_4.a(isr_TIMER.o)
 .debug_line    0x0000404a       0xac .\CortexM3\ARM_GCC_541\Debug\ASSIGNMENT_finale_4.a(ADC_AMux.o)
 .debug_line    0x000040f6      0x17d .\CortexM3\ARM_GCC_541\Debug\ASSIGNMENT_finale_4.a(ADC_Ext_CP_Clk.o)
 .debug_line    0x00004273      0x19d .\CortexM3\ARM_GCC_541\Debug\ASSIGNMENT_finale_4.a(ADC_theACLK.o)
 .debug_line    0x00004410       0x66 .\CortexM3\ARM_GCC_541\Debug\ASSIGNMENT_finale_4.a(CyBootAsmGnu.o)
 .debug_line    0x00004476      0x21a .\CortexM3\ARM_GCC_541\Debug\ASSIGNMENT_finale_4.a(CyFlash.o)
 .debug_line    0x00004690      0x260 .\CortexM3\ARM_GCC_541\Debug\ASSIGNMENT_finale_4.a(CySpc.o)

.debug_frame    0x00000000     0x2de8
 *(.debug_frame)
 .debug_frame   0x00000000       0x44 .\CortexM3\ARM_GCC_541\Debug\main.o
 .debug_frame   0x00000044       0x88 .\CortexM3\ARM_GCC_541\Debug\SPI_Interface.o
 .debug_frame   0x000000cc       0xfc .\CortexM3\ARM_GCC_541\Debug\InterruptRoutines.o
 .debug_frame   0x000001c8       0xfc .\CortexM3\ARM_GCC_541\Debug\I2C_Interface.o
 .debug_frame   0x000002c4       0xf8 .\CortexM3\ARM_GCC_541\Debug\25LC256.o
 .debug_frame   0x000003bc       0x70 .\CortexM3\ARM_GCC_541\Debug\Pages.o
 .debug_frame   0x0000042c      0x13c .\CortexM3\ARM_GCC_541\Debug\cyfitter_cfg.o
 .debug_frame   0x00000568       0xb8 .\CortexM3\ARM_GCC_541\Debug\Cm3Start.o
 .debug_frame   0x00000620      0x250 .\CortexM3\ARM_GCC_541\Debug\ASSIGNMENT_finale_4.a(UART.o)
 .debug_frame   0x00000870       0x94 .\CortexM3\ARM_GCC_541\Debug\ASSIGNMENT_finale_4.a(I2C_Master.o)
 .debug_frame   0x00000904       0x30 .\CortexM3\ARM_GCC_541\Debug\ASSIGNMENT_finale_4.a(I2C_Master_INT.o)
 .debug_frame   0x00000934       0x74 .\CortexM3\ARM_GCC_541\Debug\ASSIGNMENT_finale_4.a(I2C_Master_PM.o)
 .debug_frame   0x000009a8      0x138 .\CortexM3\ARM_GCC_541\Debug\ASSIGNMENT_finale_4.a(I2C_Master_MASTER.o)
 .debug_frame   0x00000ae0       0x50 .\CortexM3\ARM_GCC_541\Debug\ASSIGNMENT_finale_4.a(CS_1.o)
 .debug_frame   0x00000b30       0x64 .\CortexM3\ARM_GCC_541\Debug\ASSIGNMENT_finale_4.a(AMux.o)
 .debug_frame   0x00000b94      0x104 .\CortexM3\ARM_GCC_541\Debug\ASSIGNMENT_finale_4.a(isr_FIFO.o)
 .debug_frame   0x00000c98       0xe0 .\CortexM3\ARM_GCC_541\Debug\ASSIGNMENT_finale_4.a(UART_IntClock.o)
 .debug_frame   0x00000d78      0x738 .\CortexM3\ARM_GCC_541\Debug\ASSIGNMENT_finale_4.a(CyLib.o)
 .debug_frame   0x000014b0      0x1f8 .\CortexM3\ARM_GCC_541\Debug\ASSIGNMENT_finale_4.a(cyPm.o)
 .debug_frame   0x000016a8      0x260 .\CortexM3\ARM_GCC_541\Debug\ASSIGNMENT_finale_4.a(SPIM_1.o)
 .debug_frame   0x00001908       0x30 .\CortexM3\ARM_GCC_541\Debug\ASSIGNMENT_finale_4.a(SPIM_1_INT.o)
 .debug_frame   0x00001938       0xe0 .\CortexM3\ARM_GCC_541\Debug\ASSIGNMENT_finale_4.a(SPIM_1_IntClock.o)
 .debug_frame   0x00001a18      0x104 .\CortexM3\ARM_GCC_541\Debug\ASSIGNMENT_finale_4.a(ISR_PB_HIGH.o)
 .debug_frame   0x00001b1c      0x104 .\CortexM3\ARM_GCC_541\Debug\ASSIGNMENT_finale_4.a(ISR_PB_LOW.o)
 .debug_frame   0x00001c20      0x124 .\CortexM3\ARM_GCC_541\Debug\ASSIGNMENT_finale_4.a(Timer_PB.o)
 .debug_frame   0x00001d44      0x284 .\CortexM3\ARM_GCC_541\Debug\ASSIGNMENT_finale_4.a(ADC.o)
 .debug_frame   0x00001fc8       0x50 .\CortexM3\ARM_GCC_541\Debug\ASSIGNMENT_finale_4.a(ADC_INT.o)
 .debug_frame   0x00002018       0x50 .\CortexM3\ARM_GCC_541\Debug\ASSIGNMENT_finale_4.a(pin_LED_EXT.o)
 .debug_frame   0x00002068      0x104 .\CortexM3\ARM_GCC_541\Debug\ASSIGNMENT_finale_4.a(isr_RX.o)
 .debug_frame   0x0000216c      0x134 .\CortexM3\ARM_GCC_541\Debug\ASSIGNMENT_finale_4.a(PWM.o)
 .debug_frame   0x000022a0      0x108 .\CortexM3\ARM_GCC_541\Debug\ASSIGNMENT_finale_4.a(Timer_sensor.o)
 .debug_frame   0x000023a8      0x104 .\CortexM3\ARM_GCC_541\Debug\ASSIGNMENT_finale_4.a(isr_TIMER.o)
 .debug_frame   0x000024ac       0x64 .\CortexM3\ARM_GCC_541\Debug\ASSIGNMENT_finale_4.a(ADC_AMux.o)
 .debug_frame   0x00002510       0xe0 .\CortexM3\ARM_GCC_541\Debug\ASSIGNMENT_finale_4.a(ADC_Ext_CP_Clk.o)
 .debug_frame   0x000025f0      0x100 .\CortexM3\ARM_GCC_541\Debug\ASSIGNMENT_finale_4.a(ADC_theACLK.o)
 .debug_frame   0x000026f0      0x194 .\CortexM3\ARM_GCC_541\Debug\ASSIGNMENT_finale_4.a(CyFlash.o)
 .debug_frame   0x00002884      0x180 .\CortexM3\ARM_GCC_541\Debug\ASSIGNMENT_finale_4.a(CySpc.o)
 .debug_frame   0x00002a04       0x20 c:/program files (x86)/cypress/psoc creator/4.3/psoc creator/import/gnu/arm/5.4.1/bin/../lib/gcc/arm-none-eabi/5.4.1/../../../../arm-none-eabi/lib/armv7-m\libg_nano.a(lib_a-errno.o)
 .debug_frame   0x00002a24       0x28 c:/program files (x86)/cypress/psoc creator/4.3/psoc creator/import/gnu/arm/5.4.1/bin/../lib/gcc/arm-none-eabi/5.4.1/../../../../arm-none-eabi/lib/armv7-m\libg_nano.a(lib_a-exit.o)
 .debug_frame   0x00002a4c       0x2c c:/program files (x86)/cypress/psoc creator/4.3/psoc creator/import/gnu/arm/5.4.1/bin/../lib/gcc/arm-none-eabi/5.4.1/../../../../arm-none-eabi/lib/armv7-m\libg_nano.a(lib_a-init.o)
 .debug_frame   0x00002a78       0x28 c:/program files (x86)/cypress/psoc creator/4.3/psoc creator/import/gnu/arm/5.4.1/bin/../lib/gcc/arm-none-eabi/5.4.1/../../../../arm-none-eabi/lib/armv7-m\libg_nano.a(lib_a-memcpy-stub.o)
 .debug_frame   0x00002aa0       0x20 c:/program files (x86)/cypress/psoc creator/4.3/psoc creator/import/gnu/arm/5.4.1/bin/../lib/gcc/arm-none-eabi/5.4.1/../../../../arm-none-eabi/lib/armv7-m\libg_nano.a(lib_a-memset.o)
 .debug_frame   0x00002ac0       0x70 c:/program files (x86)/cypress/psoc creator/4.3/psoc creator/import/gnu/arm/5.4.1/bin/../lib/gcc/arm-none-eabi/5.4.1/../../../../arm-none-eabi/lib/armv7-m\libg_nano.a(lib_a-sprintf.o)
 .debug_frame   0x00002b30       0x90 c:/program files (x86)/cypress/psoc creator/4.3/psoc creator/import/gnu/arm/5.4.1/bin/../lib/gcc/arm-none-eabi/5.4.1/../../../../arm-none-eabi/lib/armv7-m\libg_nano.a(lib_a-nano-svfprintf.o)
 .debug_frame   0x00002bc0       0x60 c:/program files (x86)/cypress/psoc creator/4.3/psoc creator/import/gnu/arm/5.4.1/bin/../lib/gcc/arm-none-eabi/5.4.1/../../../../arm-none-eabi/lib/armv7-m\libg_nano.a(lib_a-nano-vfprintf_i.o)
 .debug_frame   0x00002c20       0x28 c:/program files (x86)/cypress/psoc creator/4.3/psoc creator/import/gnu/arm/5.4.1/bin/../lib/gcc/arm-none-eabi/5.4.1/../../../../arm-none-eabi/lib/armv7-m\libg_nano.a(lib_a-memchr-stub.o)
 .debug_frame   0x00002c48       0x28 c:/program files (x86)/cypress/psoc creator/4.3/psoc creator/import/gnu/arm/5.4.1/bin/../lib/gcc/arm-none-eabi/5.4.1/../../../../arm-none-eabi/lib/armv7-m\libg_nano.a(lib_a-memmove.o)
 .debug_frame   0x00002c70       0x38 c:/program files (x86)/cypress/psoc creator/4.3/psoc creator/import/gnu/arm/5.4.1/bin/../lib/gcc/arm-none-eabi/5.4.1/../../../../arm-none-eabi/lib/armv7-m\libg_nano.a(lib_a-nano-freer.o)
 .debug_frame   0x00002ca8       0x2c c:/program files (x86)/cypress/psoc creator/4.3/psoc creator/import/gnu/arm/5.4.1/bin/../lib/gcc/arm-none-eabi/5.4.1/../../../../arm-none-eabi/lib/armv7-m\libg_nano.a(lib_a-nano-mallocr.o)
 .debug_frame   0x00002cd4       0x3c c:/program files (x86)/cypress/psoc creator/4.3/psoc creator/import/gnu/arm/5.4.1/bin/../lib/gcc/arm-none-eabi/5.4.1/../../../../arm-none-eabi/lib/armv7-m\libg_nano.a(lib_a-nano-reallocr.o)
 .debug_frame   0x00002d10       0x2c c:/program files (x86)/cypress/psoc creator/4.3/psoc creator/import/gnu/arm/5.4.1/bin/../lib/gcc/arm-none-eabi/5.4.1/../../../../arm-none-eabi/lib/armv7-m\libg_nano.a(lib_a-sbrkr.o)
 .debug_frame   0x00002d3c       0x30 c:/program files (x86)/cypress/psoc creator/4.3/psoc creator/import/gnu/arm/5.4.1/bin/../lib/gcc/arm-none-eabi/5.4.1/../../../../arm-none-eabi/lib/armv7-m\libg_nano.a(lib_a-mlock.o)
 .debug_frame   0x00002d6c       0x20 c:/program files (x86)/cypress/psoc creator/4.3/psoc creator/import/gnu/arm/5.4.1/bin/../lib/gcc/arm-none-eabi/5.4.1/../../../../arm-none-eabi/lib/armv7-m\libg_nano.a(lib_a-nano-msizer.o)
 .debug_frame   0x00002d8c       0x5c c:/program files (x86)/cypress/psoc creator/4.3/psoc creator/import/gnu/arm/5.4.1/bin/../lib/gcc/arm-none-eabi/5.4.1/../../../../arm-none-eabi/lib/armv7-m\libg_nano.a(lib_a-reent.o)

.debug_str      0x00000000     0x37cb
 *(.debug_str)
 .debug_str     0x00000000      0x61b .\CortexM3\ARM_GCC_541\Debug\main.o
                                0x6a4 (size before relaxing)
 .debug_str     0x0000061b      0x148 .\CortexM3\ARM_GCC_541\Debug\SPI_Interface.o
                                0x301 (size before relaxing)
 .debug_str     0x00000763      0x1c7 .\CortexM3\ARM_GCC_541\Debug\InterruptRoutines.o
                                0x63f (size before relaxing)
 .debug_str     0x0000092a      0x162 .\CortexM3\ARM_GCC_541\Debug\I2C_Interface.o
                                0x374 (size before relaxing)
 .debug_str     0x00000a8c       0x5c .\CortexM3\ARM_GCC_541\Debug\25LC256.o
                                0x2ce (size before relaxing)
 .debug_str     0x00000ae8       0x11 .\CortexM3\ARM_GCC_541\Debug\Pages.o
                                0x3dc (size before relaxing)
 .debug_str     0x00000af9      0x1ee .\CortexM3\ARM_GCC_541\Debug\cyfitter_cfg.o
                                0x3d2 (size before relaxing)
 .debug_str     0x00000ce7       0x75 .\CortexM3\ARM_GCC_541\Debug\cymetadata.o
                                0x1f2 (size before relaxing)
 .debug_str     0x00000d5c      0x144 .\CortexM3\ARM_GCC_541\Debug\Cm3Start.o
                                0x318 (size before relaxing)
 .debug_str     0x00000ea0      0x285 .\CortexM3\ARM_GCC_541\Debug\ASSIGNMENT_finale_4.a(UART.o)
                                0x483 (size before relaxing)
 .debug_str     0x00001125      0x13a .\CortexM3\ARM_GCC_541\Debug\ASSIGNMENT_finale_4.a(I2C_Master.o)
                                0x343 (size before relaxing)
 .debug_str     0x0000125f       0xb7 .\CortexM3\ARM_GCC_541\Debug\ASSIGNMENT_finale_4.a(I2C_Master_INT.o)
                                0x2ba (size before relaxing)
 .debug_str     0x00001316       0x79 .\CortexM3\ARM_GCC_541\Debug\ASSIGNMENT_finale_4.a(I2C_Master_PM.o)
                                0x2ca (size before relaxing)
 .debug_str     0x0000138f      0x14b .\CortexM3\ARM_GCC_541\Debug\ASSIGNMENT_finale_4.a(I2C_Master_MASTER.o)
                                0x453 (size before relaxing)
 .debug_str     0x000014da       0x56 .\CortexM3\ARM_GCC_541\Debug\ASSIGNMENT_finale_4.a(CS_1.o)
                                0x1eb (size before relaxing)
 .debug_str     0x00001530       0x23 .\CortexM3\ARM_GCC_541\Debug\ASSIGNMENT_finale_4.a(AMux.o)
                                0x1f1 (size before relaxing)
 .debug_str     0x00001553      0x117 .\CortexM3\ARM_GCC_541\Debug\ASSIGNMENT_finale_4.a(isr_FIFO.o)
                                0x2de (size before relaxing)
 .debug_str     0x0000166a      0x183 .\CortexM3\ARM_GCC_541\Debug\ASSIGNMENT_finale_4.a(UART_IntClock.o)
                                0x344 (size before relaxing)
 .debug_str     0x000017ed      0x7ba .\CortexM3\ARM_GCC_541\Debug\ASSIGNMENT_finale_4.a(CyLib.o)
                                0xa55 (size before relaxing)
 .debug_str     0x00001fa7      0x365 .\CortexM3\ARM_GCC_541\Debug\ASSIGNMENT_finale_4.a(cyPm.o)
                                0x741 (size before relaxing)
 .debug_str     0x0000230c      0x278 .\CortexM3\ARM_GCC_541\Debug\ASSIGNMENT_finale_4.a(SPIM_1.o)
                                0x538 (size before relaxing)
 .debug_str     0x00002584       0x40 .\CortexM3\ARM_GCC_541\Debug\ASSIGNMENT_finale_4.a(SPIM_1_INT.o)
                                0x2a3 (size before relaxing)
 .debug_str     0x000025c4      0x14c .\CortexM3\ARM_GCC_541\Debug\ASSIGNMENT_finale_4.a(SPIM_1_IntClock.o)
                                0x35c (size before relaxing)
 .debug_str     0x00002710       0xff .\CortexM3\ARM_GCC_541\Debug\ASSIGNMENT_finale_4.a(ISR_PB_HIGH.o)
                                0x308 (size before relaxing)
 .debug_str     0x0000280f       0xf4 .\CortexM3\ARM_GCC_541\Debug\ASSIGNMENT_finale_4.a(ISR_PB_LOW.o)
                                0x2fa (size before relaxing)
 .debug_str     0x00002903      0x152 .\CortexM3\ARM_GCC_541\Debug\ASSIGNMENT_finale_4.a(Timer_PB.o)
                                0x37f (size before relaxing)
 .debug_str     0x00002a55      0x33f .\CortexM3\ARM_GCC_541\Debug\ASSIGNMENT_finale_4.a(ADC.o)
                                0x5d7 (size before relaxing)
 .debug_str     0x00002d94       0x45 .\CortexM3\ARM_GCC_541\Debug\ASSIGNMENT_finale_4.a(ADC_INT.o)
                                0x1ce (size before relaxing)
 .debug_str     0x00002dd9       0x67 .\CortexM3\ARM_GCC_541\Debug\ASSIGNMENT_finale_4.a(pin_LED_EXT.o)
                                0x20e (size before relaxing)
 .debug_str     0x00002e40       0xe5 .\CortexM3\ARM_GCC_541\Debug\ASSIGNMENT_finale_4.a(isr_RX.o)
                                0x2c2 (size before relaxing)
 .debug_str     0x00002f25      0x118 .\CortexM3\ARM_GCC_541\Debug\ASSIGNMENT_finale_4.a(PWM.o)
                                0x339 (size before relaxing)
 .debug_str     0x0000303d      0x14f .\CortexM3\ARM_GCC_541\Debug\ASSIGNMENT_finale_4.a(Timer_sensor.o)
                                0x373 (size before relaxing)
 .debug_str     0x0000318c      0x10c .\CortexM3\ARM_GCC_541\Debug\ASSIGNMENT_finale_4.a(isr_TIMER.o)
                                0x2ec (size before relaxing)
 .debug_str     0x00003298       0x5a .\CortexM3\ARM_GCC_541\Debug\ASSIGNMENT_finale_4.a(ADC_AMux.o)
                                0x20d (size before relaxing)
 .debug_str     0x000032f2      0x12a .\CortexM3\ARM_GCC_541\Debug\ASSIGNMENT_finale_4.a(ADC_Ext_CP_Clk.o)
                                0x350 (size before relaxing)
 .debug_str     0x0000341c      0x14f .\CortexM3\ARM_GCC_541\Debug\ASSIGNMENT_finale_4.a(ADC_theACLK.o)
                                0x36f (size before relaxing)
 .debug_str     0x0000356b      0x1b4 .\CortexM3\ARM_GCC_541\Debug\ASSIGNMENT_finale_4.a(CyFlash.o)
                                0x3ce (size before relaxing)
 .debug_str     0x0000371f       0xac .\CortexM3\ARM_GCC_541\Debug\ASSIGNMENT_finale_4.a(CySpc.o)
                                0x346 (size before relaxing)

.debug_loc      0x00000000     0x4055
 *(.debug_loc)
 .debug_loc     0x00000000      0x534 .\CortexM3\ARM_GCC_541\Debug\main.o
 .debug_loc     0x00000534      0x16c .\CortexM3\ARM_GCC_541\Debug\SPI_Interface.o
 .debug_loc     0x000006a0       0x7b .\CortexM3\ARM_GCC_541\Debug\InterruptRoutines.o
 .debug_loc     0x0000071b      0x328 .\CortexM3\ARM_GCC_541\Debug\I2C_Interface.o
 .debug_loc     0x00000a43      0x15a .\CortexM3\ARM_GCC_541\Debug\25LC256.o
 .debug_loc     0x00000b9d       0x3a .\CortexM3\ARM_GCC_541\Debug\Pages.o
 .debug_loc     0x00000bd7      0x379 .\CortexM3\ARM_GCC_541\Debug\cyfitter_cfg.o
 .debug_loc     0x00000f50      0x144 .\CortexM3\ARM_GCC_541\Debug\Cm3Start.o
 .debug_loc     0x00001094      0x258 .\CortexM3\ARM_GCC_541\Debug\ASSIGNMENT_finale_4.a(UART.o)
 .debug_loc     0x000012ec       0x39 .\CortexM3\ARM_GCC_541\Debug\ASSIGNMENT_finale_4.a(I2C_Master.o)
 .debug_loc     0x00001325       0x29 .\CortexM3\ARM_GCC_541\Debug\ASSIGNMENT_finale_4.a(I2C_Master_INT.o)
 .debug_loc     0x0000134e       0x13 .\CortexM3\ARM_GCC_541\Debug\ASSIGNMENT_finale_4.a(I2C_Master_PM.o)
 .debug_loc     0x00001361      0x52f .\CortexM3\ARM_GCC_541\Debug\ASSIGNMENT_finale_4.a(I2C_Master_MASTER.o)
 .debug_loc     0x00001890       0x42 .\CortexM3\ARM_GCC_541\Debug\ASSIGNMENT_finale_4.a(CS_1.o)
 .debug_loc     0x000018d2       0x6c .\CortexM3\ARM_GCC_541\Debug\ASSIGNMENT_finale_4.a(AMux.o)
 .debug_loc     0x0000193e       0x56 .\CortexM3\ARM_GCC_541\Debug\ASSIGNMENT_finale_4.a(isr_FIFO.o)
 .debug_loc     0x00001994      0x128 .\CortexM3\ARM_GCC_541\Debug\ASSIGNMENT_finale_4.a(UART_IntClock.o)
 .debug_loc     0x00001abc      0xa11 .\CortexM3\ARM_GCC_541\Debug\ASSIGNMENT_finale_4.a(CyLib.o)
 .debug_loc     0x000024cd      0x1e4 .\CortexM3\ARM_GCC_541\Debug\ASSIGNMENT_finale_4.a(cyPm.o)
 .debug_loc     0x000026b1      0x20d .\CortexM3\ARM_GCC_541\Debug\ASSIGNMENT_finale_4.a(SPIM_1.o)
 .debug_loc     0x000028be       0x74 .\CortexM3\ARM_GCC_541\Debug\ASSIGNMENT_finale_4.a(SPIM_1_INT.o)
 .debug_loc     0x00002932      0x128 .\CortexM3\ARM_GCC_541\Debug\ASSIGNMENT_finale_4.a(SPIM_1_IntClock.o)
 .debug_loc     0x00002a5a       0x56 .\CortexM3\ARM_GCC_541\Debug\ASSIGNMENT_finale_4.a(ISR_PB_HIGH.o)
 .debug_loc     0x00002ab0       0x56 .\CortexM3\ARM_GCC_541\Debug\ASSIGNMENT_finale_4.a(ISR_PB_LOW.o)
 .debug_loc     0x00002b06       0x13 .\CortexM3\ARM_GCC_541\Debug\ASSIGNMENT_finale_4.a(Timer_PB.o)
 .debug_loc     0x00002b19      0x68c .\CortexM3\ARM_GCC_541\Debug\ASSIGNMENT_finale_4.a(ADC.o)
 .debug_loc     0x000031a5       0x42 .\CortexM3\ARM_GCC_541\Debug\ASSIGNMENT_finale_4.a(pin_LED_EXT.o)
 .debug_loc     0x000031e7       0x56 .\CortexM3\ARM_GCC_541\Debug\ASSIGNMENT_finale_4.a(isr_RX.o)
 .debug_loc     0x0000323d       0x26 .\CortexM3\ARM_GCC_541\Debug\ASSIGNMENT_finale_4.a(PWM.o)
 .debug_loc     0x00003263       0x56 .\CortexM3\ARM_GCC_541\Debug\ASSIGNMENT_finale_4.a(isr_TIMER.o)
 .debug_loc     0x000032b9       0x6c .\CortexM3\ARM_GCC_541\Debug\ASSIGNMENT_finale_4.a(ADC_AMux.o)
 .debug_loc     0x00003325      0x12c .\CortexM3\ARM_GCC_541\Debug\ASSIGNMENT_finale_4.a(ADC_Ext_CP_Clk.o)
 .debug_loc     0x00003451      0x14d .\CortexM3\ARM_GCC_541\Debug\ASSIGNMENT_finale_4.a(ADC_theACLK.o)
 .debug_loc     0x0000359e      0x3b2 .\CortexM3\ARM_GCC_541\Debug\ASSIGNMENT_finale_4.a(CyFlash.o)
 .debug_loc     0x00003950      0x705 .\CortexM3\ARM_GCC_541\Debug\ASSIGNMENT_finale_4.a(CySpc.o)

.debug_macinfo
 *(.debug_macinfo)
